******************************************************************************
                  TI ARM Linker PC v16.9.4                     
******************************************************************************
>> Linked Wed Feb 14 22:44:59 2018

OUTPUT FILE NAME:   <udp_socket.out>
ENTRY POINT SYMBOL: "_c_int00"  address: 2000bff9


MEMORY CONFIGURATION

         name            origin    length      used     unused   attr    fill
----------------------  --------  ---------  --------  --------  ----  --------
  SRAM_CODE             20004000   00013000  0000915a  00009ea6  RW X
  SRAM_DATA             20017000   00019000  00001d14  000172ec  RW X


SEGMENT ALLOCATION MAP

run origin  load origin   length   init length attrs members
----------  ----------- ---------- ----------- ----- -------
20004000    20004000    00009160   00009160    r-x
  20004000    20004000    00000400   00000400    r-- .intvecs
  20004400    20004400    000086f0   000086f0    r-x .text
  2000caf0    2000caf0    0000060a   0000060a    r-- .const
  2000d100    2000d100    00000060   00000060    r-- .cinit
20017000    20017000    00001518   00000000    rw-
  20017000    20017000    00000c74   00000000    rw- .bss
  20017c78    20017c78    00000800   00000000    rw- .sysmem
  20018478    20018478    000000a0   00000000    rw- .data
2002f800    2002f800    00000800   00000000    rw-
  2002f800    2002f800    00000800   00000000    rw- .stack


SECTION ALLOCATION MAP

 output                                  attributes/
section   page    origin      length       input sections
--------  ----  ----------  ----------   ----------------
.intvecs   0    20004000    00000400     
                  20004000    00000400     startup_ccs.obj (.intvecs)

.init_array 
*          0    20004000    00000000     UNINITIALIZED

.text      0    20004400    000086f0     
                  20004400    000013a8     main.obj (.text)
                  200057a8    00001122     rtsv7M4_T_le_eabi.lib : _printfi.obj (.text)
                  200068ca    00000002     driverlib.a : interrupt.obj (.text:IntDefaultHandler)
                  200068cc    00000590     simplelink.a : driver.obj (.text:_SlDrvMsgRead)
                  20006e5c    000003d0     rtsv7M4_T_le_eabi.lib : memory.obj (.text)
                  2000722c    00000280     uart_if.obj (.text)
                  200074ac    0000027c     simplelink.a : wlan.obj (.text:sl_WlanConnect)
                  20007728    0000024c                  : driver.obj (.text:_SlDrvRxHdrRead)
                  20007974    000001f4     rtsv7M4_T_le_eabi.lib : ull_div_t2.obj (.text)
                  20007b68    000001e4     simplelink.a : driver.obj (.text:_SlDrvDataReadOp)
                  20007d4c    000001d0                  : driver.obj (.text:_SlDrvReleasePoolObj)
                  20007f1c    000001cc     udma_if.obj (.text)
                  200080e8    000001b6     rtsv7M4_T_le_eabi.lib : fd_add_t2.obj (.text)
                  2000829e    00000002                           : mpu_init.obj (.text)
                  200082a0    000001b4     simplelink.a : driver.obj (.text:_SlDrvDriverCBInit)
                  20008454    0000019c                  : driver.obj (.text:_SlDrvMsgWrite)
                  200085f0    00000190                  : driver.obj (.text:_SlDrvWaitForPoolObj)
                  20008780    00000178     driverlib.a : prcm.obj (.text:PRCMCC3200MCUInit)
                  200088f8    00000170     simplelink.a : driver.obj (.text:_SlFindAndSetActiveObj)
                  20008a68    00000150                  : driver.obj (.text:_SlDrvDataWriteOp)
                  20008bb8    00000148                  : cc_pal.obj (.text:spi_Open)
                  20008d00    00000144                  : driver.obj (.text:_SlDrvMsgReadCmdCtx)
                  20008e44    00000144                  : socket.obj (.text:sl_SendTo)
                  20008f88    0000013c                  : socket.obj (.text:sl_RecvFrom)
                  200090c4    00000136     rtsv7M4_T_le_eabi.lib : fd_div_t2.obj (.text)
                  200091fa    00000002                           : startup.obj (.text)
                  200091fc    00000130     simplelink.a : driver.obj (.text:_SlDrvDriverCBDeinit)
                  2000932c    00000114     rtsv7M4_T_le_eabi.lib : strtoul.obj (.text)
                  20009440    00000104     simplelink.a : netapp.obj (.text:_SlDrvNetAppEventHandler)
                  20009544    000000fc     rtsv7M4_T_le_eabi.lib : fd_mul_t2.obj (.text)
                  20009640    000000f0     simplelink.a : device.obj (.text:sl_Stop)
                  20009730    000000f0                  : cc_pal.obj (.text:spi_Read)
                  20009820    000000f0     driverlib.a : udma.obj (.text:uDMAChannelTransferSet)
                  20009910    000000ec     simplelink.a : device.obj (.text:sl_Start)
                  200099fc    000000e8                  : driver.obj (.text:_SlAsyncEventGenericHandler)
                  20009ae4    000000e8                  : driver.obj (.text:_SlDrvMsgReadSpawnCtx)
                  20009bcc    000000e4                  : netapp.obj (.text:sl_NetAppMDNSRegisterUnregisterService)
                  20009cb0    000000dc                  : driver.obj (.text:_SlDrvClassifyRxMsg)
                  20009d8c    000000d0     rtsv7M4_T_le_eabi.lib : s_scalbn.obj (.text)
                  20009e5c    000000cc     simplelink.a : netapp.obj (.text:_sl_HandleAsync_DnsGetHostByService)
                  20009f28    000000cc                  : device.obj (.text:sl_DevGet)
                  20009ff4    000000c4                  : driver.obj (.text:_SlRemoveFromList)
                  2000a0b8    000000c0                  : driver.obj (.text:_SlDrvCmdOp)
                  2000a178    000000b8                  : socket.obj (.text:sl_Bind)
                  2000a230    000000b0                  : nonos.obj (.text:_SlNonOsSemGet)
                  2000a2e0    000000a8     driverlib.a : interrupt.obj (.text:IntDisable)
                  2000a388    000000a8                 : interrupt.obj (.text:IntEnable)
                  2000a430    000000a4     simplelink.a : driver.obj (.text:_SlDriverHandleError)
                  2000a4d4    000000a0     driverlib.a : spi.obj (.text:SPIConfigSetExpClk)
                  2000a574    0000009c     rtsv7M4_T_le_eabi.lib : memcpy_t2.obj (.text)
                  2000a610    0000009a     simplelink.a : device.obj (.text:_SlDrvDeviceEventHandler)
                  2000a6aa    00000002     --HOLE-- [fill = 0]
                  2000a6ac    00000098                  : netcfg.obj (.text:sl_NetCfgSet)
                  2000a744    00000098                  : wlan.obj (.text:sl_WlanSet)
                  2000a7dc    00000098                  : cc_pal.obj (.text:spi_Write)
                  2000a874    00000094     driverlib.a : prcm.obj (.text:PRCMPeripheralClockGet)
                  2000a908    00000090     simplelink.a : netapp.obj (.text:_sl_HandleAsync_DnsGetHostByName)
                  2000a998    00000090                  : netapp.obj (.text:_sl_HandleAsync_PingResponse)
                  2000aa28    00000090                  : wlan.obj (.text:sl_WlanPolicySet)
                  2000aab8    0000008c                  : cc_pal.obj (.text:SetupDMAReceive)
                  2000ab44    0000008c                  : cc_pal.obj (.text:SetupDMASend)
                  2000abd0    0000008c                  : driver.obj (.text:_SlDrvIsTimeoutExpired)
                  2000ac5c    0000008c                  : device.obj (.text:_sl_HandleAsync_InitComplete)
                  2000ace8    0000008c                  : socket.obj (.text:sl_Socket)
                  2000ad74    00000088     driverlib.a : pin.obj (.text:PinConfigSet)
                  2000adfc    00000088     rtsv7M4_T_le_eabi.lib : vsnprintf.obj (.text)
                  2000ae84    00000086                           : fd_cmp_t2.obj (.text:__aeabi_cdcmple)
                  2000af0a    00000086                           : fd_cmp_t2.obj (.text:__aeabi_cdrcmple)
                  2000af90    00000084     simplelink.a : wlan.obj (.text:sl_WlanRxFilterSet)
                  2000b014    00000080                  : socket.obj (.text:_sl_HandleAsync_Connect)
                  2000b094    00000080                  : cc_pal.obj (.text:spi_Read_CPU)
                  2000b114    00000080                  : cc_pal.obj (.text:spi_Write_CPU)
                  2000b194    0000007a     rtsv7M4_T_le_eabi.lib : memset_t2.obj (.text)
                  2000b20e    00000002     --HOLE-- [fill = 0]
                  2000b210    00000078     simplelink.a : cc_pal.obj (.text:spi_Close)
                  2000b288    00000076     driverlib.a : uart.obj (.text:UARTConfigSetExpClk)
                  2000b2fe    00000002     --HOLE-- [fill = 0]
                  2000b300    00000074     simplelink.a : nonos.obj (.text:_SlNonOsMainLoopTask)
                  2000b374    00000070     rtsv7M4_T_le_eabi.lib : autoinit.obj (.text)
                  2000b3e4    0000006c     simplelink.a : driver.obj (.text:_SlDrvCmdSend)
                  2000b450    0000006c                  : netapp.obj (.text:_sl_NetAppSendTokenValue)
                  2000b4bc    00000068     rtsv7M4_T_le_eabi.lib : copy_decompress_lzss.obj (.text:decompress:lzss)
                  2000b524    00000064     simplelink.a : nonos.obj (.text:_SlNonOsSpawn)
                  2000b588    00000064                  : socket.obj (.text:_sl_HandleAsync_Accept)
                  2000b5ec    00000064                  : netapp.obj (.text:sl_NetAppMDNSUnRegisterService)
                  2000b650    00000064     driverlib.a : udma.obj (.text:uDMAChannelAttributeDisable)
                  2000b6b4    00000064                 : udma.obj (.text:uDMAChannelAttributeEnable)
                  2000b718    00000060     simplelink.a : socket.obj (.text:sl_Close)
                  2000b778    00000060                  : wlan.obj (.text:sl_WlanProfileDel)
                  2000b7d8    00000060                  : wlan.obj (.text:sl_WlanSetMode)
                  2000b838    0000005c     rtsv7M4_T_le_eabi.lib : s_frexp.obj (.text)
                  2000b894    00000058     driverlib.a : interrupt.obj (.text:IntPendClear)
                  2000b8ec    00000058                 : prcm.obj (.text:PRCMPeripheralReset)
                  2000b944    00000054                 : interrupt.obj (.text:IntPrioritySet)
                  2000b998    00000054     simplelink.a : driver.obj (.text:_SlDrvRxIrqHandler)
                  2000b9ec    00000054                  : socket.obj (.text:_sl_HandleAsync_Select)
                  2000ba40    00000054     rtsv7M4_T_le_eabi.lib : exit.obj (.text)
                  2000ba94    00000054                           : ltoa.obj (.text)
                  2000bae8    00000050     simplelink.a : device.obj (.text:_sl_HandleAsync_Stop)
                  2000bb38    0000004c     driverlib.a : spi.obj (.text:SPIIntEnable)
                  2000bb84    0000004c                 : spi.obj (.text:SPIIntNumberGet)
                  2000bbd0    0000004c     simplelink.a : driver.obj (.text:_SlDrvProtectAsyncRespSetting)
                  2000bc1c    0000004c                  : socket.obj (.text:_sl_BuildAddress)
                  2000bc68    0000004c     rtsv7M4_T_le_eabi.lib : atoi.obj (.text)
                  2000bcb4    0000004c                           : cpy_tbl.obj (.text)
                  2000bd00    0000004c     driverlib.a : udma.obj (.text:uDMAChannelAssign)
                  2000bd4c    00000048                 : spi.obj (.text:SPIIntClear)
                  2000bd94    00000048     simplelink.a : driver.obj (.text:_SlDrvBasicCmd)
                  2000bddc    00000048     rtsv7M4_T_le_eabi.lib : fd_toi_t2.obj (.text)
                  2000be24    00000044     driverlib.a : spi.obj (.text:SPIDmaMaskGet)
                  2000be68    00000044                 : timer.obj (.text:TimerConfigure)
                  2000beac    00000044     simplelink.a : driver.obj (.text:_SlDrvSyncObjWaitTimeout)
                  2000bef0    00000044                  : cc_pal.obj (.text:cc_SetupTransfer)
                  2000bf34    00000042                  : socket.obj (.text:sl_Htonl)
                  2000bf76    00000002     --HOLE-- [fill = 0]
                  2000bf78    00000040     driverlib.a : pin.obj (.text:PinModeSet)
                  2000bfb8    00000040     simplelink.a : socket.obj (.text:_sl_TruncatePayloadByProtocol)
                  2000bff8    00000040     rtsv7M4_T_le_eabi.lib : boot.obj (.text)
                  2000c038    00000040                           : strtok.obj (.text)
                  2000c078    0000003e     simplelink.a : cc_pal.obj (.text:NwpRegisterInterruptHandler)
                  2000c0b6    0000003c                  : netapp.obj (.text:CopyPingResultsToReport)
                  2000c0f2    00000002     --HOLE-- [fill = 0]
                  2000c0f4    0000003c     driverlib.a : prcm.obj (.text:PRCMPeripheralClkEnable)
                  2000c130    0000003c     simplelink.a : cc_pal.obj (.text:simplelink_timerA2_start)
                  2000c16c    0000003c                  : socket.obj (.text:sl_Htons)
                  2000c1a8    0000003c     driverlib.a : udma.obj (.text:uDMAChannelControlSet)
                  2000c1e4    00000038     simplelink.a : cc_pal.obj (.text:NwpPowerOff)
                  2000c21c    00000038                  : wlan.obj (.text:sl_WlanDisconnect)
                  2000c254    00000034     driverlib.a : prcm.obj (.text:PRCMPeripheralStatusGet)
                  2000c288    00000034                 : spi.obj (.text:SPIFIFOLevelSet)
                  2000c2bc    00000030                 : uart.obj (.text:UARTDisable)
                  2000c2ec    0000002e     rtsv7M4_T_le_eabi.lib : i_tofd_t2.obj (.text)
                  2000c31a    00000002     --HOLE-- [fill = 0]
                  2000c31c    0000002c     simplelink.a : cc_pal.obj (.text:NwpPowerOn)
                  2000c348    0000002c     driverlib.a : prcm.obj (.text:PRCMSysResetCauseGet)
                  2000c374    0000002c     simplelink.a : driver.obj (.text:_SlDrvObjGlobalLockWaitForever)
                  2000c3a0    0000002c                  : driver.obj (.text:_SlDrvProtectionObjLockWaitForever)
                  2000c3cc    0000002a     driverlib.a : timer.obj (.text:TimerLoadSet)
                  2000c3f6    0000002a                 : timer.obj (.text:TimerPrescaleSet)
                  2000c420    0000002a     rtsv7M4_T_le_eabi.lib : strspn.obj (.text)
                  2000c44a    00000002     --HOLE-- [fill = 0]
                  2000c44c    00000028     driverlib.a : prcm.obj (.text:PRCMPeripheralClkDisable)
                  2000c474    00000028     simplelink.a : driver.obj (.text:_SlDrvGlobalObjUnLock)
                  2000c49c    00000028                  : driver.obj (.text:_SlDrvProtectionObjUnLock)
                  2000c4c4    00000028                  : driver.obj (.text:_SlDrvSyncObjWaitForever)
                  2000c4ec    00000026                  : driver.obj (.text:_SlDrvObjLockWaitForever)
                  2000c512    00000002     --HOLE-- [fill = 0]
                  2000c514    00000024                  : cc_pal.obj (.text:DmaSpiSwIntHandler)
                  2000c538    00000024     driverlib.a : interrupt.obj (.text:IntUnregister)
                  2000c55c    00000024                 : uart.obj (.text:UARTEnable)
                  2000c580    00000024     rtsv7M4_T_le_eabi.lib : memmov.obj (.text)
                  2000c5a4    00000024                           : strcspn.obj (.text)
                  2000c5c8    00000022     driverlib.a : spi.obj (.text:SPIReset)
                  2000c5ea    00000022                 : spi.obj (.text:SPIWordCountSet)
                  2000c60c    00000020                 : interrupt.obj (.text:IntRegister)
                  2000c62c    00000020     simplelink.a : cc_pal.obj (.text:NwpPrePowerOffTimout0)
                  2000c64c    00000020                  : cc_pal.obj (.text:TimerGetCurrentTimestamp)
                  2000c66c    00000020                  : driver.obj (.text:_SlDrvObjUnLock)
                  2000c68c    00000020                  : driver.obj (.text:_SlDrvSyncObjSignal)
                  2000c6ac    0000001e     driverlib.a : timer.obj (.text:TimerEnable)
                  2000c6ca    0000001e                 : uart.obj (.text:UARTCharPut)
                  2000c6e8    0000001e     simplelink.a : cc_pal.obj (.text:cc_UDMAChannelSelect)
                  2000c706    0000001c     driverlib.a : timer.obj (.text:TimerValueGet)
                  2000c722    0000001c                 : uart.obj (.text:UARTCharGetNonBlocking)
                  2000c73e    0000001c     simplelink.a : driver.obj (.text:_SlDrvStartMeasureTimeout)
                  2000c75a    0000001c     pinmux.obj (.text)
                  2000c776    0000001c     rtsv7M4_T_le_eabi.lib : memccpy.obj (.text)
                  2000c792    00000002     --HOLE-- [fill = 0]
                  2000c794    0000001c     driverlib.a : udma.obj (.text:uDMAChannelDisable)
                  2000c7b0    0000001c                 : udma.obj (.text:uDMAChannelEnable)
                  2000c7cc    0000001c                 : udma.obj (.text:uDMAChannelRequest)
                  2000c7e8    0000001a                 : pin.obj (.text:PinTypeUART)
                  2000c802    0000001a                 : spi.obj (.text:SPIDmaDisable)
                  2000c81c    0000001a                 : spi.obj (.text:SPIDmaEnable)
                  2000c836    0000001a                 : spi.obj (.text:SPIFIFODisable)
                  2000c850    0000001a                 : spi.obj (.text:SPIFIFOEnable)
                  2000c86a    0000001a                 : spi.obj (.text:SPIIntUnregister)
                  2000c884    00000018                 : spi.obj (.text:SPICSDisable)
                  2000c89c    00000018                 : spi.obj (.text:SPICSEnable)
                  2000c8b4    00000018                 : spi.obj (.text:SPIDisable)
                  2000c8cc    00000018                 : spi.obj (.text:SPIEnable)
                  2000c8e4    00000018                 : uart.obj (.text:UARTCharsAvail)
                  2000c8fc    00000018     simplelink.a : nonos.obj (.text:_SlNonOsSemSet)
                  2000c914    00000018                  : device.obj (.text:_sl_GetStartResponseConvert)
                  2000c92c    00000018     rtsv7M4_T_le_eabi.lib : args_main.obj (.text)
                  2000c944    00000016     driverlib.a : prcm.obj (.text:PRCMHIBRegRead)
                  2000c95a    00000016                 : prcm.obj (.text:PRCMHIBRegWrite)
                  2000c970    00000016                 : uart.obj (.text:UARTCharGet)
                  2000c986    00000016     simplelink.a : driver.obj (.text:_SlDrvMemZero)
                  2000c99c    00000016     rtsv7M4_T_le_eabi.lib : strchr.obj (.text)
                  2000c9b2    00000016     driverlib.a : udma.obj (.text:uDMAIntRegister)
                  2000c9c8    00000014                 : cpu.obj (.text:CPUcpsie)
                  2000c9dc    00000014                 : interrupt.obj (.text:IntVTableBaseSet)
                  2000c9f0    00000014     rtsv7M4_T_le_eabi.lib : _lock.obj (.text)
                  2000ca04    00000014                           : strlen.obj (.text)
                  2000ca18    00000014     driverlib.a : udma.obj (.text:uDMAControlBaseSet)
                  2000ca2c    00000014                 : udma.obj (.text:uDMAIntClear)
                  2000ca40    00000012                 : udma.obj (.text:uDMAIntUnregister)
                  2000ca52    00000010     simplelink.a : driver.obj (.text:_SlDrvDispatchHttpServerEvents)
                  2000ca62    0000000e                  : driver.obj (.text:_SlDrvResetCmdExt)
                  2000ca70    0000000e     rtsv7M4_T_le_eabi.lib : copy_decompress_none.obj (.text:decompress:none)
                  2000ca7e    0000000e     startup_ccs.obj (.text)
                  2000ca8c    0000000c     simplelink.a : cc_pal.obj (.text:NwpMaskInterrupt)
                  2000ca98    0000000c                  : cc_pal.obj (.text:NwpUnMaskInterrupt)
                  2000caa4    0000000c     rtsv7M4_T_le_eabi.lib : copy_zero_init.obj (.text:decompress:ZI)
                  2000cab0    0000000c     driverlib.a : udma.obj (.text:uDMADisable)
                  2000cabc    0000000c                 : udma.obj (.text:uDMAEnable)
                  2000cac8    0000000c                 : udma.obj (.text:uDMAIntStatus)
                  2000cad4    0000000a                 : interrupt.obj (.text:IntMasterEnable)
                  2000cade    00000008     rtsv7M4_T_le_eabi.lib : s_copysign.obj (.text)
                  2000cae6    00000006     driverlib.a : utils.obj (.text:UtilsDelay)
                  2000caec    00000004     rtsv7M4_T_le_eabi.lib : pre_init.obj (.text)

.const     0    2000caf0    0000060a     
                  2000caf0    00000101     rtsv7M4_T_le_eabi.lib : ctype.obj (.const:.string:_ctypes_)
                  2000cbf1    00000003     --HOLE-- [fill = 0]
                  2000cbf4    00000100     driverlib.a : pin.obj (.const:g_ulPinToPadMap)
                  2000ccf4    000000d4                 : interrupt.obj (.const:g_pulRegs)
                  2000cdc8    000000a8                 : prcm.obj (.const:PRCM_PeriphRegsList)
                  2000ce70    00000080                 : interrupt.obj (.const)
                  2000cef0    0000003c     simplelink.a : driver.obj (.const:OpcodeTranslateTable)
                  2000cf2c    00000038                  : driver.obj (.const:_SlActionLookupTable)
                  2000cf64    0000002c     main.obj (.const:$P$T1$2)
                  2000cf90    00000024     driverlib.a : spi.obj (.const:g_ppulSPIIntMap)
                  2000cfb4    00000022     main.obj (.const:.string:$P$T0$1)
                  2000cfd6    00000002     --HOLE-- [fill = 0]
                  2000cfd8    00000020     simplelink.a : driver.obj (.const:RxMsgClassLUT)
                  2000cff8    00000018     driverlib.a : spi.obj (.const)
                  2000d010    00000014     simplelink.a : driver.obj (.const:$P$T0$1)
                  2000d024    00000014                  : nonos.obj (.const:$P$T0$1)
                  2000d038    00000014     main.obj (.const:$P$T2$3)
                  2000d04c    00000010     simplelink.a : socket.obj (.const:.string:_SlPayloadByProtocolLUT)
                  2000d05c    0000000d     main.obj (.const:.string:$P$T4$5)
                  2000d069    0000000d     main.obj (.const:.string:$P$T5$6)
                  2000d076    00000002     --HOLE-- [fill = 0]
                  2000d078    0000000c     main.obj (.const:$P$T7$8)
                  2000d084    0000000c     main.obj (.const:.string:$P$T6$7)
                  2000d090    0000000a     main.obj (.const:.string:$P$T3$4)
                  2000d09a    00000008     simplelink.a : device.obj (.const:StartResponseLUT)
                  2000d0a2    00000002     --HOLE-- [fill = 0]
                  2000d0a4    00000008                  : driver.obj (.const:g_H2NCnysPattern)
                  2000d0ac    00000008                  : driver.obj (.const:g_H2NSyncPattern)
                  2000d0b4    00000005     main.obj (.const:.string:$P$T8$9)
                  2000d0b9    00000001     --HOLE-- [fill = 0]
                  2000d0ba    00000004     simplelink.a : socket.obj (.const:$P$T0$1)
                  2000d0be    00000004                  : wlan.obj (.const:$P$T0$1)
                  2000d0c2    00000004                  : socket.obj (.const:$P$T1$2)
                  2000d0c6    00000004                  : device.obj (.const:_SlDeviceGetCmdCtrl)
                  2000d0ca    00000004                  : netapp.obj (.const:_SlNetAppSendTokenValueCmdCtrl)
                  2000d0ce    00000004                  : netcfg.obj (.const:_SlNetCfgSetCmdCtrl)
                  2000d0d2    00000004                  : wlan.obj (.const:_SlPolicySetCmdCtrl)
                  2000d0d6    00000004                  : wlan.obj (.const:_SlProfileDelCmdCtrl)
                  2000d0da    00000004                  : socket.obj (.const:_SlRecvfomCmdCtrl)
                  2000d0de    00000004                  : netapp.obj (.const:_SlRegisterServiceCtrl)
                  2000d0e2    00000004                  : wlan.obj (.const:_SlRxFilterSetCmdCtrl)
                  2000d0e6    00000004                  : socket.obj (.const:_SlSockCloseCmdCtrl)
                  2000d0ea    00000004                  : socket.obj (.const:_SlSockSocketCmdCtrl)
                  2000d0ee    00000004                  : device.obj (.const:_SlStopCmdCtrl)
                  2000d0f2    00000004                  : wlan.obj (.const:_SlWlanCfgSetCmdCtrl)
                  2000d0f6    00000004                  : wlan.obj (.const:_SlWlanSetModeCmdCtrl)

.cinit     0    2000d100    00000060     
                  2000d100    00000038     (.cinit..data.load) [load image, compression = lzss]
                  2000d138    0000000c     (__TI_handler_table)
                  2000d144    00000004     --HOLE-- [fill = 0]
                  2000d148    00000008     (.cinit..bss.load) [load image, compression = zero_init]
                  2000d150    00000010     (__TI_cinit_table)

.bss       0    20017000    00000c74     UNINITIALIZED
                  20017000    00000578     (.common:g_cBsdBuf)
                  20017578    00000168     simplelink.a : driver.obj (.bss:g_StatMem)
                  200176e0    00000100     (.common:gfpAppCallbackHndl)
                  200177e0    00000008     (.common:g_ucConnectionBSSID)
                  200177e8    00000004     uart_if.obj (.bss)
                  200177ec    00000001     (.common:RxIrqCnt)
                  200177ed    00000001     (.common:g_bDeviceRestartIsRequired)
                  200177ee    00000001     (.common:g_cDummy)
                  200177ef    00000001     (.common:iDone)
                  200177f0    00000010     --HOLE--
                  20017800    00000400     (.common:gpCtlTbl)
                  20017c00    00000050     (.common:g_ucDinDout)
                  20017c50    00000024     (.common:g_ucConnectionSSID)

.sysmem    0    20017c78    00000800     UNINITIALIZED
                  20017c78    00000008     rtsv7M4_T_le_eabi.lib : memory.obj (.sysmem)
                  20017c80    000007f8     --HOLE--

.data      0    20018478    000000a0     UNINITIALIZED
                  20018478    0000003c     simplelink.a : nonos.obj (.data:g__SlNonOsCB)
                  200184b4    0000001c     main.obj (.data)
                  200184d0    0000000d     simplelink.a : driver.obj (.data)
                  200184dd    00000003     --HOLE--
                  200184e0    0000000c     rtsv7M4_T_le_eabi.lib : exit.obj (.data:$O1$$)
                  200184ec    0000000c                           : memory.obj (.data:$O1$$)
                  200184f8    00000009     simplelink.a : cc_pal.obj (.data)
                  20018501    00000003     --HOLE--
                  20018504    00000008     rtsv7M4_T_le_eabi.lib : _lock.obj (.data:$O1$$)
                  2001850c    00000004                           : errno.obj (.data)
                  20018510    00000004                           : stkdepth_vars.obj (.data)
                  20018514    00000004                           : strtok.obj (.data)

.stack     0    2002f800    00000800     UNINITIALIZED
                  2002f800    00000800     --HOLE--

MODULE SUMMARY

       Module                     code    ro data   rw data
       ------                     ----    -------   -------
    .\
       main.obj                   5032    163       1472   
       udma_if.obj                460     0         1281   
       startup_ccs.obj            14      1024      0      
       uart_if.obj                640     0         4      
       pinmux.obj                 28      0         0      
    +--+--------------------------+-------+---------+---------+
       Total:                     6174    1187      2757   
                                                           
    C:/ti/CC3200SDK_1.3.0/cc3200-sdk/driverlib/ccs/Release/driverlib.a
       prcm.obj                   852     168       0      
       interrupt.obj              608     340       0      
       spi.obj                    798     60        0      
       udma.obj                   776     0         0      
       pin.obj                    226     256       0      
       uart.obj                   306     0         0      
       timer.obj                  210     0         0      
       cpu.obj                    20      0         0      
       utils.obj                  6       0         0      
    +--+--------------------------+-------+---------+---------+
       Total:                     3802    824       0      
                                                           
    C:/ti/CC3200SDK_1.3.0/cc3200-sdk/simplelink/ccs/NON_OS/simplelink.a
       driver.obj                 7714    184       375    
       cc_pal.obj                 1820    0         90     
       socket.obj                 1638    36        0      
       wlan.obj                   1312    24        0      
       netapp.obj                 1248    8         0      
       device.obj                 1078    16        0      
       nonos.obj                  416     20        60     
       netcfg.obj                 152     4         0      
    +--+--------------------------+-------+---------+---------+
       Total:                     15378   292       525    
                                                           
    C:\ti\ccsv7\tools\compiler\ti-cgt-arm_16.9.4.LTS\lib\rtsv7M4_T_le_eabi.lib
       _printfi.obj               4386    0         0      
       memory.obj                 976     0         12     
       ull_div_t2.obj             500     0         0      
       fd_add_t2.obj              438     0         0      
       fd_div_t2.obj              310     0         0      
       strtoul.obj                276     0         0      
       fd_cmp_t2.obj              268     0         0      
       ctype.obj                  0       257       0      
       fd_mul_t2.obj              252     0         0      
       s_scalbn.obj               208     0         0      
       memcpy_t2.obj              156     0         0      
       vsnprintf.obj              136     0         0      
       memset_t2.obj              122     0         0      
       autoinit.obj               112     0         0      
       copy_decompress_lzss.obj   104     0         0      
       exit.obj                   84      0         12     
       s_frexp.obj                92      0         0      
       ltoa.obj                   84      0         0      
       atoi.obj                   76      0         0      
       cpy_tbl.obj                76      0         0      
       fd_toi_t2.obj              72      0         0      
       strtok.obj                 64      0         4      
       boot.obj                   64      0         0      
       i_tofd_t2.obj              46      0         0      
       strspn.obj                 42      0         0      
       memmov.obj                 36      0         0      
       strcspn.obj                36      0         0      
       _lock.obj                  20      0         8      
       memccpy.obj                28      0         0      
       args_main.obj              24      0         0      
       strchr.obj                 22      0         0      
       strlen.obj                 20      0         0      
       copy_decompress_none.obj   14      0         0      
       copy_zero_init.obj         12      0         0      
       s_copysign.obj             8       0         0      
       errno.obj                  0       0         4      
       pre_init.obj               4       0         0      
       stkdepth_vars.obj          0       0         4      
       mpu_init.obj               2       0         0      
       startup.obj                2       0         0      
    +--+--------------------------+-------+---------+---------+
       Total:                     9172    257       44     
                                                           
       Heap:                      0       0         2048   
       Stack:                     0       0         2048   
       Linker Generated:          0       92        0      
    +--+--------------------------+-------+---------+---------+
       Grand Total:               34526   2652      7422   


LINKER GENERATED COPY TABLES

__TI_cinit_table @ 2000d150 records: 2, size/record: 8, table size: 16
	.data: load addr=2000d100, load size=00000038 bytes, run addr=20018478, run size=000000a0 bytes, compression=lzss
	.bss: load addr=2000d148, load size=00000008 bytes, run addr=20017000, run size=00000c74 bytes, compression=zero_init


LINKER GENERATED HANDLER TABLE

__TI_handler_table @ 2000d138 records: 3, size/record: 4, table size: 12
	index: 0, handler: __TI_decompress_lzss
	index: 1, handler: __TI_decompress_none
	index: 2, handler: __TI_zero_init


GLOBAL SYMBOLS: SORTED ALPHABETICALLY BY Name 

address   name                                  
-------   ----                                  
20005181  BsdUdpClient                          
2000529d  BsdUdpServer                          
2000ba41  C$$EXIT                               
2000c9c9  CPUcpsie                              
2000726d  ClearTerm                             
20007f33  DmaErrorIntHandler                    
2000c515  DmaSpiSwIntHandler                    
20007f1d  DmaSwIntHandler                       
20007277  Error                                 
200072af  GetCmd                                
2000722d  InitTerm                              
2000a2e1  IntDisable                            
2000a389  IntEnable                             
2000cad5  IntMasterEnable                       
2000b895  IntPendClear                          
2000b945  IntPrioritySet                        
2000c60d  IntRegister                           
2000c539  IntUnregister                         
2000c9dd  IntVTableBaseSet                      
20004b59  IpAddressParser                       
2000724b  Message                               
2000ca8d  NwpMaskInterrupt                      
2000c1e5  NwpPowerOff                           
2000c31d  NwpPowerOn                            
2000c62d  NwpPrePowerOffTimout0                 
2000c079  NwpRegisterInterruptHandler           
2000ca99  NwpUnMaskInterrupt                    
2000cef0  OpcodeTranslateTable                  
20008781  PRCMCC3200MCUInit                     
2000c945  PRCMHIBRegRead                        
2000c95b  PRCMHIBRegWrite                       
2000c44d  PRCMPeripheralClkDisable              
2000c0f5  PRCMPeripheralClkEnable               
2000a875  PRCMPeripheralClockGet                
2000b8ed  PRCMPeripheralReset                   
2000c255  PRCMPeripheralStatusGet               
2000c349  PRCMSysResetCauseGet                  
2000ad75  PinConfigSet                          
2000bf79  PinModeSet                            
2000c75b  PinMuxConfig                          
2000c7e9  PinTypeUART                           
200073ed  Report                                
2000ca7f  ResetISR                              
200177ec  RxIrqCnt                              
UNDEFED   SHT$$INIT_ARRAY$$Base                 
UNDEFED   SHT$$INIT_ARRAY$$Limit                
2000c885  SPICSDisable                          
2000c89d  SPICSEnable                           
2000a4d5  SPIConfigSetExpClk                    
2000c8b5  SPIDisable                            
2000c803  SPIDmaDisable                         
2000c81d  SPIDmaEnable                          
2000c8cd  SPIEnable                             
2000c837  SPIFIFODisable                        
2000c851  SPIFIFOEnable                         
2000c289  SPIFIFOLevelSet                       
2000bd4d  SPIIntClear                           
2000bb39  SPIIntEnable                          
2000c86b  SPIIntUnregister                      
2000c5c9  SPIReset                              
2000c5eb  SPIWordCountSet                       
200045dd  SimpleLinkGeneralEventHandler         
200045bd  SimpleLinkHttpServerCallback          
2000450f  SimpleLinkNetAppEventHandler          
200045f7  SimpleLinkSockEventHandler            
20004401  SimpleLinkWlanEventHandler            
2000be69  TimerConfigure                        
2000c6ad  TimerEnable                           
2000c64d  TimerGetCurrentTimestamp              
2000c3cd  TimerLoadSet                          
2000c3f7  TimerPrescaleSet                      
2000c707  TimerValueGet                         
20007355  TrimSpace                             
2000c971  UARTCharGet                           
2000c723  UARTCharGetNonBlocking                
2000c6cb  UARTCharPut                           
2000c8e5  UARTCharsAvail                        
2000b289  UARTConfigSetExpClk                   
2000c2bd  UARTDisable                           
2000c55d  UARTEnable                            
20007fa7  UDMAChannelSelect                     
2000807b  UDMADeInit                            
20007f3f  UDMAInit                              
20007fd5  UDMASetupAutoMemTransfer              
20008009  UDMASetupPingPongTransfer             
2000808f  UDMASetupTransfer                     
20008063  UDMAStartTransfer                     
2000806f  UDMAStopTransfer                      
20004c41  UserInput                             
2000cae7  UtilsDelay                            
2000cf2c  _SlActionLookupTable                  
2000a431  _SlDriverHandleError                  
2000bd95  _SlDrvBasicCmd                        
2000a0b9  _SlDrvCmdOp                           
2000b3e5  _SlDrvCmdSend                         
20007b69  _SlDrvDataReadOp                      
20008a69  _SlDrvDataWriteOp                     
2000a611  _SlDrvDeviceEventHandler              
2000ca53  _SlDrvDispatchHttpServerEvents        
200091fd  _SlDrvDriverCBDeinit                  
200082a1  _SlDrvDriverCBInit                    
2000c475  _SlDrvGlobalObjUnLock                 
2000abd1  _SlDrvIsTimeoutExpired                
2000c987  _SlDrvMemZero                         
20009ae5  _SlDrvMsgReadSpawnCtx                 
20009441  _SlDrvNetAppEventHandler              
2000c4ed  _SlDrvObjLockWaitForever              
2000c66d  _SlDrvObjUnLock                       
2000bbd1  _SlDrvProtectAsyncRespSetting         
2000c3a1  _SlDrvProtectionObjLockWaitForever    
2000c49d  _SlDrvProtectionObjUnLock             
20007d4d  _SlDrvReleasePoolObj                  
2000ca63  _SlDrvResetCmdExt                     
2000b999  _SlDrvRxIrqHandler                    
2000c73f  _SlDrvStartMeasureTimeout             
2000c68d  _SlDrvSyncObjSignal                   
2000c4c5  _SlDrvSyncObjWaitForever              
2000bead  _SlDrvSyncObjWaitTimeout              
200085f1  _SlDrvWaitForPoolObj                  
2000d0ca  _SlNetAppSendTokenValueCmdCtrl        
2000b301  _SlNonOsMainLoopTask                  
2000a231  _SlNonOsSemGet                        
2000c8fd  _SlNonOsSemSet                        
2000b525  _SlNonOsSpawn                         
20030000  __STACK_END                           
00000800  __STACK_SIZE                          
00000800  __SYSMEM_SIZE                         
2000d150  __TI_CINIT_Base                       
2000d160  __TI_CINIT_Limit                      
2000d138  __TI_Handler_Table_Base               
2000d144  __TI_Handler_Table_Limit              
2000b375  __TI_auto_init                        
200184e0  __TI_cleanup_ptr                      
2000b4bd  __TI_decompress_lzss                  
2000ca71  __TI_decompress_none                  
200184e4  __TI_dtors_ptr                        
200184e8  __TI_enable_exit_profile_output       
ffffffff  __TI_pprof_out_hndl                   
20005fe1  __TI_printfi                          
ffffffff  __TI_prof_data_size                   
ffffffff  __TI_prof_data_start                  
2000d100  __TI_static_base__                    
2000caa5  __TI_zero_init                        
2000ae85  __aeabi_cdcmpeq                       
2000ae85  __aeabi_cdcmple                       
2000af0b  __aeabi_cdrcmple                      
2000bddd  __aeabi_d2iz                          
200080f3  __aeabi_dadd                          
200090c5  __aeabi_ddiv                          
20009545  __aeabi_dmul                          
200080e9  __aeabi_dsub                          
2000c2ed  __aeabi_i2d                           
2000b195  __aeabi_memclr                        
2000b195  __aeabi_memclr4                       
2000b195  __aeabi_memclr8                       
2000a575  __aeabi_memcpy                        
2000a575  __aeabi_memcpy4                       
2000a575  __aeabi_memcpy8                       
2000b197  __aeabi_memset                        
2000b197  __aeabi_memset4                       
2000b197  __aeabi_memset8                       
20007975  __aeabi_uldivmod                      
ffffffff  __binit__                             
ffffffff  __c_args__                            
2000829f  __mpu_init                            
2002f800  __stack                               
2000c92d  _args_main                            
2000bff9  _c_int00                              
2000caf0  _ctypes_                              
20018504  _lock                                 
2000c9ff  _nop                                  
2000c9f7  _register_lock                        
2000c9f1  _register_unlock                      
2000b589  _sl_HandleAsync_Accept                
2000b015  _sl_HandleAsync_Connect               
2000a909  _sl_HandleAsync_DnsGetHostByName      
20009e5d  _sl_HandleAsync_DnsGetHostByService   
2000ac5d  _sl_HandleAsync_InitComplete          
2000a999  _sl_HandleAsync_PingResponse          
2000b9ed  _sl_HandleAsync_Select                
2000bae9  _sl_HandleAsync_Stop                  
2000b451  _sl_NetAppSendTokenValue              
20017c78  _sys_memory                           
200091fb  _system_post_cinit                    
2000caed  _system_pre_init                      
20018508  _unlock                               
2000ba45  abort                                 
2000bc69  atoi                                  
ffffffff  binit                                 
200071fd  calloc                                
2000bcb5  copy_in                               
2000cadf  copysign                              
2000cadf  copysignl                             
2001850c  errno                                 
2000ba4d  exit                                  
20006f47  free                                  
2000b839  frexp                                 
2000b839  frexpl                                
200184d0  g_SlDeviceStatus                      
200184f8  g_SpiFd                               
20018478  g__SlNonOsCB                          
200177ed  g_bDeviceRestartIsRequired            
20017000  g_cBsdBuf                             
200177ee  g_cDummy                              
200184d4  g_pCB                                 
200184fc  g_pHostIntHdl                         
20004000  g_pfnVectors                          
200177e0  g_ucConnectionBSSID                   
20017c50  g_ucConnectionSSID                    
20018500  g_ucDMAEnabled                        
20017c00  g_ucDinDout                           
200184c8  g_ucSimplelinkstarted                 
200184c0  g_uiPortNum                           
200184bc  g_ulDestinationIp                     
200184b8  g_ulGatewayIP                         
200184cc  g_ulIpAddr                            
200184c4  g_ulPacketCount                       
200184b4  g_ulStatus                            
200176e0  gfpAppCallbackHndl                    
20017800  gpCtlTbl                              
200177ef  iDone                                 
20009d8d  ldexp                                 
20009d8d  ldexpl                                
2000ba95  ltoa                                  
200054d1  main                                  
20018510  main_func_sp                          
20006edd  malloc                                
20007111  memalign                              
2000c777  memccpy                               
2000a575  memcpy                                
2000c581  memmove                               
2000b19d  memset                                
20006e5d  minit                                 
200184d8  pPingCallBackFunc                     
20007009  realloc                               
20009d8d  scalbn                                
20009d8d  scalbnl                               
2000c131  simplelink_timerA2_start              
2000a179  sl_Bind                               
2000b719  sl_Close                              
20009f29  sl_DevGet                             
2000bf35  sl_Htonl                              
2000c16d  sl_Htons                              
20009bcd  sl_NetAppMDNSRegisterUnregisterService
2000b5ed  sl_NetAppMDNSUnRegisterService        
2000a6ad  sl_NetCfgSet                          
20008f89  sl_RecvFrom                           
20008e45  sl_SendTo                             
2000ace9  sl_Socket                             
20009911  sl_Start                              
20009641  sl_Stop                               
200074ad  sl_WlanConnect                        
2000c21d  sl_WlanDisconnect                     
2000aa29  sl_WlanPolicySet                      
2000b779  sl_WlanProfileDel                     
2000af91  sl_WlanRxFilterSet                    
2000a745  sl_WlanSet                            
2000b7d9  sl_WlanSetMode                        
2000b211  spi_Close                             
20008bb9  spi_Open                              
20009731  spi_Read                              
2000a7dd  spi_Write                             
2000c99d  strchr                                
2000c5a5  strcspn                               
2000ca05  strlen                                
2000c421  strspn                                
2000c039  strtok                                
2000932d  strtoul                               
2000bd01  uDMAChannelAssign                     
2000b651  uDMAChannelAttributeDisable           
2000b6b5  uDMAChannelAttributeEnable            
2000c1a9  uDMAChannelControlSet                 
2000c795  uDMAChannelDisable                    
2000c7b1  uDMAChannelEnable                     
2000c7cd  uDMAChannelRequest                    
20009821  uDMAChannelTransferSet                
2000ca19  uDMAControlBaseSet                    
2000cab1  uDMADisable                           
2000cabd  uDMAEnable                            
2000ca2d  uDMAIntClear                          
2000c9b3  uDMAIntRegister                       
2000cac9  uDMAIntStatus                         
2000ca41  uDMAIntUnregister                     
2000adfd  vsnprintf                             


GLOBAL SYMBOLS: SORTED BY Symbol Address 

address   name                                  
-------   ----                                  
00000800  __STACK_SIZE                          
00000800  __SYSMEM_SIZE                         
20004000  g_pfnVectors                          
20004401  SimpleLinkWlanEventHandler            
2000450f  SimpleLinkNetAppEventHandler          
200045bd  SimpleLinkHttpServerCallback          
200045dd  SimpleLinkGeneralEventHandler         
200045f7  SimpleLinkSockEventHandler            
20004b59  IpAddressParser                       
20004c41  UserInput                             
20005181  BsdUdpClient                          
2000529d  BsdUdpServer                          
200054d1  main                                  
20005fe1  __TI_printfi                          
20006e5d  minit                                 
20006edd  malloc                                
20006f47  free                                  
20007009  realloc                               
20007111  memalign                              
200071fd  calloc                                
2000722d  InitTerm                              
2000724b  Message                               
2000726d  ClearTerm                             
20007277  Error                                 
200072af  GetCmd                                
20007355  TrimSpace                             
200073ed  Report                                
200074ad  sl_WlanConnect                        
20007975  __aeabi_uldivmod                      
20007b69  _SlDrvDataReadOp                      
20007d4d  _SlDrvReleasePoolObj                  
20007f1d  DmaSwIntHandler                       
20007f33  DmaErrorIntHandler                    
20007f3f  UDMAInit                              
20007fa7  UDMAChannelSelect                     
20007fd5  UDMASetupAutoMemTransfer              
20008009  UDMASetupPingPongTransfer             
20008063  UDMAStartTransfer                     
2000806f  UDMAStopTransfer                      
2000807b  UDMADeInit                            
2000808f  UDMASetupTransfer                     
200080e9  __aeabi_dsub                          
200080f3  __aeabi_dadd                          
2000829f  __mpu_init                            
200082a1  _SlDrvDriverCBInit                    
200085f1  _SlDrvWaitForPoolObj                  
20008781  PRCMCC3200MCUInit                     
20008a69  _SlDrvDataWriteOp                     
20008bb9  spi_Open                              
20008e45  sl_SendTo                             
20008f89  sl_RecvFrom                           
200090c5  __aeabi_ddiv                          
200091fb  _system_post_cinit                    
200091fd  _SlDrvDriverCBDeinit                  
2000932d  strtoul                               
20009441  _SlDrvNetAppEventHandler              
20009545  __aeabi_dmul                          
20009641  sl_Stop                               
20009731  spi_Read                              
20009821  uDMAChannelTransferSet                
20009911  sl_Start                              
20009ae5  _SlDrvMsgReadSpawnCtx                 
20009bcd  sl_NetAppMDNSRegisterUnregisterService
20009d8d  ldexp                                 
20009d8d  ldexpl                                
20009d8d  scalbn                                
20009d8d  scalbnl                               
20009e5d  _sl_HandleAsync_DnsGetHostByService   
20009f29  sl_DevGet                             
2000a0b9  _SlDrvCmdOp                           
2000a179  sl_Bind                               
2000a231  _SlNonOsSemGet                        
2000a2e1  IntDisable                            
2000a389  IntEnable                             
2000a431  _SlDriverHandleError                  
2000a4d5  SPIConfigSetExpClk                    
2000a575  __aeabi_memcpy                        
2000a575  __aeabi_memcpy4                       
2000a575  __aeabi_memcpy8                       
2000a575  memcpy                                
2000a611  _SlDrvDeviceEventHandler              
2000a6ad  sl_NetCfgSet                          
2000a745  sl_WlanSet                            
2000a7dd  spi_Write                             
2000a875  PRCMPeripheralClockGet                
2000a909  _sl_HandleAsync_DnsGetHostByName      
2000a999  _sl_HandleAsync_PingResponse          
2000aa29  sl_WlanPolicySet                      
2000abd1  _SlDrvIsTimeoutExpired                
2000ac5d  _sl_HandleAsync_InitComplete          
2000ace9  sl_Socket                             
2000ad75  PinConfigSet                          
2000adfd  vsnprintf                             
2000ae85  __aeabi_cdcmpeq                       
2000ae85  __aeabi_cdcmple                       
2000af0b  __aeabi_cdrcmple                      
2000af91  sl_WlanRxFilterSet                    
2000b015  _sl_HandleAsync_Connect               
2000b195  __aeabi_memclr                        
2000b195  __aeabi_memclr4                       
2000b195  __aeabi_memclr8                       
2000b197  __aeabi_memset                        
2000b197  __aeabi_memset4                       
2000b197  __aeabi_memset8                       
2000b19d  memset                                
2000b211  spi_Close                             
2000b289  UARTConfigSetExpClk                   
2000b301  _SlNonOsMainLoopTask                  
2000b375  __TI_auto_init                        
2000b3e5  _SlDrvCmdSend                         
2000b451  _sl_NetAppSendTokenValue              
2000b4bd  __TI_decompress_lzss                  
2000b525  _SlNonOsSpawn                         
2000b589  _sl_HandleAsync_Accept                
2000b5ed  sl_NetAppMDNSUnRegisterService        
2000b651  uDMAChannelAttributeDisable           
2000b6b5  uDMAChannelAttributeEnable            
2000b719  sl_Close                              
2000b779  sl_WlanProfileDel                     
2000b7d9  sl_WlanSetMode                        
2000b839  frexp                                 
2000b839  frexpl                                
2000b895  IntPendClear                          
2000b8ed  PRCMPeripheralReset                   
2000b945  IntPrioritySet                        
2000b999  _SlDrvRxIrqHandler                    
2000b9ed  _sl_HandleAsync_Select                
2000ba41  C$$EXIT                               
2000ba45  abort                                 
2000ba4d  exit                                  
2000ba95  ltoa                                  
2000bae9  _sl_HandleAsync_Stop                  
2000bb39  SPIIntEnable                          
2000bbd1  _SlDrvProtectAsyncRespSetting         
2000bc69  atoi                                  
2000bcb5  copy_in                               
2000bd01  uDMAChannelAssign                     
2000bd4d  SPIIntClear                           
2000bd95  _SlDrvBasicCmd                        
2000bddd  __aeabi_d2iz                          
2000be69  TimerConfigure                        
2000bead  _SlDrvSyncObjWaitTimeout              
2000bf35  sl_Htonl                              
2000bf79  PinModeSet                            
2000bff9  _c_int00                              
2000c039  strtok                                
2000c079  NwpRegisterInterruptHandler           
2000c0f5  PRCMPeripheralClkEnable               
2000c131  simplelink_timerA2_start              
2000c16d  sl_Htons                              
2000c1a9  uDMAChannelControlSet                 
2000c1e5  NwpPowerOff                           
2000c21d  sl_WlanDisconnect                     
2000c255  PRCMPeripheralStatusGet               
2000c289  SPIFIFOLevelSet                       
2000c2bd  UARTDisable                           
2000c2ed  __aeabi_i2d                           
2000c31d  NwpPowerOn                            
2000c349  PRCMSysResetCauseGet                  
2000c3a1  _SlDrvProtectionObjLockWaitForever    
2000c3cd  TimerLoadSet                          
2000c3f7  TimerPrescaleSet                      
2000c421  strspn                                
2000c44d  PRCMPeripheralClkDisable              
2000c475  _SlDrvGlobalObjUnLock                 
2000c49d  _SlDrvProtectionObjUnLock             
2000c4c5  _SlDrvSyncObjWaitForever              
2000c4ed  _SlDrvObjLockWaitForever              
2000c515  DmaSpiSwIntHandler                    
2000c539  IntUnregister                         
2000c55d  UARTEnable                            
2000c581  memmove                               
2000c5a5  strcspn                               
2000c5c9  SPIReset                              
2000c5eb  SPIWordCountSet                       
2000c60d  IntRegister                           
2000c62d  NwpPrePowerOffTimout0                 
2000c64d  TimerGetCurrentTimestamp              
2000c66d  _SlDrvObjUnLock                       
2000c68d  _SlDrvSyncObjSignal                   
2000c6ad  TimerEnable                           
2000c6cb  UARTCharPut                           
2000c707  TimerValueGet                         
2000c723  UARTCharGetNonBlocking                
2000c73f  _SlDrvStartMeasureTimeout             
2000c75b  PinMuxConfig                          
2000c777  memccpy                               
2000c795  uDMAChannelDisable                    
2000c7b1  uDMAChannelEnable                     
2000c7cd  uDMAChannelRequest                    
2000c7e9  PinTypeUART                           
2000c803  SPIDmaDisable                         
2000c81d  SPIDmaEnable                          
2000c837  SPIFIFODisable                        
2000c851  SPIFIFOEnable                         
2000c86b  SPIIntUnregister                      
2000c885  SPICSDisable                          
2000c89d  SPICSEnable                           
2000c8b5  SPIDisable                            
2000c8cd  SPIEnable                             
2000c8e5  UARTCharsAvail                        
2000c8fd  _SlNonOsSemSet                        
2000c92d  _args_main                            
2000c945  PRCMHIBRegRead                        
2000c95b  PRCMHIBRegWrite                       
2000c971  UARTCharGet                           
2000c987  _SlDrvMemZero                         
2000c99d  strchr                                
2000c9b3  uDMAIntRegister                       
2000c9c9  CPUcpsie                              
2000c9dd  IntVTableBaseSet                      
2000c9f1  _register_unlock                      
2000c9f7  _register_lock                        
2000c9ff  _nop                                  
2000ca05  strlen                                
2000ca19  uDMAControlBaseSet                    
2000ca2d  uDMAIntClear                          
2000ca41  uDMAIntUnregister                     
2000ca53  _SlDrvDispatchHttpServerEvents        
2000ca63  _SlDrvResetCmdExt                     
2000ca71  __TI_decompress_none                  
2000ca7f  ResetISR                              
2000ca8d  NwpMaskInterrupt                      
2000ca99  NwpUnMaskInterrupt                    
2000caa5  __TI_zero_init                        
2000cab1  uDMADisable                           
2000cabd  uDMAEnable                            
2000cac9  uDMAIntStatus                         
2000cad5  IntMasterEnable                       
2000cadf  copysign                              
2000cadf  copysignl                             
2000cae7  UtilsDelay                            
2000caed  _system_pre_init                      
2000caf0  _ctypes_                              
2000cef0  OpcodeTranslateTable                  
2000cf2c  _SlActionLookupTable                  
2000d0ca  _SlNetAppSendTokenValueCmdCtrl        
2000d100  __TI_static_base__                    
2000d138  __TI_Handler_Table_Base               
2000d144  __TI_Handler_Table_Limit              
2000d150  __TI_CINIT_Base                       
2000d160  __TI_CINIT_Limit                      
20017000  g_cBsdBuf                             
200176e0  gfpAppCallbackHndl                    
200177e0  g_ucConnectionBSSID                   
200177ec  RxIrqCnt                              
200177ed  g_bDeviceRestartIsRequired            
200177ee  g_cDummy                              
200177ef  iDone                                 
20017800  gpCtlTbl                              
20017c00  g_ucDinDout                           
20017c50  g_ucConnectionSSID                    
20017c78  _sys_memory                           
20018478  g__SlNonOsCB                          
200184b4  g_ulStatus                            
200184b8  g_ulGatewayIP                         
200184bc  g_ulDestinationIp                     
200184c0  g_uiPortNum                           
200184c4  g_ulPacketCount                       
200184c8  g_ucSimplelinkstarted                 
200184cc  g_ulIpAddr                            
200184d0  g_SlDeviceStatus                      
200184d4  g_pCB                                 
200184d8  pPingCallBackFunc                     
200184e0  __TI_cleanup_ptr                      
200184e4  __TI_dtors_ptr                        
200184e8  __TI_enable_exit_profile_output       
200184f8  g_SpiFd                               
200184fc  g_pHostIntHdl                         
20018500  g_ucDMAEnabled                        
20018504  _lock                                 
20018508  _unlock                               
2001850c  errno                                 
20018510  main_func_sp                          
2002f800  __stack                               
20030000  __STACK_END                           
ffffffff  __TI_pprof_out_hndl                   
ffffffff  __TI_prof_data_size                   
ffffffff  __TI_prof_data_start                  
ffffffff  __binit__                             
ffffffff  __c_args__                            
ffffffff  binit                                 
UNDEFED   SHT$$INIT_ARRAY$$Base                 
UNDEFED   SHT$$INIT_ARRAY$$Limit                

[284 symbols]
