<?xml version="1.0"?>
<link_info>
   <banner>TI ARM Linker PC v16.9.4.LTS</banner>
   <copyright>Copyright (c) 1996-2017 Texas Instruments Incorporated</copyright>
   <link_time>0x5d91d377</link_time>
   <link_errors>0x0</link_errors>
   <output_file>USR 1-Axis gyro with telemetry udp VOLTAGE.out</output_file>
   <entry_point>
      <name>_c_int00</name>
      <address>0x2000c705</address>
   </entry_point>
   <input_file_list>
      <input_file id="fl-2">
         <path>.\</path>
         <kind>object</kind>
         <file>i2c_if.obj</file>
         <name>i2c_if.obj</name>
      </input_file>
      <input_file id="fl-3">
         <path>.\</path>
         <kind>object</kind>
         <file>main.obj</file>
         <name>main.obj</name>
      </input_file>
      <input_file id="fl-4">
         <path>.\</path>
         <kind>object</kind>
         <file>network_common.obj</file>
         <name>network_common.obj</name>
      </input_file>
      <input_file id="fl-5">
         <path>.\</path>
         <kind>object</kind>
         <file>pin_mux_config.obj</file>
         <name>pin_mux_config.obj</name>
      </input_file>
      <input_file id="fl-6">
         <path>.\</path>
         <kind>object</kind>
         <file>startup_ccs.obj</file>
         <name>startup_ccs.obj</name>
      </input_file>
      <input_file id="fl-7">
         <path>.\</path>
         <kind>object</kind>
         <file>timer_if.obj</file>
         <name>timer_if.obj</name>
      </input_file>
      <input_file id="fl-8">
         <path>.\</path>
         <kind>object</kind>
         <file>uart_if.obj</file>
         <name>uart_if.obj</name>
      </input_file>
      <input_file id="fl-9">
         <path>.\</path>
         <kind>object</kind>
         <file>udma_if.obj</file>
         <name>udma_if.obj</name>
      </input_file>
      <input_file id="fl-f">
         <kind>object</kind>
         <file>&lt;internal&gt;</file>
         <name>&lt;internal&gt;</name>
      </input_file>
      <input_file id="fl-c5">
         <path>C:\ti\ccsv7\tools\compiler\ti-cgt-arm_16.9.4.LTS\lib\</path>
         <kind>archive</kind>
         <file>rtsv7M4_T_le_eabi.lib</file>
         <name>boot.obj</name>
      </input_file>
      <input_file id="fl-c6">
         <path>C:\ti\ccsv7\tools\compiler\ti-cgt-arm_16.9.4.LTS\lib\</path>
         <kind>archive</kind>
         <file>rtsv7M4_T_le_eabi.lib</file>
         <name>copy_decompress_lzss.obj</name>
      </input_file>
      <input_file id="fl-c7">
         <path>C:\ti\ccsv7\tools\compiler\ti-cgt-arm_16.9.4.LTS\lib\</path>
         <kind>archive</kind>
         <file>rtsv7M4_T_le_eabi.lib</file>
         <name>copy_decompress_none.obj</name>
      </input_file>
      <input_file id="fl-c8">
         <path>C:\ti\ccsv7\tools\compiler\ti-cgt-arm_16.9.4.LTS\lib\</path>
         <kind>archive</kind>
         <file>rtsv7M4_T_le_eabi.lib</file>
         <name>copy_zero_init.obj</name>
      </input_file>
      <input_file id="fl-c9">
         <path>C:\ti\ccsv7\tools\compiler\ti-cgt-arm_16.9.4.LTS\lib\</path>
         <kind>archive</kind>
         <file>rtsv7M4_T_le_eabi.lib</file>
         <name>exit.obj</name>
      </input_file>
      <input_file id="fl-ca">
         <path>C:\ti\ccsv7\tools\compiler\ti-cgt-arm_16.9.4.LTS\lib\</path>
         <kind>archive</kind>
         <file>rtsv7M4_T_le_eabi.lib</file>
         <name>fd_add_t2.obj</name>
      </input_file>
      <input_file id="fl-cb">
         <path>C:\ti\ccsv7\tools\compiler\ti-cgt-arm_16.9.4.LTS\lib\</path>
         <kind>archive</kind>
         <file>rtsv7M4_T_le_eabi.lib</file>
         <name>fd_div_t2.obj</name>
      </input_file>
      <input_file id="fl-cc">
         <path>C:\ti\ccsv7\tools\compiler\ti-cgt-arm_16.9.4.LTS\lib\</path>
         <kind>archive</kind>
         <file>rtsv7M4_T_le_eabi.lib</file>
         <name>fd_mul_t2.obj</name>
      </input_file>
      <input_file id="fl-cd">
         <path>C:\ti\ccsv7\tools\compiler\ti-cgt-arm_16.9.4.LTS\lib\</path>
         <kind>archive</kind>
         <file>rtsv7M4_T_le_eabi.lib</file>
         <name>fd_tos_t2.obj</name>
      </input_file>
      <input_file id="fl-ce">
         <path>C:\ti\ccsv7\tools\compiler\ti-cgt-arm_16.9.4.LTS\lib\</path>
         <kind>archive</kind>
         <file>rtsv7M4_T_le_eabi.lib</file>
         <name>fs_add_t2.obj</name>
      </input_file>
      <input_file id="fl-cf">
         <path>C:\ti\ccsv7\tools\compiler\ti-cgt-arm_16.9.4.LTS\lib\</path>
         <kind>archive</kind>
         <file>rtsv7M4_T_le_eabi.lib</file>
         <name>fs_mul_t2.obj</name>
      </input_file>
      <input_file id="fl-d0">
         <path>C:\ti\ccsv7\tools\compiler\ti-cgt-arm_16.9.4.LTS\lib\</path>
         <kind>archive</kind>
         <file>rtsv7M4_T_le_eabi.lib</file>
         <name>fs_tod_t2.obj</name>
      </input_file>
      <input_file id="fl-d1">
         <path>C:\ti\ccsv7\tools\compiler\ti-cgt-arm_16.9.4.LTS\lib\</path>
         <kind>archive</kind>
         <file>rtsv7M4_T_le_eabi.lib</file>
         <name>fs_toi_t2.obj</name>
      </input_file>
      <input_file id="fl-d2">
         <path>C:\ti\ccsv7\tools\compiler\ti-cgt-arm_16.9.4.LTS\lib\</path>
         <kind>archive</kind>
         <file>rtsv7M4_T_le_eabi.lib</file>
         <name>i_tofd_t2.obj</name>
      </input_file>
      <input_file id="fl-d3">
         <path>C:\ti\ccsv7\tools\compiler\ti-cgt-arm_16.9.4.LTS\lib\</path>
         <kind>archive</kind>
         <file>rtsv7M4_T_le_eabi.lib</file>
         <name>memcpy_t2.obj</name>
      </input_file>
      <input_file id="fl-d4">
         <path>C:\ti\ccsv7\tools\compiler\ti-cgt-arm_16.9.4.LTS\lib\</path>
         <kind>archive</kind>
         <file>rtsv7M4_T_le_eabi.lib</file>
         <name>memmov.obj</name>
      </input_file>
      <input_file id="fl-d5">
         <path>C:\ti\ccsv7\tools\compiler\ti-cgt-arm_16.9.4.LTS\lib\</path>
         <kind>archive</kind>
         <file>rtsv7M4_T_le_eabi.lib</file>
         <name>memory.obj</name>
      </input_file>
      <input_file id="fl-d6">
         <path>C:\ti\ccsv7\tools\compiler\ti-cgt-arm_16.9.4.LTS\lib\</path>
         <kind>archive</kind>
         <file>rtsv7M4_T_le_eabi.lib</file>
         <name>memset_t2.obj</name>
      </input_file>
      <input_file id="fl-d7">
         <path>C:\ti\ccsv7\tools\compiler\ti-cgt-arm_16.9.4.LTS\lib\</path>
         <kind>archive</kind>
         <file>rtsv7M4_T_le_eabi.lib</file>
         <name>mpu_init.obj</name>
      </input_file>
      <input_file id="fl-d8">
         <path>C:\ti\ccsv7\tools\compiler\ti-cgt-arm_16.9.4.LTS\lib\</path>
         <kind>archive</kind>
         <file>rtsv7M4_T_le_eabi.lib</file>
         <name>pre_init.obj</name>
      </input_file>
      <input_file id="fl-d9">
         <path>C:\ti\ccsv7\tools\compiler\ti-cgt-arm_16.9.4.LTS\lib\</path>
         <kind>archive</kind>
         <file>rtsv7M4_T_le_eabi.lib</file>
         <name>sprintf.obj</name>
      </input_file>
      <input_file id="fl-da">
         <path>C:\ti\ccsv7\tools\compiler\ti-cgt-arm_16.9.4.LTS\lib\</path>
         <kind>archive</kind>
         <file>rtsv7M4_T_le_eabi.lib</file>
         <name>stkdepth_vars.obj</name>
      </input_file>
      <input_file id="fl-db">
         <path>C:\ti\ccsv7\tools\compiler\ti-cgt-arm_16.9.4.LTS\lib\</path>
         <kind>archive</kind>
         <file>rtsv7M4_T_le_eabi.lib</file>
         <name>strlen.obj</name>
      </input_file>
      <input_file id="fl-dc">
         <path>C:\ti\ccsv7\tools\compiler\ti-cgt-arm_16.9.4.LTS\lib\</path>
         <kind>archive</kind>
         <file>rtsv7M4_T_le_eabi.lib</file>
         <name>u_tofd_t2.obj</name>
      </input_file>
      <input_file id="fl-dd">
         <path>C:\ti\ccsv7\tools\compiler\ti-cgt-arm_16.9.4.LTS\lib\</path>
         <kind>archive</kind>
         <file>rtsv7M4_T_le_eabi.lib</file>
         <name>vsnprintf.obj</name>
      </input_file>
      <input_file id="fl-de">
         <path>C:\ti\ccsv7\tools\compiler\ti-cgt-arm_16.9.4.LTS\lib\</path>
         <kind>archive</kind>
         <file>rtsv7M4_T_le_eabi.lib</file>
         <name>_lock.obj</name>
      </input_file>
      <input_file id="fl-df">
         <path>C:\ti\ccsv7\tools\compiler\ti-cgt-arm_16.9.4.LTS\lib\</path>
         <kind>archive</kind>
         <file>rtsv7M4_T_le_eabi.lib</file>
         <name>_printfi.obj</name>
      </input_file>
      <input_file id="fl-e0">
         <path>C:\ti\ccsv7\tools\compiler\ti-cgt-arm_16.9.4.LTS\lib\</path>
         <kind>archive</kind>
         <file>rtsv7M4_T_le_eabi.lib</file>
         <name>args_main.obj</name>
      </input_file>
      <input_file id="fl-e1">
         <path>C:\ti\ccsv7\tools\compiler\ti-cgt-arm_16.9.4.LTS\lib\</path>
         <kind>archive</kind>
         <file>rtsv7M4_T_le_eabi.lib</file>
         <name>atoi.obj</name>
      </input_file>
      <input_file id="fl-e2">
         <path>C:\ti\ccsv7\tools\compiler\ti-cgt-arm_16.9.4.LTS\lib\</path>
         <kind>archive</kind>
         <file>rtsv7M4_T_le_eabi.lib</file>
         <name>autoinit.obj</name>
      </input_file>
      <input_file id="fl-e3">
         <path>C:\ti\ccsv7\tools\compiler\ti-cgt-arm_16.9.4.LTS\lib\</path>
         <kind>archive</kind>
         <file>rtsv7M4_T_le_eabi.lib</file>
         <name>cpy_tbl.obj</name>
      </input_file>
      <input_file id="fl-e4">
         <path>C:\ti\ccsv7\tools\compiler\ti-cgt-arm_16.9.4.LTS\lib\</path>
         <kind>archive</kind>
         <file>rtsv7M4_T_le_eabi.lib</file>
         <name>ctype.obj</name>
      </input_file>
      <input_file id="fl-e5">
         <path>C:\ti\ccsv7\tools\compiler\ti-cgt-arm_16.9.4.LTS\lib\</path>
         <kind>archive</kind>
         <file>rtsv7M4_T_le_eabi.lib</file>
         <name>fd_cmp_t2.obj</name>
      </input_file>
      <input_file id="fl-e6">
         <path>C:\ti\ccsv7\tools\compiler\ti-cgt-arm_16.9.4.LTS\lib\</path>
         <kind>archive</kind>
         <file>rtsv7M4_T_le_eabi.lib</file>
         <name>fd_toi_t2.obj</name>
      </input_file>
      <input_file id="fl-e7">
         <path>C:\ti\ccsv7\tools\compiler\ti-cgt-arm_16.9.4.LTS\lib\</path>
         <kind>archive</kind>
         <file>rtsv7M4_T_le_eabi.lib</file>
         <name>ltoa.obj</name>
      </input_file>
      <input_file id="fl-e8">
         <path>C:\ti\ccsv7\tools\compiler\ti-cgt-arm_16.9.4.LTS\lib\</path>
         <kind>archive</kind>
         <file>rtsv7M4_T_le_eabi.lib</file>
         <name>memccpy.obj</name>
      </input_file>
      <input_file id="fl-e9">
         <path>C:\ti\ccsv7\tools\compiler\ti-cgt-arm_16.9.4.LTS\lib\</path>
         <kind>archive</kind>
         <file>rtsv7M4_T_le_eabi.lib</file>
         <name>s_frexp.obj</name>
      </input_file>
      <input_file id="fl-ea">
         <path>C:\ti\ccsv7\tools\compiler\ti-cgt-arm_16.9.4.LTS\lib\</path>
         <kind>archive</kind>
         <file>rtsv7M4_T_le_eabi.lib</file>
         <name>s_scalbn.obj</name>
      </input_file>
      <input_file id="fl-eb">
         <path>C:\ti\ccsv7\tools\compiler\ti-cgt-arm_16.9.4.LTS\lib\</path>
         <kind>archive</kind>
         <file>rtsv7M4_T_le_eabi.lib</file>
         <name>startup.obj</name>
      </input_file>
      <input_file id="fl-ec">
         <path>C:\ti\ccsv7\tools\compiler\ti-cgt-arm_16.9.4.LTS\lib\</path>
         <kind>archive</kind>
         <file>rtsv7M4_T_le_eabi.lib</file>
         <name>strchr.obj</name>
      </input_file>
      <input_file id="fl-ed">
         <path>C:\ti\ccsv7\tools\compiler\ti-cgt-arm_16.9.4.LTS\lib\</path>
         <kind>archive</kind>
         <file>rtsv7M4_T_le_eabi.lib</file>
         <name>ull_div_t2.obj</name>
      </input_file>
      <input_file id="fl-ee">
         <path>C:\ti\ccsv7\tools\compiler\ti-cgt-arm_16.9.4.LTS\lib\</path>
         <kind>archive</kind>
         <file>rtsv7M4_T_le_eabi.lib</file>
         <name>errno.obj</name>
      </input_file>
      <input_file id="fl-ef">
         <path>C:\ti\ccsv7\tools\compiler\ti-cgt-arm_16.9.4.LTS\lib\</path>
         <kind>archive</kind>
         <file>rtsv7M4_T_le_eabi.lib</file>
         <name>s_copysign.obj</name>
      </input_file>
      <input_file id="fl-f0">
         <path>C:\ti\CC3200SDK_1.3.0\cc3200-sdk\simplelink\ccs\NON_OS\</path>
         <kind>archive</kind>
         <file>simplelink.a</file>
         <name>device.obj</name>
      </input_file>
      <input_file id="fl-f1">
         <path>C:\ti\CC3200SDK_1.3.0\cc3200-sdk\simplelink\ccs\NON_OS\</path>
         <kind>archive</kind>
         <file>simplelink.a</file>
         <name>driver.obj</name>
      </input_file>
      <input_file id="fl-f2">
         <path>C:\ti\CC3200SDK_1.3.0\cc3200-sdk\simplelink\ccs\NON_OS\</path>
         <kind>archive</kind>
         <file>simplelink.a</file>
         <name>netapp.obj</name>
      </input_file>
      <input_file id="fl-f3">
         <path>C:\ti\CC3200SDK_1.3.0\cc3200-sdk\simplelink\ccs\NON_OS\</path>
         <kind>archive</kind>
         <file>simplelink.a</file>
         <name>netcfg.obj</name>
      </input_file>
      <input_file id="fl-f4">
         <path>C:\ti\CC3200SDK_1.3.0\cc3200-sdk\simplelink\ccs\NON_OS\</path>
         <kind>archive</kind>
         <file>simplelink.a</file>
         <name>nonos.obj</name>
      </input_file>
      <input_file id="fl-f5">
         <path>C:\ti\CC3200SDK_1.3.0\cc3200-sdk\simplelink\ccs\NON_OS\</path>
         <kind>archive</kind>
         <file>simplelink.a</file>
         <name>socket.obj</name>
      </input_file>
      <input_file id="fl-f6">
         <path>C:\ti\CC3200SDK_1.3.0\cc3200-sdk\simplelink\ccs\NON_OS\</path>
         <kind>archive</kind>
         <file>simplelink.a</file>
         <name>wlan.obj</name>
      </input_file>
      <input_file id="fl-f7">
         <path>C:\ti\CC3200SDK_1.3.0\cc3200-sdk\simplelink\ccs\NON_OS\</path>
         <kind>archive</kind>
         <file>simplelink.a</file>
         <name>cc_pal.obj</name>
      </input_file>
      <input_file id="fl-f8">
         <path>C:\ti\CC3200SDK_1.3.0\cc3200-sdk\driverlib\ccs\Release\</path>
         <kind>archive</kind>
         <file>driverlib.a</file>
         <name>adc.obj</name>
      </input_file>
      <input_file id="fl-f9">
         <path>C:\ti\CC3200SDK_1.3.0\cc3200-sdk\driverlib\ccs\Release\</path>
         <kind>archive</kind>
         <file>driverlib.a</file>
         <name>i2c.obj</name>
      </input_file>
      <input_file id="fl-fa">
         <path>C:\ti\CC3200SDK_1.3.0\cc3200-sdk\driverlib\ccs\Release\</path>
         <kind>archive</kind>
         <file>driverlib.a</file>
         <name>interrupt.obj</name>
      </input_file>
      <input_file id="fl-fb">
         <path>C:\ti\CC3200SDK_1.3.0\cc3200-sdk\driverlib\ccs\Release\</path>
         <kind>archive</kind>
         <file>driverlib.a</file>
         <name>pin.obj</name>
      </input_file>
      <input_file id="fl-fc">
         <path>C:\ti\CC3200SDK_1.3.0\cc3200-sdk\driverlib\ccs\Release\</path>
         <kind>archive</kind>
         <file>driverlib.a</file>
         <name>prcm.obj</name>
      </input_file>
      <input_file id="fl-fd">
         <path>C:\ti\CC3200SDK_1.3.0\cc3200-sdk\driverlib\ccs\Release\</path>
         <kind>archive</kind>
         <file>driverlib.a</file>
         <name>spi.obj</name>
      </input_file>
      <input_file id="fl-fe">
         <path>C:\ti\CC3200SDK_1.3.0\cc3200-sdk\driverlib\ccs\Release\</path>
         <kind>archive</kind>
         <file>driverlib.a</file>
         <name>timer.obj</name>
      </input_file>
      <input_file id="fl-ff">
         <path>C:\ti\CC3200SDK_1.3.0\cc3200-sdk\driverlib\ccs\Release\</path>
         <kind>archive</kind>
         <file>driverlib.a</file>
         <name>uart.obj</name>
      </input_file>
      <input_file id="fl-100">
         <path>C:\ti\CC3200SDK_1.3.0\cc3200-sdk\driverlib\ccs\Release\</path>
         <kind>archive</kind>
         <file>driverlib.a</file>
         <name>udma.obj</name>
      </input_file>
      <input_file id="fl-101">
         <path>C:\ti\CC3200SDK_1.3.0\cc3200-sdk\driverlib\ccs\Release\</path>
         <kind>archive</kind>
         <file>driverlib.a</file>
         <name>utils.obj</name>
      </input_file>
      <input_file id="fl-102">
         <path>C:\ti\CC3200SDK_1.3.0\cc3200-sdk\driverlib\ccs\Release\</path>
         <kind>archive</kind>
         <file>driverlib.a</file>
         <name>cpu.obj</name>
      </input_file>
      <input_file id="fl-103">
         <path>C:\ti\CC3200SDK_1.3.0\cc3200-sdk\driverlib\ccs\Release\</path>
         <kind>archive</kind>
         <file>driverlib.a</file>
         <name>flash.obj</name>
      </input_file>
   </input_file_list>
   <object_component_list>
      <object_component id="oc-f">
         <name>.intvecs</name>
         <load_address>0x20004000</load_address>
         <run_address>0x20004000</run_address>
         <size>0x400</size>
         <input_file_ref idref="fl-6"/>
      </object_component>
      <object_component id="oc-a8">
         <name>.text</name>
         <load_address>0x20004400</load_address>
         <run_address>0x20004400</run_address>
         <size>0x1970</size>
         <input_file_ref idref="fl-3"/>
      </object_component>
      <object_component id="oc-3ee">
         <name>.text</name>
         <load_address>0x20005d70</load_address>
         <run_address>0x20005d70</run_address>
         <size>0x1122</size>
         <input_file_ref idref="fl-df"/>
      </object_component>
      <object_component id="oc-721">
         <name>.text:IntDefaultHandler</name>
         <load_address>0x20006e92</load_address>
         <run_address>0x20006e92</run_address>
         <size>0x2</size>
         <input_file_ref idref="fl-fa"/>
      </object_component>
      <object_component id="oc-730">
         <name>.text:_SlDrvMsgRead</name>
         <load_address>0x20006e94</load_address>
         <run_address>0x20006e94</run_address>
         <size>0x590</size>
         <input_file_ref idref="fl-f1"/>
      </object_component>
      <object_component id="oc-2ed">
         <name>.text</name>
         <load_address>0x20007424</load_address>
         <run_address>0x20007424</run_address>
         <size>0x3d0</size>
         <input_file_ref idref="fl-d5"/>
      </object_component>
      <object_component id="oc-175">
         <name>.text</name>
         <load_address>0x200077f4</load_address>
         <run_address>0x200077f4</run_address>
         <size>0x284</size>
         <input_file_ref idref="fl-2"/>
      </object_component>
      <object_component id="oc-d8">
         <name>.text</name>
         <load_address>0x20007a78</load_address>
         <run_address>0x20007a78</run_address>
         <size>0x280</size>
         <input_file_ref idref="fl-8"/>
      </object_component>
      <object_component id="oc-7a6">
         <name>.text:_SlDrvRxHdrRead</name>
         <load_address>0x20007cf8</load_address>
         <run_address>0x20007cf8</run_address>
         <size>0x24c</size>
         <input_file_ref idref="fl-f1"/>
      </object_component>
      <object_component id="oc-632">
         <name>.text</name>
         <load_address>0x20007f44</load_address>
         <run_address>0x20007f44</run_address>
         <size>0x1f4</size>
         <input_file_ref idref="fl-ed"/>
      </object_component>
      <object_component id="oc-349">
         <name>.text:_SlDrvReleasePoolObj</name>
         <load_address>0x20008138</load_address>
         <run_address>0x20008138</run_address>
         <size>0x1d0</size>
         <input_file_ref idref="fl-f1"/>
      </object_component>
      <object_component id="oc-189">
         <name>.text</name>
         <load_address>0x20008308</load_address>
         <run_address>0x20008308</run_address>
         <size>0x1b6</size>
         <input_file_ref idref="fl-ca"/>
      </object_component>
      <object_component id="oc-59">
         <name>.text</name>
         <load_address>0x200084be</load_address>
         <run_address>0x200084be</run_address>
         <size>0x2</size>
         <input_file_ref idref="fl-d7"/>
      </object_component>
      <object_component id="oc-31f">
         <name>.text:_SlDrvDriverCBInit</name>
         <load_address>0x200084c0</load_address>
         <run_address>0x200084c0</run_address>
         <size>0x1b4</size>
         <input_file_ref idref="fl-f1"/>
      </object_component>
      <object_component id="oc-5e7">
         <name>.text:_SlDrvMsgWrite</name>
         <load_address>0x20008674</load_address>
         <run_address>0x20008674</run_address>
         <size>0x19c</size>
         <input_file_ref idref="fl-f1"/>
      </object_component>
      <object_component id="oc-1f4">
         <name>.text</name>
         <load_address>0x20008810</load_address>
         <run_address>0x20008810</run_address>
         <size>0x198</size>
         <input_file_ref idref="fl-7"/>
      </object_component>
      <object_component id="oc-579">
         <name>.text:_SlDrvWaitForPoolObj</name>
         <load_address>0x200089a8</load_address>
         <run_address>0x200089a8</run_address>
         <size>0x190</size>
         <input_file_ref idref="fl-f1"/>
      </object_component>
      <object_component id="oc-26a">
         <name>.text:PRCMCC3200MCUInit</name>
         <load_address>0x20008b38</load_address>
         <run_address>0x20008b38</run_address>
         <size>0x178</size>
         <input_file_ref idref="fl-fc"/>
      </object_component>
      <object_component id="oc-7b8">
         <name>.text:_SlFindAndSetActiveObj</name>
         <load_address>0x20008cb0</load_address>
         <run_address>0x20008cb0</run_address>
         <size>0x170</size>
         <input_file_ref idref="fl-f1"/>
      </object_component>
      <object_component id="oc-402">
         <name>.text:_SlDrvDataWriteOp</name>
         <load_address>0x20008e20</load_address>
         <run_address>0x20008e20</run_address>
         <size>0x150</size>
         <input_file_ref idref="fl-f1"/>
      </object_component>
      <object_component id="oc-325">
         <name>.text:spi_Open</name>
         <load_address>0x20008f70</load_address>
         <run_address>0x20008f70</run_address>
         <size>0x148</size>
         <input_file_ref idref="fl-f7"/>
      </object_component>
      <object_component id="oc-5ed">
         <name>.text:_SlDrvMsgReadCmdCtx</name>
         <load_address>0x200090b8</load_address>
         <run_address>0x200090b8</run_address>
         <size>0x144</size>
         <input_file_ref idref="fl-f1"/>
      </object_component>
      <object_component id="oc-16b">
         <name>.text:sl_SendTo</name>
         <load_address>0x200091fc</load_address>
         <run_address>0x200091fc</run_address>
         <size>0x144</size>
         <input_file_ref idref="fl-f5"/>
      </object_component>
      <object_component id="oc-160">
         <name>.text</name>
         <load_address>0x20009340</load_address>
         <run_address>0x20009340</run_address>
         <size>0x136</size>
         <input_file_ref idref="fl-cb"/>
      </object_component>
      <object_component id="oc-a0">
         <name>.text</name>
         <load_address>0x20009476</load_address>
         <run_address>0x20009476</run_address>
         <size>0x2</size>
         <input_file_ref idref="fl-eb"/>
      </object_component>
      <object_component id="oc-38e">
         <name>.text:_SlDrvDriverCBDeinit</name>
         <load_address>0x20009478</load_address>
         <run_address>0x20009478</run_address>
         <size>0x130</size>
         <input_file_ref idref="fl-f1"/>
      </object_component>
      <object_component id="oc-80a">
         <name>.text:_SlDrvNetAppEventHandler</name>
         <load_address>0x200095a8</load_address>
         <run_address>0x200095a8</run_address>
         <size>0x104</size>
         <input_file_ref idref="fl-f2"/>
      </object_component>
      <object_component id="oc-15b">
         <name>.text</name>
         <load_address>0x200096ac</load_address>
         <run_address>0x200096ac</run_address>
         <size>0xfc</size>
         <input_file_ref idref="fl-cc"/>
      </object_component>
      <object_component id="oc-1bf">
         <name>.text</name>
         <load_address>0x200097a8</load_address>
         <run_address>0x200097a8</run_address>
         <size>0xfa</size>
         <input_file_ref idref="fl-ce"/>
      </object_component>
      <object_component id="oc-fb">
         <name>.text:sl_Stop</name>
         <load_address>0x200098a4</load_address>
         <run_address>0x200098a4</run_address>
         <size>0xf0</size>
         <input_file_ref idref="fl-f0"/>
      </object_component>
      <object_component id="oc-7b2">
         <name>.text:spi_Read</name>
         <load_address>0x20009994</load_address>
         <run_address>0x20009994</run_address>
         <size>0xf0</size>
         <input_file_ref idref="fl-f7"/>
      </object_component>
      <object_component id="oc-88f">
         <name>.text:uDMAChannelTransferSet</name>
         <load_address>0x20009a84</load_address>
         <run_address>0x20009a84</run_address>
         <size>0xf0</size>
         <input_file_ref idref="fl-100"/>
      </object_component>
      <object_component id="oc-270">
         <name>.text</name>
         <load_address>0x20009b74</load_address>
         <run_address>0x20009b74</run_address>
         <size>0xec</size>
         <input_file_ref idref="fl-5"/>
      </object_component>
      <object_component id="oc-e9">
         <name>.text:sl_Start</name>
         <load_address>0x20009c60</load_address>
         <run_address>0x20009c60</run_address>
         <size>0xec</size>
         <input_file_ref idref="fl-f0"/>
      </object_component>
      <object_component id="oc-736">
         <name>.text:_SlAsyncEventGenericHandler</name>
         <load_address>0x20009d4c</load_address>
         <run_address>0x20009d4c</run_address>
         <size>0xe8</size>
         <input_file_ref idref="fl-f1"/>
      </object_component>
      <object_component id="oc-5ce">
         <name>.text:_SlDrvMsgReadSpawnCtx</name>
         <load_address>0x20009e34</load_address>
         <run_address>0x20009e34</run_address>
         <size>0xe8</size>
         <input_file_ref idref="fl-f1"/>
      </object_component>
      <object_component id="oc-3c9">
         <name>.text:sl_NetAppMDNSRegisterUnregisterService</name>
         <load_address>0x20009f1c</load_address>
         <run_address>0x20009f1c</run_address>
         <size>0xe4</size>
         <input_file_ref idref="fl-f2"/>
      </object_component>
      <object_component id="oc-7ac">
         <name>.text:_SlDrvClassifyRxMsg</name>
         <load_address>0x2000a000</load_address>
         <run_address>0x2000a000</run_address>
         <size>0xdc</size>
         <input_file_ref idref="fl-f1"/>
      </object_component>
      <object_component id="oc-276">
         <name>.text:sl_NetCfgGet</name>
         <load_address>0x2000a0dc</load_address>
         <run_address>0x2000a0dc</run_address>
         <size>0xd8</size>
         <input_file_ref idref="fl-f3"/>
      </object_component>
      <object_component id="oc-652">
         <name>.text</name>
         <load_address>0x2000a1b4</load_address>
         <run_address>0x2000a1b4</run_address>
         <size>0xd0</size>
         <input_file_ref idref="fl-ea"/>
      </object_component>
      <object_component id="oc-84d">
         <name>.text:_sl_HandleAsync_DnsGetHostByService</name>
         <load_address>0x2000a284</load_address>
         <run_address>0x2000a284</run_address>
         <size>0xcc</size>
         <input_file_ref idref="fl-f2"/>
      </object_component>
      <object_component id="oc-101">
         <name>.text:sl_DevGet</name>
         <load_address>0x2000a350</load_address>
         <run_address>0x2000a350</run_address>
         <size>0xcc</size>
         <input_file_ref idref="fl-f0"/>
      </object_component>
      <object_component id="oc-5ae">
         <name>.text:_SlRemoveFromList</name>
         <load_address>0x2000a41c</load_address>
         <run_address>0x2000a41c</run_address>
         <size>0xc4</size>
         <input_file_ref idref="fl-f1"/>
      </object_component>
      <object_component id="oc-372">
         <name>.text:_SlDrvCmdOp</name>
         <load_address>0x2000a4e0</load_address>
         <run_address>0x2000a4e0</run_address>
         <size>0xc0</size>
         <input_file_ref idref="fl-f1"/>
      </object_component>
      <object_component id="oc-519">
         <name>.text:_SlNonOsSemGet</name>
         <load_address>0x2000a5a0</load_address>
         <run_address>0x2000a5a0</run_address>
         <size>0xb0</size>
         <input_file_ref idref="fl-f4"/>
      </object_component>
      <object_component id="oc-282">
         <name>.text:IntDisable</name>
         <load_address>0x2000a650</load_address>
         <run_address>0x2000a650</run_address>
         <size>0xa8</size>
         <input_file_ref idref="fl-fa"/>
      </object_component>
      <object_component id="oc-264">
         <name>.text:IntEnable</name>
         <load_address>0x2000a6f8</load_address>
         <run_address>0x2000a6f8</run_address>
         <size>0xa8</size>
         <input_file_ref idref="fl-fa"/>
      </object_component>
      <object_component id="oc-5a7">
         <name>.text:_SlDriverHandleError</name>
         <load_address>0x2000a7a0</load_address>
         <run_address>0x2000a7a0</run_address>
         <size>0xa4</size>
         <input_file_ref idref="fl-f1"/>
      </object_component>
      <object_component id="oc-536">
         <name>.text:SPIConfigSetExpClk</name>
         <load_address>0x2000a844</load_address>
         <run_address>0x2000a844</run_address>
         <size>0xa0</size>
         <input_file_ref idref="fl-fd"/>
      </object_component>
      <object_component id="oc-41">
         <name>.text</name>
         <load_address>0x2000a8e4</load_address>
         <run_address>0x2000a8e4</run_address>
         <size>0x9c</size>
         <input_file_ref idref="fl-d3"/>
      </object_component>
      <object_component id="oc-83f">
         <name>.text:_SlDrvDeviceEventHandler</name>
         <load_address>0x2000a980</load_address>
         <run_address>0x2000a980</run_address>
         <size>0x9a</size>
         <input_file_ref idref="fl-f0"/>
      </object_component>
      <object_component id="oc-119">
         <name>.text:sl_NetCfgSet</name>
         <load_address>0x2000aa1c</load_address>
         <run_address>0x2000aa1c</run_address>
         <size>0x98</size>
         <input_file_ref idref="fl-f3"/>
      </object_component>
      <object_component id="oc-150">
         <name>.text:sl_SetSockOpt</name>
         <load_address>0x2000aab4</load_address>
         <run_address>0x2000aab4</run_address>
         <size>0x98</size>
         <input_file_ref idref="fl-f5"/>
      </object_component>
      <object_component id="oc-11f">
         <name>.text:sl_WlanSet</name>
         <load_address>0x2000ab4c</load_address>
         <run_address>0x2000ab4c</run_address>
         <size>0x98</size>
         <input_file_ref idref="fl-f6"/>
      </object_component>
      <object_component id="oc-73f">
         <name>.text:spi_Write</name>
         <load_address>0x2000abe4</load_address>
         <run_address>0x2000abe4</run_address>
         <size>0x98</size>
         <input_file_ref idref="fl-f7"/>
      </object_component>
      <object_component id="oc-2c3">
         <name>.text:PRCMPeripheralClockGet</name>
         <load_address>0x2000ac7c</load_address>
         <run_address>0x2000ac7c</run_address>
         <size>0x94</size>
         <input_file_ref idref="fl-fc"/>
      </object_component>
      <object_component id="oc-847">
         <name>.text:_sl_HandleAsync_DnsGetHostByName</name>
         <load_address>0x2000ad10</load_address>
         <run_address>0x2000ad10</run_address>
         <size>0x90</size>
         <input_file_ref idref="fl-f2"/>
      </object_component>
      <object_component id="oc-810">
         <name>.text:_sl_HandleAsync_PingResponse</name>
         <load_address>0x2000ada0</load_address>
         <run_address>0x2000ada0</run_address>
         <size>0x90</size>
         <input_file_ref idref="fl-f2"/>
      </object_component>
      <object_component id="oc-107">
         <name>.text:sl_WlanPolicySet</name>
         <load_address>0x2000ae30</load_address>
         <run_address>0x2000ae30</run_address>
         <size>0x90</size>
         <input_file_ref idref="fl-f6"/>
      </object_component>
      <object_component id="oc-817">
         <name>.text:SetupDMAReceive</name>
         <load_address>0x2000aec0</load_address>
         <run_address>0x2000aec0</run_address>
         <size>0x8c</size>
         <input_file_ref idref="fl-f7"/>
      </object_component>
      <object_component id="oc-7c3">
         <name>.text:SetupDMASend</name>
         <load_address>0x2000af4c</load_address>
         <run_address>0x2000af4c</run_address>
         <size>0x8c</size>
         <input_file_ref idref="fl-f7"/>
      </object_component>
      <object_component id="oc-6e4">
         <name>.text:_SlDrvIsTimeoutExpired</name>
         <load_address>0x2000afd8</load_address>
         <run_address>0x2000afd8</run_address>
         <size>0x8c</size>
         <input_file_ref idref="fl-f1"/>
      </object_component>
      <object_component id="oc-89c">
         <name>.text:_sl_HandleAsync_InitComplete</name>
         <load_address>0x2000b064</load_address>
         <run_address>0x2000b064</run_address>
         <size>0x8c</size>
         <input_file_ref idref="fl-f0"/>
      </object_component>
      <object_component id="oc-14a">
         <name>.text:sl_Socket</name>
         <load_address>0x2000b0f0</load_address>
         <run_address>0x2000b0f0</run_address>
         <size>0x8c</size>
         <input_file_ref idref="fl-f5"/>
      </object_component>
      <object_component id="oc-6c8">
         <name>.text:PinConfigSet</name>
         <load_address>0x2000b17c</load_address>
         <run_address>0x2000b17c</run_address>
         <size>0x88</size>
         <input_file_ref idref="fl-fb"/>
      </object_component>
      <object_component id="oc-2d5">
         <name>.text</name>
         <load_address>0x2000b204</load_address>
         <run_address>0x2000b204</run_address>
         <size>0x88</size>
         <input_file_ref idref="fl-dd"/>
      </object_component>
      <object_component id="oc-637">
         <name>.text:__aeabi_cdcmple</name>
         <load_address>0x2000b28c</load_address>
         <run_address>0x2000b28c</run_address>
         <size>0x86</size>
         <input_file_ref idref="fl-e5"/>
      </object_component>
      <object_component id="oc-63c">
         <name>.text:__aeabi_cdrcmple</name>
         <load_address>0x2000b312</load_address>
         <run_address>0x2000b312</run_address>
         <size>0x86</size>
         <input_file_ref idref="fl-e5"/>
      </object_component>
      <object_component id="oc-44a">
         <name>.text:I2CMasterInitExpClk</name>
         <load_address>0x2000b398</load_address>
         <run_address>0x2000b398</run_address>
         <size>0x84</size>
         <input_file_ref idref="fl-f9"/>
      </object_component>
      <object_component id="oc-131">
         <name>.text:sl_WlanRxFilterSet</name>
         <load_address>0x2000b41c</load_address>
         <run_address>0x2000b41c</run_address>
         <size>0x84</size>
         <input_file_ref idref="fl-f6"/>
      </object_component>
      <object_component id="oc-86f">
         <name>.text:_sl_HandleAsync_Connect</name>
         <load_address>0x2000b4a0</load_address>
         <run_address>0x2000b4a0</run_address>
         <size>0x80</size>
         <input_file_ref idref="fl-f5"/>
      </object_component>
      <object_component id="oc-81d">
         <name>.text:spi_Read_CPU</name>
         <load_address>0x2000b520</load_address>
         <run_address>0x2000b520</run_address>
         <size>0x80</size>
         <input_file_ref idref="fl-f7"/>
      </object_component>
      <object_component id="oc-7d5">
         <name>.text:spi_Write_CPU</name>
         <load_address>0x2000b5a0</load_address>
         <run_address>0x2000b5a0</run_address>
         <size>0x80</size>
         <input_file_ref idref="fl-f7"/>
      </object_component>
      <object_component id="oc-1c4">
         <name>.text</name>
         <load_address>0x2000b620</load_address>
         <run_address>0x2000b620</run_address>
         <size>0x7a</size>
         <input_file_ref idref="fl-cf"/>
      </object_component>
      <object_component id="oc-4d">
         <name>.text</name>
         <load_address>0x2000b69a</load_address>
         <run_address>0x2000b69a</run_address>
         <size>0x7a</size>
         <input_file_ref idref="fl-d6"/>
      </object_component>
      <object_component id="oc-388">
         <name>.text:spi_Close</name>
         <load_address>0x2000b714</load_address>
         <run_address>0x2000b714</run_address>
         <size>0x78</size>
         <input_file_ref idref="fl-f7"/>
      </object_component>
      <object_component id="oc-2c9">
         <name>.text:UARTConfigSetExpClk</name>
         <load_address>0x2000b78c</load_address>
         <run_address>0x2000b78c</run_address>
         <size>0x76</size>
         <input_file_ref idref="fl-ff"/>
      </object_component>
      <object_component id="oc-ef">
         <name>.text:_SlNonOsMainLoopTask</name>
         <load_address>0x2000b804</load_address>
         <run_address>0x2000b804</run_address>
         <size>0x74</size>
         <input_file_ref idref="fl-f4"/>
      </object_component>
      <object_component id="oc-200">
         <name>.text:TimerIntRegister</name>
         <load_address>0x2000b878</load_address>
         <run_address>0x2000b878</run_address>
         <size>0x70</size>
         <input_file_ref idref="fl-fe"/>
      </object_component>
      <object_component id="oc-65">
         <name>.text</name>
         <load_address>0x2000b8e8</load_address>
         <run_address>0x2000b8e8</run_address>
         <size>0x70</size>
         <input_file_ref idref="fl-e2"/>
      </object_component>
      <object_component id="oc-18e">
         <name>.text</name>
         <load_address>0x2000b958</load_address>
         <run_address>0x2000b958</run_address>
         <size>0x6e</size>
         <input_file_ref idref="fl-cd"/>
      </object_component>
      <object_component id="oc-8a6">
         <name>.text:_SlDrvCmdSend</name>
         <load_address>0x2000b9c8</load_address>
         <run_address>0x2000b9c8</run_address>
         <size>0x6c</size>
         <input_file_ref idref="fl-f1"/>
      </object_component>
      <object_component id="oc-859">
         <name>.text:_sl_NetAppSendTokenValue</name>
         <load_address>0x2000ba34</load_address>
         <run_address>0x2000ba34</run_address>
         <size>0x6c</size>
         <input_file_ref idref="fl-f2"/>
      </object_component>
      <object_component id="oc-248">
         <name>.text:ADCIntEnable</name>
         <load_address>0x2000baa0</load_address>
         <run_address>0x2000baa0</run_address>
         <size>0x68</size>
         <input_file_ref idref="fl-f8"/>
      </object_component>
      <object_component id="oc-47f">
         <name>.text:TimerIntUnregister</name>
         <load_address>0x2000bb08</load_address>
         <run_address>0x2000bb08</run_address>
         <size>0x68</size>
         <input_file_ref idref="fl-fe"/>
      </object_component>
      <object_component id="oc-12">
         <name>.text:decompress:lzss</name>
         <load_address>0x2000bb70</load_address>
         <run_address>0x2000bb70</run_address>
         <size>0x68</size>
         <input_file_ref idref="fl-c6"/>
      </object_component>
      <object_component id="oc-5c8">
         <name>.text:_SlNonOsSpawn</name>
         <load_address>0x2000bbd8</load_address>
         <run_address>0x2000bbd8</run_address>
         <size>0x64</size>
         <input_file_ref idref="fl-f4"/>
      </object_component>
      <object_component id="oc-869">
         <name>.text:_sl_HandleAsync_Accept</name>
         <load_address>0x2000bc3c</load_address>
         <run_address>0x2000bc3c</run_address>
         <size>0x64</size>
         <input_file_ref idref="fl-f5"/>
      </object_component>
      <object_component id="oc-125">
         <name>.text:sl_NetAppMDNSUnRegisterService</name>
         <load_address>0x2000bca0</load_address>
         <run_address>0x2000bca0</run_address>
         <size>0x64</size>
         <input_file_ref idref="fl-f2"/>
      </object_component>
      <object_component id="oc-6fb">
         <name>.text:uDMAChannelAttributeDisable</name>
         <load_address>0x2000bd04</load_address>
         <run_address>0x2000bd04</run_address>
         <size>0x64</size>
         <input_file_ref idref="fl-100"/>
      </object_component>
      <object_component id="oc-889">
         <name>.text:uDMAChannelAttributeEnable</name>
         <load_address>0x2000bd68</load_address>
         <run_address>0x2000bd68</run_address>
         <size>0x64</size>
         <input_file_ref idref="fl-100"/>
      </object_component>
      <object_component id="oc-165">
         <name>.text</name>
         <load_address>0x2000bdcc</load_address>
         <run_address>0x2000bdcc</run_address>
         <size>0x60</size>
         <input_file_ref idref="fl-d9"/>
      </object_component>
      <object_component id="oc-10d">
         <name>.text:sl_WlanProfileDel</name>
         <load_address>0x2000be2c</load_address>
         <run_address>0x2000be2c</run_address>
         <size>0x60</size>
         <input_file_ref idref="fl-f6"/>
      </object_component>
      <object_component id="oc-f5">
         <name>.text:sl_WlanSetMode</name>
         <load_address>0x2000be8c</load_address>
         <run_address>0x2000be8c</run_address>
         <size>0x60</size>
         <input_file_ref idref="fl-f6"/>
      </object_component>
      <object_component id="oc-64c">
         <name>.text</name>
         <load_address>0x2000beec</load_address>
         <run_address>0x2000beec</run_address>
         <size>0x5c</size>
         <input_file_ref idref="fl-e9"/>
      </object_component>
      <object_component id="oc-1e6">
         <name>.text:ADCIntClear</name>
         <load_address>0x2000bf48</load_address>
         <run_address>0x2000bf48</run_address>
         <size>0x58</size>
         <input_file_ref idref="fl-f8"/>
      </object_component>
      <object_component id="oc-599">
         <name>.text:IntPendClear</name>
         <load_address>0x2000bfa0</load_address>
         <run_address>0x2000bfa0</run_address>
         <size>0x58</size>
         <input_file_ref idref="fl-fa"/>
      </object_component>
      <object_component id="oc-444">
         <name>.text:PRCMPeripheralReset</name>
         <load_address>0x2000bff8</load_address>
         <run_address>0x2000bff8</run_address>
         <size>0x58</size>
         <input_file_ref idref="fl-fc"/>
      </object_component>
      <object_component id="oc-46d">
         <name>.text:IntPrioritySet</name>
         <load_address>0x2000c050</load_address>
         <run_address>0x2000c050</run_address>
         <size>0x54</size>
         <input_file_ref idref="fl-fa"/>
      </object_component>
      <object_component id="oc-35b">
         <name>.text:_SlDrvRxIrqHandler</name>
         <load_address>0x2000c0a4</load_address>
         <run_address>0x2000c0a4</run_address>
         <size>0x54</size>
         <input_file_ref idref="fl-f1"/>
      </object_component>
      <object_component id="oc-875">
         <name>.text:_sl_HandleAsync_Select</name>
         <load_address>0x2000c0f8</load_address>
         <run_address>0x2000c0f8</run_address>
         <size>0x54</size>
         <input_file_ref idref="fl-f5"/>
      </object_component>
      <object_component id="oc-71">
         <name>.text</name>
         <load_address>0x2000c14c</load_address>
         <run_address>0x2000c14c</run_address>
         <size>0x54</size>
         <input_file_ref idref="fl-c9"/>
      </object_component>
      <object_component id="oc-646">
         <name>.text</name>
         <load_address>0x2000c1a0</load_address>
         <run_address>0x2000c1a0</run_address>
         <size>0x54</size>
         <input_file_ref idref="fl-e7"/>
      </object_component>
      <object_component id="oc-87b">
         <name>.text:_sl_HandleAsync_Stop</name>
         <load_address>0x2000c1f4</load_address>
         <run_address>0x2000c1f4</run_address>
         <size>0x50</size>
         <input_file_ref idref="fl-f0"/>
      </object_component>
      <object_component id="oc-55a">
         <name>.text:SPIIntEnable</name>
         <load_address>0x2000c244</load_address>
         <run_address>0x2000c244</run_address>
         <size>0x4c</size>
         <input_file_ref idref="fl-fd"/>
      </object_component>
      <object_component id="oc-74a">
         <name>.text:SPIIntNumberGet</name>
         <load_address>0x2000c290</load_address>
         <run_address>0x2000c290</run_address>
         <size>0x4c</size>
         <input_file_ref idref="fl-fd"/>
      </object_component>
      <object_component id="oc-32b">
         <name>.text:_SlDrvProtectAsyncRespSetting</name>
         <load_address>0x2000c2dc</load_address>
         <run_address>0x2000c2dc</run_address>
         <size>0x4c</size>
         <input_file_ref idref="fl-f1"/>
      </object_component>
      <object_component id="oc-3fc">
         <name>.text:_sl_BuildAddress</name>
         <load_address>0x2000c328</load_address>
         <run_address>0x2000c328</run_address>
         <size>0x4c</size>
         <input_file_ref idref="fl-f5"/>
      </object_component>
      <object_component id="oc-65e">
         <name>.text</name>
         <load_address>0x2000c374</load_address>
         <run_address>0x2000c374</run_address>
         <size>0x4c</size>
         <input_file_ref idref="fl-e1"/>
      </object_component>
      <object_component id="oc-9a">
         <name>.text</name>
         <load_address>0x2000c3c0</load_address>
         <run_address>0x2000c3c0</run_address>
         <size>0x4c</size>
         <input_file_ref idref="fl-e3"/>
      </object_component>
      <object_component id="oc-6f5">
         <name>.text:uDMAChannelAssign</name>
         <load_address>0x2000c40c</load_address>
         <run_address>0x2000c40c</run_address>
         <size>0x4c</size>
         <input_file_ref idref="fl-100"/>
      </object_component>
      <object_component id="oc-716">
         <name>.text:SPIIntClear</name>
         <load_address>0x2000c458</load_address>
         <run_address>0x2000c458</run_address>
         <size>0x48</size>
         <input_file_ref idref="fl-fd"/>
      </object_component>
      <object_component id="oc-3b4">
         <name>.text:_SlDrvBasicCmd</name>
         <load_address>0x2000c4a0</load_address>
         <run_address>0x2000c4a0</run_address>
         <size>0x48</size>
         <input_file_ref idref="fl-f1"/>
      </object_component>
      <object_component id="oc-641">
         <name>.text</name>
         <load_address>0x2000c4e8</load_address>
         <run_address>0x2000c4e8</run_address>
         <size>0x48</size>
         <input_file_ref idref="fl-e6"/>
      </object_component>
      <object_component id="oc-705">
         <name>.text:SPIDmaMaskGet</name>
         <load_address>0x2000c530</load_address>
         <run_address>0x2000c530</run_address>
         <size>0x44</size>
         <input_file_ref idref="fl-fd"/>
      </object_component>
      <object_component id="oc-21d">
         <name>.text:TimerConfigure</name>
         <load_address>0x2000c574</load_address>
         <run_address>0x2000c574</run_address>
         <size>0x44</size>
         <input_file_ref idref="fl-fe"/>
      </object_component>
      <object_component id="oc-343">
         <name>.text:_SlDrvSyncObjWaitTimeout</name>
         <load_address>0x2000c5b8</load_address>
         <run_address>0x2000c5b8</run_address>
         <size>0x44</size>
         <input_file_ref idref="fl-f1"/>
      </object_component>
      <object_component id="oc-82a">
         <name>.text:cc_SetupTransfer</name>
         <load_address>0x2000c5fc</load_address>
         <run_address>0x2000c5fc</run_address>
         <size>0x44</size>
         <input_file_ref idref="fl-f7"/>
      </object_component>
      <object_component id="oc-144">
         <name>.text:sl_Htonl</name>
         <load_address>0x2000c640</load_address>
         <run_address>0x2000c640</run_address>
         <size>0x42</size>
         <input_file_ref idref="fl-f5"/>
      </object_component>
      <object_component id="oc-4bc">
         <name>.text:PinModeSet</name>
         <load_address>0x2000c684</load_address>
         <run_address>0x2000c684</run_address>
         <size>0x40</size>
         <input_file_ref idref="fl-fb"/>
      </object_component>
      <object_component id="oc-3f6">
         <name>.text:_sl_TruncatePayloadByProtocol</name>
         <load_address>0x2000c6c4</load_address>
         <run_address>0x2000c6c4</run_address>
         <size>0x40</size>
         <input_file_ref idref="fl-f5"/>
      </object_component>
      <object_component id="oc-24">
         <name>.text</name>
         <load_address>0x2000c704</load_address>
         <run_address>0x2000c704</run_address>
         <size>0x40</size>
         <input_file_ref idref="fl-c5"/>
      </object_component>
      <object_component id="oc-24e">
         <name>.text:ADCIntRegister</name>
         <load_address>0x2000c744</load_address>
         <run_address>0x2000c744</run_address>
         <size>0x3e</size>
         <input_file_ref idref="fl-f8"/>
      </object_component>
      <object_component id="oc-337">
         <name>.text:NwpRegisterInterruptHandler</name>
         <load_address>0x2000c782</load_address>
         <run_address>0x2000c782</run_address>
         <size>0x3e</size>
         <input_file_ref idref="fl-f7"/>
      </object_component>
      <object_component id="oc-860">
         <name>.text:CopyPingResultsToReport</name>
         <load_address>0x2000c7c0</load_address>
         <run_address>0x2000c7c0</run_address>
         <size>0x3c</size>
         <input_file_ref idref="fl-f2"/>
      </object_component>
      <object_component id="oc-43e">
         <name>.text:PRCMPeripheralClkEnable</name>
         <load_address>0x2000c7fc</load_address>
         <run_address>0x2000c7fc</run_address>
         <size>0x3c</size>
         <input_file_ref idref="fl-fc"/>
      </object_component>
      <object_component id="oc-7f6">
         <name>.text:simplelink_timerA2_start</name>
         <load_address>0x2000c838</load_address>
         <run_address>0x2000c838</run_address>
         <size>0x3c</size>
         <input_file_ref idref="fl-f7"/>
      </object_component>
      <object_component id="oc-13e">
         <name>.text:sl_Htons</name>
         <load_address>0x2000c874</load_address>
         <run_address>0x2000c874</run_address>
         <size>0x3c</size>
         <input_file_ref idref="fl-f5"/>
      </object_component>
      <object_component id="oc-883">
         <name>.text:uDMAChannelControlSet</name>
         <load_address>0x2000c8b0</load_address>
         <run_address>0x2000c8b0</run_address>
         <size>0x3c</size>
         <input_file_ref idref="fl-100"/>
      </object_component>
      <object_component id="oc-230">
         <name>.text:ADCChannelEnable</name>
         <load_address>0x2000c8ec</load_address>
         <run_address>0x2000c8ec</run_address>
         <size>0x38</size>
         <input_file_ref idref="fl-f8"/>
      </object_component>
      <object_component id="oc-331">
         <name>.text:NwpPowerOff</name>
         <load_address>0x2000c924</load_address>
         <run_address>0x2000c924</run_address>
         <size>0x38</size>
         <input_file_ref idref="fl-f7"/>
      </object_component>
      <object_component id="oc-193">
         <name>.text</name>
         <load_address>0x2000c95c</load_address>
         <run_address>0x2000c95c</run_address>
         <size>0x38</size>
         <input_file_ref idref="fl-d0"/>
      </object_component>
      <object_component id="oc-1c9">
         <name>.text</name>
         <load_address>0x2000c994</load_address>
         <run_address>0x2000c994</run_address>
         <size>0x38</size>
         <input_file_ref idref="fl-d1"/>
      </object_component>
      <object_component id="oc-113">
         <name>.text:sl_WlanDisconnect</name>
         <load_address>0x2000c9cc</load_address>
         <run_address>0x2000c9cc</run_address>
         <size>0x38</size>
         <input_file_ref idref="fl-f6"/>
      </object_component>
      <object_component id="oc-20c">
         <name>.text:TimerControlStall</name>
         <load_address>0x2000ca04</load_address>
         <run_address>0x2000ca04</run_address>
         <size>0x36</size>
         <input_file_ref idref="fl-fe"/>
      </object_component>
      <object_component id="oc-53c">
         <name>.text:PRCMPeripheralStatusGet</name>
         <load_address>0x2000ca3c</load_address>
         <run_address>0x2000ca3c</run_address>
         <size>0x34</size>
         <input_file_ref idref="fl-fc"/>
      </object_component>
      <object_component id="oc-554">
         <name>.text:SPIFIFOLevelSet</name>
         <load_address>0x2000ca70</load_address>
         <run_address>0x2000ca70</run_address>
         <size>0x34</size>
         <input_file_ref idref="fl-fd"/>
      </object_component>
      <object_component id="oc-1fa">
         <name>.text:TimerControlEvent</name>
         <load_address>0x2000caa4</load_address>
         <run_address>0x2000caa4</run_address>
         <size>0x30</size>
         <input_file_ref idref="fl-fe"/>
      </object_component>
      <object_component id="oc-4e7">
         <name>.text:UARTDisable</name>
         <load_address>0x2000cad4</load_address>
         <run_address>0x2000cad4</run_address>
         <size>0x30</size>
         <input_file_ref idref="fl-ff"/>
      </object_component>
      <object_component id="oc-184">
         <name>.text</name>
         <load_address>0x2000cb04</load_address>
         <run_address>0x2000cb04</run_address>
         <size>0x2e</size>
         <input_file_ref idref="fl-d2"/>
      </object_component>
      <object_component id="oc-426">
         <name>.text:I2CMasterErr</name>
         <load_address>0x2000cb32</load_address>
         <run_address>0x2000cb32</run_address>
         <size>0x2c</size>
         <input_file_ref idref="fl-f9"/>
      </object_component>
      <object_component id="oc-33d">
         <name>.text:NwpPowerOn</name>
         <load_address>0x2000cb60</load_address>
         <run_address>0x2000cb60</run_address>
         <size>0x2c</size>
         <input_file_ref idref="fl-f7"/>
      </object_component>
      <object_component id="oc-4a9">
         <name>.text:PRCMSysResetCauseGet</name>
         <load_address>0x2000cb8c</load_address>
         <run_address>0x2000cb8c</run_address>
         <size>0x2c</size>
         <input_file_ref idref="fl-fc"/>
      </object_component>
      <object_component id="oc-5db">
         <name>.text:_SlDrvObjGlobalLockWaitForever</name>
         <load_address>0x2000cbb8</load_address>
         <run_address>0x2000cbb8</run_address>
         <size>0x2c</size>
         <input_file_ref idref="fl-f1"/>
      </object_component>
      <object_component id="oc-57f">
         <name>.text:_SlDrvProtectionObjLockWaitForever</name>
         <load_address>0x2000cbe4</load_address>
         <run_address>0x2000cbe4</run_address>
         <size>0x2c</size>
         <input_file_ref idref="fl-f1"/>
      </object_component>
      <object_component id="oc-212">
         <name>.text:TimerLoadSet</name>
         <load_address>0x2000cc10</load_address>
         <run_address>0x2000cc10</run_address>
         <size>0x2a</size>
         <input_file_ref idref="fl-fe"/>
      </object_component>
      <object_component id="oc-1d6">
         <name>.text:TimerMatchSet</name>
         <load_address>0x2000cc3a</load_address>
         <run_address>0x2000cc3a</run_address>
         <size>0x2a</size>
         <input_file_ref idref="fl-fe"/>
      </object_component>
      <object_component id="oc-1dc">
         <name>.text:TimerPrescaleMatchSet</name>
         <load_address>0x2000cc64</load_address>
         <run_address>0x2000cc64</run_address>
         <size>0x2a</size>
         <input_file_ref idref="fl-fe"/>
      </object_component>
      <object_component id="oc-223">
         <name>.text:TimerPrescaleSet</name>
         <load_address>0x2000cc8e</load_address>
         <run_address>0x2000cc8e</run_address>
         <size>0x2a</size>
         <input_file_ref idref="fl-fe"/>
      </object_component>
      <object_component id="oc-450">
         <name>.text:PRCMPeripheralClkDisable</name>
         <load_address>0x2000ccb8</load_address>
         <run_address>0x2000ccb8</run_address>
         <size>0x28</size>
         <input_file_ref idref="fl-fc"/>
      </object_component>
      <object_component id="oc-5e1">
         <name>.text:_SlDrvGlobalObjUnLock</name>
         <load_address>0x2000cce0</load_address>
         <run_address>0x2000cce0</run_address>
         <size>0x28</size>
         <input_file_ref idref="fl-f1"/>
      </object_component>
      <object_component id="oc-585">
         <name>.text:_SlDrvProtectionObjUnLock</name>
         <load_address>0x2000cd08</load_address>
         <run_address>0x2000cd08</run_address>
         <size>0x28</size>
         <input_file_ref idref="fl-f1"/>
      </object_component>
      <object_component id="oc-689">
         <name>.text:_SlDrvSyncObjWaitForever</name>
         <load_address>0x2000cd30</load_address>
         <run_address>0x2000cd30</run_address>
         <size>0x28</size>
         <input_file_ref idref="fl-f1"/>
      </object_component>
      <object_component id="oc-67d">
         <name>.text:_SlDrvObjLockWaitForever</name>
         <load_address>0x2000cd58</load_address>
         <run_address>0x2000cd58</run_address>
         <size>0x26</size>
         <input_file_ref idref="fl-f1"/>
      </object_component>
      <object_component id="oc-56c">
         <name>.text:DmaSpiSwIntHandler</name>
         <load_address>0x2000cd80</load_address>
         <run_address>0x2000cd80</run_address>
         <size>0x24</size>
         <input_file_ref idref="fl-f7"/>
      </object_component>
      <object_component id="oc-593">
         <name>.text:IntUnregister</name>
         <load_address>0x2000cda4</load_address>
         <run_address>0x2000cda4</run_address>
         <size>0x24</size>
         <input_file_ref idref="fl-fa"/>
      </object_component>
      <object_component id="oc-4ed">
         <name>.text:UARTEnable</name>
         <load_address>0x2000cdc8</load_address>
         <run_address>0x2000cdc8</run_address>
         <size>0x24</size>
         <input_file_ref idref="fl-ff"/>
      </object_component>
      <object_component id="oc-2e7">
         <name>.text</name>
         <load_address>0x2000cdec</load_address>
         <run_address>0x2000cdec</run_address>
         <size>0x24</size>
         <input_file_ref idref="fl-d4"/>
      </object_component>
      <object_component id="oc-236">
         <name>.text:ADCTimerConfig</name>
         <load_address>0x2000ce10</load_address>
         <run_address>0x2000ce10</run_address>
         <size>0x22</size>
         <input_file_ref idref="fl-f8"/>
      </object_component>
      <object_component id="oc-42c">
         <name>.text:I2CMasterSlaveAddrSet</name>
         <load_address>0x2000ce32</load_address>
         <run_address>0x2000ce32</run_address>
         <size>0x22</size>
         <input_file_ref idref="fl-f9"/>
      </object_component>
      <object_component id="oc-530">
         <name>.text:SPIReset</name>
         <load_address>0x2000ce54</load_address>
         <run_address>0x2000ce54</run_address>
         <size>0x22</size>
         <input_file_ref idref="fl-fd"/>
      </object_component>
      <object_component id="oc-7cf">
         <name>.text:SPIWordCountSet</name>
         <load_address>0x2000ce76</load_address>
         <run_address>0x2000ce76</run_address>
         <size>0x22</size>
         <input_file_ref idref="fl-fd"/>
      </object_component>
      <object_component id="oc-488">
         <name>.text:IntRegister</name>
         <load_address>0x2000ce98</load_address>
         <run_address>0x2000ce98</run_address>
         <size>0x20</size>
         <input_file_ref idref="fl-fa"/>
      </object_component>
      <object_component id="oc-382">
         <name>.text:NwpPrePowerOffTimout0</name>
         <load_address>0x2000ceb8</load_address>
         <run_address>0x2000ceb8</run_address>
         <size>0x20</size>
         <input_file_ref idref="fl-f7"/>
      </object_component>
      <object_component id="oc-794">
         <name>.text:TimerGetCurrentTimestamp</name>
         <load_address>0x2000ced8</load_address>
         <run_address>0x2000ced8</run_address>
         <size>0x20</size>
         <input_file_ref idref="fl-f7"/>
      </object_component>
      <object_component id="oc-683">
         <name>.text:_SlDrvObjUnLock</name>
         <load_address>0x2000cef8</load_address>
         <run_address>0x2000cef8</run_address>
         <size>0x20</size>
         <input_file_ref idref="fl-f1"/>
      </object_component>
      <object_component id="oc-5b4">
         <name>.text:_SlDrvSyncObjSignal</name>
         <load_address>0x2000cf18</load_address>
         <run_address>0x2000cf18</run_address>
         <size>0x20</size>
         <input_file_ref idref="fl-f1"/>
      </object_component>
      <object_component id="oc-156">
         <name>.text</name>
         <load_address>0x2000cf38</load_address>
         <run_address>0x2000cf38</run_address>
         <size>0x20</size>
         <input_file_ref idref="fl-dc"/>
      </object_component>
      <object_component id="oc-40e">
         <name>.text:I2CMasterIntStatusEx</name>
         <load_address>0x2000cf58</load_address>
         <run_address>0x2000cf58</run_address>
         <size>0x1e</size>
         <input_file_ref idref="fl-f9"/>
      </object_component>
      <object_component id="oc-473">
         <name>.text:TimerDisable</name>
         <load_address>0x2000cf76</load_address>
         <run_address>0x2000cf76</run_address>
         <size>0x1e</size>
         <input_file_ref idref="fl-fe"/>
      </object_component>
      <object_component id="oc-27c">
         <name>.text:TimerEnable</name>
         <load_address>0x2000cf94</load_address>
         <run_address>0x2000cf94</run_address>
         <size>0x1e</size>
         <input_file_ref idref="fl-fe"/>
      </object_component>
      <object_component id="oc-1ad">
         <name>.text:TimerIntStatus</name>
         <load_address>0x2000cfb2</load_address>
         <run_address>0x2000cfb2</run_address>
         <size>0x1e</size>
         <input_file_ref idref="fl-fe"/>
      </object_component>
      <object_component id="oc-2cf">
         <name>.text:UARTCharPut</name>
         <load_address>0x2000cfd0</load_address>
         <run_address>0x2000cfd0</run_address>
         <size>0x1e</size>
         <input_file_ref idref="fl-ff"/>
      </object_component>
      <object_component id="oc-542">
         <name>.text:cc_UDMAChannelSelect</name>
         <load_address>0x2000cfee</load_address>
         <run_address>0x2000cfee</run_address>
         <size>0x1e</size>
         <input_file_ref idref="fl-f7"/>
      </object_component>
      <object_component id="oc-22a">
         <name>.text:ADCFIFOLvlGet</name>
         <load_address>0x2000d00c</load_address>
         <run_address>0x2000d00c</run_address>
         <size>0x1c</size>
         <input_file_ref idref="fl-f8"/>
      </object_component>
      <object_component id="oc-4c8">
         <name>.text:PinTypeI2C</name>
         <load_address>0x2000d028</load_address>
         <run_address>0x2000d028</run_address>
         <size>0x1c</size>
         <input_file_ref idref="fl-fb"/>
      </object_component>
      <object_component id="oc-1b9">
         <name>.text:TimerValueGet</name>
         <load_address>0x2000d044</load_address>
         <run_address>0x2000d044</run_address>
         <size>0x1c</size>
         <input_file_ref idref="fl-fe"/>
      </object_component>
      <object_component id="oc-2e1">
         <name>.text:UARTCharGetNonBlocking</name>
         <load_address>0x2000d060</load_address>
         <run_address>0x2000d060</run_address>
         <size>0x1c</size>
         <input_file_ref idref="fl-ff"/>
      </object_component>
      <object_component id="oc-6de">
         <name>.text:_SlDrvStartMeasureTimeout</name>
         <load_address>0x2000d07c</load_address>
         <run_address>0x2000d07c</run_address>
         <size>0x1c</size>
         <input_file_ref idref="fl-f1"/>
      </object_component>
      <object_component id="oc-664">
         <name>.text</name>
         <load_address>0x2000d098</load_address>
         <run_address>0x2000d098</run_address>
         <size>0x1c</size>
         <input_file_ref idref="fl-e8"/>
      </object_component>
      <object_component id="oc-895">
         <name>.text:uDMAChannelEnable</name>
         <load_address>0x2000d0b4</load_address>
         <run_address>0x2000d0b4</run_address>
         <size>0x1c</size>
         <input_file_ref idref="fl-100"/>
      </object_component>
      <object_component id="oc-4ce">
         <name>.text:PinTypeTimer</name>
         <load_address>0x2000d0d0</load_address>
         <run_address>0x2000d0d0</run_address>
         <size>0x1a</size>
         <input_file_ref idref="fl-fb"/>
      </object_component>
      <object_component id="oc-4d4">
         <name>.text:PinTypeUART</name>
         <load_address>0x2000d0ea</load_address>
         <run_address>0x2000d0ea</run_address>
         <size>0x1a</size>
         <input_file_ref idref="fl-fb"/>
      </object_component>
      <object_component id="oc-605">
         <name>.text:SPIDmaDisable</name>
         <load_address>0x2000d104</load_address>
         <run_address>0x2000d104</run_address>
         <size>0x1a</size>
         <input_file_ref idref="fl-fd"/>
      </object_component>
      <object_component id="oc-54e">
         <name>.text:SPIDmaEnable</name>
         <load_address>0x2000d11e</load_address>
         <run_address>0x2000d11e</run_address>
         <size>0x1a</size>
         <input_file_ref idref="fl-fd"/>
      </object_component>
      <object_component id="oc-5ff">
         <name>.text:SPIFIFODisable</name>
         <load_address>0x2000d138</load_address>
         <run_address>0x2000d138</run_address>
         <size>0x1a</size>
         <input_file_ref idref="fl-fd"/>
      </object_component>
      <object_component id="oc-548">
         <name>.text:SPIFIFOEnable</name>
         <load_address>0x2000d152</load_address>
         <run_address>0x2000d152</run_address>
         <size>0x1a</size>
         <input_file_ref idref="fl-fd"/>
      </object_component>
      <object_component id="oc-5f9">
         <name>.text:SPIIntUnregister</name>
         <load_address>0x2000d16c</load_address>
         <run_address>0x2000d16c</run_address>
         <size>0x1a</size>
         <input_file_ref idref="fl-fd"/>
      </object_component>
      <object_component id="oc-1ec">
         <name>.text:ADCFIFORead</name>
         <load_address>0x2000d186</load_address>
         <run_address>0x2000d186</run_address>
         <size>0x18</size>
         <input_file_ref idref="fl-f8"/>
      </object_component>
      <object_component id="oc-524">
         <name>.text:SPICSDisable</name>
         <load_address>0x2000d19e</load_address>
         <run_address>0x2000d19e</run_address>
         <size>0x18</size>
         <input_file_ref idref="fl-fd"/>
      </object_component>
      <object_component id="oc-7c9">
         <name>.text:SPICSEnable</name>
         <load_address>0x2000d1b6</load_address>
         <run_address>0x2000d1b6</run_address>
         <size>0x18</size>
         <input_file_ref idref="fl-fd"/>
      </object_component>
      <object_component id="oc-52a">
         <name>.text:SPIDisable</name>
         <load_address>0x2000d1ce</load_address>
         <run_address>0x2000d1ce</run_address>
         <size>0x18</size>
         <input_file_ref idref="fl-fd"/>
      </object_component>
      <object_component id="oc-560">
         <name>.text:SPIEnable</name>
         <load_address>0x2000d1e6</load_address>
         <run_address>0x2000d1e6</run_address>
         <size>0x18</size>
         <input_file_ref idref="fl-fd"/>
      </object_component>
      <object_component id="oc-479">
         <name>.text:TimerIntDisable</name>
         <load_address>0x2000d1fe</load_address>
         <run_address>0x2000d1fe</run_address>
         <size>0x18</size>
         <input_file_ref idref="fl-fe"/>
      </object_component>
      <object_component id="oc-206">
         <name>.text:TimerIntEnable</name>
         <load_address>0x2000d216</load_address>
         <run_address>0x2000d216</run_address>
         <size>0x18</size>
         <input_file_ref idref="fl-fe"/>
      </object_component>
      <object_component id="oc-2db">
         <name>.text:UARTCharsAvail</name>
         <load_address>0x2000d22e</load_address>
         <run_address>0x2000d22e</run_address>
         <size>0x18</size>
         <input_file_ref idref="fl-ff"/>
      </object_component>
      <object_component id="oc-513">
         <name>.text:_SlNonOsSemSet</name>
         <load_address>0x2000d246</load_address>
         <run_address>0x2000d246</run_address>
         <size>0x18</size>
         <input_file_ref idref="fl-f4"/>
      </object_component>
      <object_component id="oc-34f">
         <name>.text:_sl_GetStartResponseConvert</name>
         <load_address>0x2000d260</load_address>
         <run_address>0x2000d260</run_address>
         <size>0x18</size>
         <input_file_ref idref="fl-f0"/>
      </object_component>
      <object_component id="oc-6b">
         <name>.text</name>
         <load_address>0x2000d278</load_address>
         <run_address>0x2000d278</run_address>
         <size>0x18</size>
         <input_file_ref idref="fl-e0"/>
      </object_component>
      <object_component id="oc-23c">
         <name>.text:ADCTimerEnable</name>
         <load_address>0x2000d290</load_address>
         <run_address>0x2000d290</run_address>
         <size>0x16</size>
         <input_file_ref idref="fl-f8"/>
      </object_component>
      <object_component id="oc-432">
         <name>.text:I2CMasterDataPut</name>
         <load_address>0x2000d2a6</load_address>
         <run_address>0x2000d2a6</run_address>
         <size>0x16</size>
         <input_file_ref idref="fl-f9"/>
      </object_component>
      <object_component id="oc-6a5">
         <name>.text:I2CMasterEnable</name>
         <load_address>0x2000d2bc</load_address>
         <run_address>0x2000d2bc</run_address>
         <size>0x16</size>
         <input_file_ref idref="fl-f9"/>
      </object_component>
      <object_component id="oc-4af">
         <name>.text:PRCMHIBRegRead</name>
         <load_address>0x2000d2d2</load_address>
         <run_address>0x2000d2d2</run_address>
         <size>0x16</size>
         <input_file_ref idref="fl-fc"/>
      </object_component>
      <object_component id="oc-4b5">
         <name>.text:PRCMHIBRegWrite</name>
         <load_address>0x2000d2e8</load_address>
         <run_address>0x2000d2e8</run_address>
         <size>0x16</size>
         <input_file_ref idref="fl-fc"/>
      </object_component>
      <object_component id="oc-50d">
         <name>.text:_SlDrvMemZero</name>
         <load_address>0x2000d2fe</load_address>
         <run_address>0x2000d2fe</run_address>
         <size>0x16</size>
         <input_file_ref idref="fl-f1"/>
      </object_component>
      <object_component id="oc-658">
         <name>.text</name>
         <load_address>0x2000d314</load_address>
         <run_address>0x2000d314</run_address>
         <size>0x16</size>
         <input_file_ref idref="fl-ec"/>
      </object_component>
      <object_component id="oc-242">
         <name>.text:ADCEnable</name>
         <load_address>0x2000d32a</load_address>
         <run_address>0x2000d32a</run_address>
         <size>0x14</size>
         <input_file_ref idref="fl-f8"/>
      </object_component>
      <object_component id="oc-49e">
         <name>.text:CPUcpsie</name>
         <load_address>0x2000d33e</load_address>
         <run_address>0x2000d33e</run_address>
         <size>0x14</size>
         <input_file_ref idref="fl-102"/>
      </object_component>
      <object_component id="oc-258">
         <name>.text:IntVTableBaseSet</name>
         <load_address>0x2000d354</load_address>
         <run_address>0x2000d354</run_address>
         <size>0x14</size>
         <input_file_ref idref="fl-fa"/>
      </object_component>
      <object_component id="oc-4c2">
         <name>.text:PinTypeADC</name>
         <load_address>0x2000d368</load_address>
         <run_address>0x2000d368</run_address>
         <size>0x14</size>
         <input_file_ref idref="fl-fb"/>
      </object_component>
      <object_component id="oc-2ab">
         <name>.text</name>
         <load_address>0x2000d37c</load_address>
         <run_address>0x2000d37c</run_address>
         <size>0x14</size>
         <input_file_ref idref="fl-de"/>
      </object_component>
      <object_component id="oc-138">
         <name>.text</name>
         <load_address>0x2000d390</load_address>
         <run_address>0x2000d390</run_address>
         <size>0x14</size>
         <input_file_ref idref="fl-db"/>
      </object_component>
      <object_component id="oc-420">
         <name>.text:I2CMasterControl</name>
         <load_address>0x2000d3a4</load_address>
         <run_address>0x2000d3a4</run_address>
         <size>0x12</size>
         <input_file_ref idref="fl-f9"/>
      </object_component>
      <object_component id="oc-414">
         <name>.text:I2CMasterIntClearEx</name>
         <load_address>0x2000d3b6</load_address>
         <run_address>0x2000d3b6</run_address>
         <size>0x12</size>
         <input_file_ref idref="fl-f9"/>
      </object_component>
      <object_component id="oc-41a">
         <name>.text:I2CMasterTimeoutSet</name>
         <load_address>0x2000d3c8</load_address>
         <run_address>0x2000d3c8</run_address>
         <size>0x12</size>
         <input_file_ref idref="fl-f9"/>
      </object_component>
      <object_component id="oc-1b3">
         <name>.text:TimerIntClear</name>
         <load_address>0x2000d3da</load_address>
         <run_address>0x2000d3da</run_address>
         <size>0x12</size>
         <input_file_ref idref="fl-fe"/>
      </object_component>
      <object_component id="oc-853">
         <name>.text:_SlDrvDispatchHttpServerEvents</name>
         <load_address>0x2000d3ec</load_address>
         <run_address>0x2000d3ec</run_address>
         <size>0x10</size>
         <input_file_ref idref="fl-f1"/>
      </object_component>
      <object_component id="oc-438">
         <name>.text:I2CMasterDataGet</name>
         <load_address>0x2000d3fc</load_address>
         <run_address>0x2000d3fc</run_address>
         <size>0xe</size>
         <input_file_ref idref="fl-f9"/>
      </object_component>
      <object_component id="oc-39d">
         <name>.text:_SlDrvResetCmdExt</name>
         <load_address>0x2000d40a</load_address>
         <run_address>0x2000d40a</run_address>
         <size>0xe</size>
         <input_file_ref idref="fl-f1"/>
      </object_component>
      <object_component id="oc-18">
         <name>.text:decompress:none</name>
         <load_address>0x2000d418</load_address>
         <run_address>0x2000d418</run_address>
         <size>0xe</size>
         <input_file_ref idref="fl-c7"/>
      </object_component>
      <object_component id="oc-2d">
         <name>.text</name>
         <load_address>0x2000d426</load_address>
         <run_address>0x2000d426</run_address>
         <size>0xe</size>
         <input_file_ref idref="fl-6"/>
      </object_component>
      <object_component id="oc-58c">
         <name>.text:NwpMaskInterrupt</name>
         <load_address>0x2000d434</load_address>
         <run_address>0x2000d434</run_address>
         <size>0xc</size>
         <input_file_ref idref="fl-f7"/>
      </object_component>
      <object_component id="oc-5a0">
         <name>.text:NwpUnMaskInterrupt</name>
         <load_address>0x2000d440</load_address>
         <run_address>0x2000d440</run_address>
         <size>0xc</size>
         <input_file_ref idref="fl-f7"/>
      </object_component>
      <object_component id="oc-1e">
         <name>.text:decompress:ZI</name>
         <load_address>0x2000d44c</load_address>
         <run_address>0x2000d44c</run_address>
         <size>0xc</size>
         <input_file_ref idref="fl-c8"/>
      </object_component>
      <object_component id="oc-25e">
         <name>.text:IntMasterEnable</name>
         <load_address>0x2000d458</load_address>
         <run_address>0x2000d458</run_address>
         <size>0xa</size>
         <input_file_ref idref="fl-fa"/>
      </object_component>
      <object_component id="oc-762">
         <name>.text</name>
         <load_address>0x2000d462</load_address>
         <run_address>0x2000d462</run_address>
         <size>0x8</size>
         <input_file_ref idref="fl-ef"/>
      </object_component>
      <object_component id="oc-19e">
         <name>.text:UtilsDelay</name>
         <load_address>0x2000d46a</load_address>
         <run_address>0x2000d46a</run_address>
         <size>0x6</size>
         <input_file_ref idref="fl-101"/>
      </object_component>
      <object_component id="oc-5f">
         <name>.text</name>
         <load_address>0x2000d470</load_address>
         <run_address>0x2000d470</run_address>
[...]
      </symbol>
      <symbol id="sm-d32">
         <name>sl_Htons</name>
         <value>0x2000c875</value>
         <object_component_ref idref="oc-13e"/>
      </symbol>
      <symbol id="sm-d33">
         <name>sl_Socket</name>
         <value>0x2000b0f1</value>
         <object_component_ref idref="oc-14a"/>
      </symbol>
      <symbol id="sm-d34">
         <name>_sl_HandleAsync_Select</name>
         <value>0x2000c0f9</value>
         <object_component_ref idref="oc-875"/>
      </symbol>
      <symbol id="sm-d35">
         <name>_sl_HandleAsync_Accept</name>
         <value>0x2000bc3d</value>
         <object_component_ref idref="oc-869"/>
      </symbol>
      <symbol id="sm-d36">
         <name>sl_SetSockOpt</name>
         <value>0x2000aab5</value>
         <object_component_ref idref="oc-150"/>
      </symbol>
      <symbol id="sm-dc7">
         <name>sl_WlanDisconnect</name>
         <value>0x2000c9cd</value>
         <object_component_ref idref="oc-113"/>
      </symbol>
      <symbol id="sm-dc8">
         <name>sl_WlanPolicySet</name>
         <value>0x2000ae31</value>
         <object_component_ref idref="oc-107"/>
      </symbol>
      <symbol id="sm-dc9">
         <name>sl_WlanProfileDel</name>
         <value>0x2000be2d</value>
         <object_component_ref idref="oc-10d"/>
      </symbol>
      <symbol id="sm-dca">
         <name>sl_WlanRxFilterSet</name>
         <value>0x2000b41d</value>
         <object_component_ref idref="oc-131"/>
      </symbol>
      <symbol id="sm-dcb">
         <name>sl_WlanSet</name>
         <value>0x2000ab4d</value>
         <object_component_ref idref="oc-11f"/>
      </symbol>
      <symbol id="sm-dcc">
         <name>sl_WlanSetMode</name>
         <value>0x2000be8d</value>
         <object_component_ref idref="oc-f5"/>
      </symbol>
      <symbol id="sm-ee7">
         <name>g_ucDinDout</name>
         <value>0x200179e8</value>
      </symbol>
      <symbol id="sm-ee8">
         <name>g_cDummy</name>
         <value>0x20017b6b</value>
      </symbol>
      <symbol id="sm-ee9">
         <name>NwpMaskInterrupt</name>
         <value>0x2000d435</value>
         <object_component_ref idref="oc-58c"/>
      </symbol>
      <symbol id="sm-eea">
         <name>NwpPrePowerOffTimout0</name>
         <value>0x2000ceb9</value>
         <object_component_ref idref="oc-382"/>
      </symbol>
      <symbol id="sm-eeb">
         <name>NwpRegisterInterruptHandler</name>
         <value>0x2000c783</value>
         <object_component_ref idref="oc-337"/>
      </symbol>
      <symbol id="sm-eec">
         <name>g_pHostIntHdl</name>
         <value>0x20017bec</value>
         <object_component_ref idref="oc-566"/>
      </symbol>
      <symbol id="sm-eed">
         <name>simplelink_timerA2_start</name>
         <value>0x2000c839</value>
         <object_component_ref idref="oc-7f6"/>
      </symbol>
      <symbol id="sm-eee">
         <name>NwpUnMaskInterrupt</name>
         <value>0x2000d441</value>
         <object_component_ref idref="oc-5a0"/>
      </symbol>
      <symbol id="sm-eef">
         <name>NwpPowerOff</name>
         <value>0x2000c925</value>
         <object_component_ref idref="oc-331"/>
      </symbol>
      <symbol id="sm-ef0">
         <name>TimerGetCurrentTimestamp</name>
         <value>0x2000ced9</value>
         <object_component_ref idref="oc-794"/>
      </symbol>
      <symbol id="sm-ef1">
         <name>spi_Read</name>
         <value>0x20009995</value>
         <object_component_ref idref="oc-7b2"/>
      </symbol>
      <symbol id="sm-ef2">
         <name>DmaSpiSwIntHandler</name>
         <value>0x2000cd81</value>
         <object_component_ref idref="oc-56c"/>
      </symbol>
      <symbol id="sm-ef3">
         <name>NwpPowerOn</name>
         <value>0x2000cb61</value>
         <object_component_ref idref="oc-33d"/>
      </symbol>
      <symbol id="sm-ef4">
         <name>spi_Close</name>
         <value>0x2000b715</value>
         <object_component_ref idref="oc-388"/>
      </symbol>
      <symbol id="sm-ef5">
         <name>spi_Write</name>
         <value>0x2000abe5</value>
         <object_component_ref idref="oc-73f"/>
      </symbol>
      <symbol id="sm-ef6">
         <name>spi_Open</name>
         <value>0x20008f71</value>
         <object_component_ref idref="oc-325"/>
      </symbol>
      <symbol id="sm-ef7">
         <name>g_ucDMAEnabled</name>
         <value>0x20017bf0</value>
         <object_component_ref idref="oc-566"/>
      </symbol>
      <symbol id="sm-ef8">
         <name>g_SpiFd</name>
         <value>0x20017be8</value>
         <object_component_ref idref="oc-566"/>
      </symbol>
      <symbol id="sm-f5b">
         <name>ADCFIFOLvlGet</name>
         <value>0x2000d00d</value>
         <object_component_ref idref="oc-22a"/>
      </symbol>
      <symbol id="sm-f5c">
         <name>ADCIntEnable</name>
         <value>0x2000baa1</value>
         <object_component_ref idref="oc-248"/>
      </symbol>
      <symbol id="sm-f5d">
         <name>ADCChannelEnable</name>
         <value>0x2000c8ed</value>
         <object_component_ref idref="oc-230"/>
      </symbol>
      <symbol id="sm-f5e">
         <name>ADCTimerEnable</name>
         <value>0x2000d291</value>
         <object_component_ref idref="oc-23c"/>
      </symbol>
      <symbol id="sm-f5f">
         <name>ADCTimerConfig</name>
         <value>0x2000ce11</value>
         <object_component_ref idref="oc-236"/>
      </symbol>
      <symbol id="sm-f60">
         <name>ADCEnable</name>
         <value>0x2000d32b</value>
         <object_component_ref idref="oc-242"/>
      </symbol>
      <symbol id="sm-f61">
         <name>ADCIntClear</name>
         <value>0x2000bf49</value>
         <object_component_ref idref="oc-1e6"/>
      </symbol>
      <symbol id="sm-f62">
         <name>ADCIntRegister</name>
         <value>0x2000c745</value>
         <object_component_ref idref="oc-24e"/>
      </symbol>
      <symbol id="sm-f63">
         <name>ADCFIFORead</name>
         <value>0x2000d187</value>
         <object_component_ref idref="oc-1ec"/>
      </symbol>
      <symbol id="sm-fc2">
         <name>I2CMasterDataPut</name>
         <value>0x2000d2a7</value>
         <object_component_ref idref="oc-432"/>
      </symbol>
      <symbol id="sm-fc3">
         <name>I2CMasterInitExpClk</name>
         <value>0x2000b399</value>
         <object_component_ref idref="oc-44a"/>
      </symbol>
      <symbol id="sm-fc4">
         <name>I2CMasterIntClearEx</name>
         <value>0x2000d3b7</value>
         <object_component_ref idref="oc-414"/>
      </symbol>
      <symbol id="sm-fc5">
         <name>I2CMasterSlaveAddrSet</name>
         <value>0x2000ce33</value>
         <object_component_ref idref="oc-42c"/>
      </symbol>
      <symbol id="sm-fc6">
         <name>I2CMasterDataGet</name>
         <value>0x2000d3fd</value>
         <object_component_ref idref="oc-438"/>
      </symbol>
      <symbol id="sm-fc7">
         <name>I2CMasterErr</name>
         <value>0x2000cb33</value>
         <object_component_ref idref="oc-426"/>
      </symbol>
      <symbol id="sm-fc8">
         <name>I2CMasterTimeoutSet</name>
         <value>0x2000d3c9</value>
         <object_component_ref idref="oc-41a"/>
      </symbol>
      <symbol id="sm-fc9">
         <name>I2CMasterControl</name>
         <value>0x2000d3a5</value>
         <object_component_ref idref="oc-420"/>
      </symbol>
      <symbol id="sm-fca">
         <name>I2CMasterEnable</name>
         <value>0x2000d2bd</value>
         <object_component_ref idref="oc-6a5"/>
      </symbol>
      <symbol id="sm-fcb">
         <name>I2CMasterIntStatusEx</name>
         <value>0x2000cf59</value>
         <object_component_ref idref="oc-40e"/>
      </symbol>
      <symbol id="sm-1051">
         <name>IntPendClear</name>
         <value>0x2000bfa1</value>
         <object_component_ref idref="oc-599"/>
      </symbol>
      <symbol id="sm-1052">
         <name>IntPrioritySet</name>
         <value>0x2000c051</value>
         <object_component_ref idref="oc-46d"/>
      </symbol>
      <symbol id="sm-1053">
         <name>IntVTableBaseSet</name>
         <value>0x2000d355</value>
         <object_component_ref idref="oc-258"/>
      </symbol>
      <symbol id="sm-1054">
         <name>IntEnable</name>
         <value>0x2000a6f9</value>
         <object_component_ref idref="oc-264"/>
      </symbol>
      <symbol id="sm-1055">
         <name>IntDisable</name>
         <value>0x2000a651</value>
         <object_component_ref idref="oc-282"/>
      </symbol>
      <symbol id="sm-1056">
         <name>IntRegister</name>
         <value>0x2000ce99</value>
         <object_component_ref idref="oc-488"/>
      </symbol>
      <symbol id="sm-1057">
         <name>IntUnregister</name>
         <value>0x2000cda5</value>
         <object_component_ref idref="oc-593"/>
      </symbol>
      <symbol id="sm-1058">
         <name>IntMasterEnable</name>
         <value>0x2000d459</value>
         <object_component_ref idref="oc-25e"/>
      </symbol>
      <symbol id="sm-109d">
         <name>PinTypeI2C</name>
         <value>0x2000d029</value>
         <object_component_ref idref="oc-4c8"/>
      </symbol>
      <symbol id="sm-109e">
         <name>PinTypeUART</name>
         <value>0x2000d0eb</value>
         <object_component_ref idref="oc-4d4"/>
      </symbol>
      <symbol id="sm-109f">
         <name>PinTypeADC</name>
         <value>0x2000d369</value>
         <object_component_ref idref="oc-4c2"/>
      </symbol>
      <symbol id="sm-10a0">
         <name>PinTypeTimer</name>
         <value>0x2000d0d1</value>
         <object_component_ref idref="oc-4ce"/>
      </symbol>
      <symbol id="sm-10a1">
         <name>PinConfigSet</name>
         <value>0x2000b17d</value>
         <object_component_ref idref="oc-6c8"/>
      </symbol>
      <symbol id="sm-10a2">
         <name>PinModeSet</name>
         <value>0x2000c685</value>
         <object_component_ref idref="oc-4bc"/>
      </symbol>
      <symbol id="sm-1135">
         <name>PRCMPeripheralReset</name>
         <value>0x2000bff9</value>
         <object_component_ref idref="oc-444"/>
      </symbol>
      <symbol id="sm-1136">
         <name>PRCMPeripheralClkEnable</name>
         <value>0x2000c7fd</value>
         <object_component_ref idref="oc-43e"/>
      </symbol>
      <symbol id="sm-1137">
         <name>PRCMPeripheralClockGet</name>
         <value>0x2000ac7d</value>
         <object_component_ref idref="oc-2c3"/>
      </symbol>
      <symbol id="sm-1138">
         <name>PRCMCC3200MCUInit</name>
         <value>0x20008b39</value>
         <object_component_ref idref="oc-26a"/>
      </symbol>
      <symbol id="sm-1139">
         <name>PRCMHIBRegWrite</name>
         <value>0x2000d2e9</value>
         <object_component_ref idref="oc-4b5"/>
      </symbol>
      <symbol id="sm-113a">
         <name>PRCMSysResetCauseGet</name>
         <value>0x2000cb8d</value>
         <object_component_ref idref="oc-4a9"/>
      </symbol>
      <symbol id="sm-113b">
         <name>PRCMPeripheralStatusGet</name>
         <value>0x2000ca3d</value>
         <object_component_ref idref="oc-53c"/>
      </symbol>
      <symbol id="sm-113c">
         <name>PRCMPeripheralClkDisable</name>
         <value>0x2000ccb9</value>
         <object_component_ref idref="oc-450"/>
      </symbol>
      <symbol id="sm-113d">
         <name>PRCMHIBRegRead</name>
         <value>0x2000d2d3</value>
         <object_component_ref idref="oc-4af"/>
      </symbol>
      <symbol id="sm-11f8">
         <name>SPIFIFODisable</name>
         <value>0x2000d139</value>
         <object_component_ref idref="oc-5ff"/>
      </symbol>
      <symbol id="sm-11f9">
         <name>SPICSEnable</name>
         <value>0x2000d1b7</value>
         <object_component_ref idref="oc-7c9"/>
      </symbol>
      <symbol id="sm-11fa">
         <name>SPIDisable</name>
         <value>0x2000d1cf</value>
         <object_component_ref idref="oc-52a"/>
      </symbol>
      <symbol id="sm-11fb">
         <name>SPIFIFOEnable</name>
         <value>0x2000d153</value>
         <object_component_ref idref="oc-548"/>
      </symbol>
      <symbol id="sm-11fc">
         <name>SPIWordCountSet</name>
         <value>0x2000ce77</value>
         <object_component_ref idref="oc-7cf"/>
      </symbol>
      <symbol id="sm-11fd">
         <name>SPIEnable</name>
         <value>0x2000d1e7</value>
         <object_component_ref idref="oc-560"/>
      </symbol>
      <symbol id="sm-11fe">
         <name>SPIDmaEnable</name>
         <value>0x2000d11f</value>
         <object_component_ref idref="oc-54e"/>
      </symbol>
      <symbol id="sm-11ff">
         <name>SPIConfigSetExpClk</name>
         <value>0x2000a845</value>
         <object_component_ref idref="oc-536"/>
      </symbol>
      <symbol id="sm-1200">
         <name>SPIIntUnregister</name>
         <value>0x2000d16d</value>
         <object_component_ref idref="oc-5f9"/>
      </symbol>
      <symbol id="sm-1201">
         <name>SPIFIFOLevelSet</name>
         <value>0x2000ca71</value>
         <object_component_ref idref="oc-554"/>
      </symbol>
      <symbol id="sm-1202">
         <name>SPIDmaDisable</name>
         <value>0x2000d105</value>
         <object_component_ref idref="oc-605"/>
      </symbol>
      <symbol id="sm-1203">
         <name>SPIReset</name>
         <value>0x2000ce55</value>
         <object_component_ref idref="oc-530"/>
      </symbol>
      <symbol id="sm-1204">
         <name>SPIIntEnable</name>
         <value>0x2000c245</value>
         <object_component_ref idref="oc-55a"/>
      </symbol>
      <symbol id="sm-1205">
         <name>SPIIntClear</name>
         <value>0x2000c459</value>
         <object_component_ref idref="oc-716"/>
      </symbol>
      <symbol id="sm-1206">
         <name>SPICSDisable</name>
         <value>0x2000d19f</value>
         <object_component_ref idref="oc-524"/>
      </symbol>
      <symbol id="sm-12b2">
         <name>TimerMatchSet</name>
         <value>0x2000cc3b</value>
         <object_component_ref idref="oc-1d6"/>
      </symbol>
      <symbol id="sm-12b3">
         <name>TimerLoadSet</name>
         <value>0x2000cc11</value>
         <object_component_ref idref="oc-212"/>
      </symbol>
      <symbol id="sm-12b4">
         <name>TimerDisable</name>
         <value>0x2000cf77</value>
         <object_component_ref idref="oc-473"/>
      </symbol>
      <symbol id="sm-12b5">
         <name>TimerIntRegister</name>
         <value>0x2000b879</value>
         <object_component_ref idref="oc-200"/>
      </symbol>
      <symbol id="sm-12b6">
         <name>TimerEnable</name>
         <value>0x2000cf95</value>
         <object_component_ref idref="oc-27c"/>
      </symbol>
      <symbol id="sm-12b7">
         <name>TimerIntUnregister</name>
         <value>0x2000bb09</value>
         <object_component_ref idref="oc-47f"/>
      </symbol>
      <symbol id="sm-12b8">
         <name>TimerIntStatus</name>
         <value>0x2000cfb3</value>
         <object_component_ref idref="oc-1ad"/>
      </symbol>
      <symbol id="sm-12b9">
         <name>TimerIntDisable</name>
         <value>0x2000d1ff</value>
         <object_component_ref idref="oc-479"/>
      </symbol>
      <symbol id="sm-12ba">
         <name>TimerValueGet</name>
         <value>0x2000d045</value>
         <object_component_ref idref="oc-1b9"/>
      </symbol>
      <symbol id="sm-12bb">
         <name>TimerPrescaleSet</name>
         <value>0x2000cc8f</value>
         <object_component_ref idref="oc-223"/>
      </symbol>
      <symbol id="sm-12bc">
         <name>TimerControlStall</name>
         <value>0x2000ca05</value>
         <object_component_ref idref="oc-20c"/>
      </symbol>
      <symbol id="sm-12bd">
         <name>TimerIntEnable</name>
         <value>0x2000d217</value>
         <object_component_ref idref="oc-206"/>
      </symbol>
      <symbol id="sm-12be">
         <name>TimerPrescaleMatchSet</name>
         <value>0x2000cc65</value>
         <object_component_ref idref="oc-1dc"/>
      </symbol>
      <symbol id="sm-12bf">
         <name>TimerConfigure</name>
         <value>0x2000c575</value>
         <object_component_ref idref="oc-21d"/>
      </symbol>
      <symbol id="sm-12c0">
         <name>TimerControlEvent</name>
         <value>0x2000caa5</value>
         <object_component_ref idref="oc-1fa"/>
      </symbol>
      <symbol id="sm-12c1">
         <name>TimerIntClear</name>
         <value>0x2000d3db</value>
         <object_component_ref idref="oc-1b3"/>
      </symbol>
      <symbol id="sm-12fd">
         <name>UARTConfigSetExpClk</name>
         <value>0x2000b78d</value>
         <object_component_ref idref="oc-2c9"/>
      </symbol>
      <symbol id="sm-12fe">
         <name>UARTDisable</name>
         <value>0x2000cad5</value>
         <object_component_ref idref="oc-4e7"/>
      </symbol>
      <symbol id="sm-12ff">
         <name>UARTCharsAvail</name>
         <value>0x2000d22f</value>
         <object_component_ref idref="oc-2db"/>
      </symbol>
      <symbol id="sm-1300">
         <name>UARTCharGetNonBlocking</name>
         <value>0x2000d061</value>
         <object_component_ref idref="oc-2e1"/>
      </symbol>
      <symbol id="sm-1301">
         <name>UARTCharPut</name>
         <value>0x2000cfd1</value>
         <object_component_ref idref="oc-2cf"/>
      </symbol>
      <symbol id="sm-1302">
         <name>UARTEnable</name>
         <value>0x2000cdc9</value>
         <object_component_ref idref="oc-4ed"/>
      </symbol>
      <symbol id="sm-1359">
         <name>uDMAChannelControlSet</name>
         <value>0x2000c8b1</value>
         <object_component_ref idref="oc-883"/>
      </symbol>
      <symbol id="sm-135a">
         <name>uDMAChannelAttributeEnable</name>
         <value>0x2000bd69</value>
         <object_component_ref idref="oc-889"/>
      </symbol>
      <symbol id="sm-135b">
         <name>uDMAChannelTransferSet</name>
         <value>0x20009a85</value>
         <object_component_ref idref="oc-88f"/>
      </symbol>
      <symbol id="sm-135c">
         <name>uDMAChannelAssign</name>
         <value>0x2000c40d</value>
         <object_component_ref idref="oc-6f5"/>
      </symbol>
      <symbol id="sm-135d">
         <name>uDMAChannelAttributeDisable</name>
         <value>0x2000bd05</value>
         <object_component_ref idref="oc-6fb"/>
      </symbol>
      <symbol id="sm-135e">
         <name>uDMAChannelEnable</name>
         <value>0x2000d0b5</value>
         <object_component_ref idref="oc-895"/>
      </symbol>
      <symbol id="sm-1362">
         <name>UtilsDelay</name>
         <value>0x2000d46b</value>
         <object_component_ref idref="oc-19e"/>
      </symbol>
      <symbol id="sm-136c">
         <name>CPUcpsie</name>
         <value>0x2000d33f</value>
         <object_component_ref idref="oc-49e"/>
      </symbol>
      <symbol id="sm-136e">
         <name>__TI_static_base__</name>
         <value>0x2000da90</value>
      </symbol>
      <symbol id="sm-1371">
         <name>SHT$$INIT_ARRAY$$Limit</name>
         <value>0x0</value>
      </symbol>
      <symbol id="sm-1372">
         <name>SHT$$INIT_ARRAY$$Base</name>
         <value>0x0</value>
      </symbol>
   </symbol_table>
   <title>Link successful</title>
</link_info>
