<?xml version="1.0"?>
<link_info>
   <banner>TI ARM Linker PC v16.9.4.LTS</banner>
   <copyright>Copyright (c) 1996-2017 Texas Instruments Incorporated</copyright>
   <link_time>0x5d506b81</link_time>
   <link_errors>0x0</link_errors>
   <output_file>USR telemetry udp VOLTAGE.out</output_file>
   <entry_point>
      <name>_c_int00</name>
      <address>0x2000b801</address>
   </entry_point>
   <input_file_list>
      <input_file id="fl-2">
         <path>.\</path>
         <kind>object</kind>
         <file>main.obj</file>
         <name>main.obj</name>
      </input_file>
      <input_file id="fl-3">
         <path>.\</path>
         <kind>object</kind>
         <file>network_common.obj</file>
         <name>network_common.obj</name>
      </input_file>
      <input_file id="fl-4">
         <path>.\</path>
         <kind>object</kind>
         <file>pin_mux_config.obj</file>
         <name>pin_mux_config.obj</name>
      </input_file>
      <input_file id="fl-5">
         <path>.\</path>
         <kind>object</kind>
         <file>startup_ccs.obj</file>
         <name>startup_ccs.obj</name>
      </input_file>
      <input_file id="fl-6">
         <path>.\</path>
         <kind>object</kind>
         <file>timer_if.obj</file>
         <name>timer_if.obj</name>
      </input_file>
      <input_file id="fl-7">
         <path>.\</path>
         <kind>object</kind>
         <file>uart_if.obj</file>
         <name>uart_if.obj</name>
      </input_file>
      <input_file id="fl-8">
         <path>.\</path>
         <kind>object</kind>
         <file>udma_if.obj</file>
         <name>udma_if.obj</name>
      </input_file>
      <input_file id="fl-e">
         <kind>object</kind>
         <file>&lt;internal&gt;</file>
         <name>&lt;internal&gt;</name>
      </input_file>
      <input_file id="fl-c4">
         <path>C:\ti\ccsv7\tools\compiler\ti-cgt-arm_16.9.4.LTS\lib\</path>
         <kind>archive</kind>
         <file>rtsv7M4_T_le_eabi.lib</file>
         <name>boot.obj</name>
      </input_file>
      <input_file id="fl-c5">
         <path>C:\ti\ccsv7\tools\compiler\ti-cgt-arm_16.9.4.LTS\lib\</path>
         <kind>archive</kind>
         <file>rtsv7M4_T_le_eabi.lib</file>
         <name>copy_decompress_lzss.obj</name>
      </input_file>
      <input_file id="fl-c6">
         <path>C:\ti\ccsv7\tools\compiler\ti-cgt-arm_16.9.4.LTS\lib\</path>
         <kind>archive</kind>
         <file>rtsv7M4_T_le_eabi.lib</file>
         <name>copy_decompress_none.obj</name>
      </input_file>
      <input_file id="fl-c7">
         <path>C:\ti\ccsv7\tools\compiler\ti-cgt-arm_16.9.4.LTS\lib\</path>
         <kind>archive</kind>
         <file>rtsv7M4_T_le_eabi.lib</file>
         <name>copy_zero_init.obj</name>
      </input_file>
      <input_file id="fl-c8">
         <path>C:\ti\ccsv7\tools\compiler\ti-cgt-arm_16.9.4.LTS\lib\</path>
         <kind>archive</kind>
         <file>rtsv7M4_T_le_eabi.lib</file>
         <name>exit.obj</name>
      </input_file>
      <input_file id="fl-c9">
         <path>C:\ti\ccsv7\tools\compiler\ti-cgt-arm_16.9.4.LTS\lib\</path>
         <kind>archive</kind>
         <file>rtsv7M4_T_le_eabi.lib</file>
         <name>fd_div_t2.obj</name>
      </input_file>
      <input_file id="fl-ca">
         <path>C:\ti\ccsv7\tools\compiler\ti-cgt-arm_16.9.4.LTS\lib\</path>
         <kind>archive</kind>
         <file>rtsv7M4_T_le_eabi.lib</file>
         <name>fd_mul_t2.obj</name>
      </input_file>
      <input_file id="fl-cb">
         <path>C:\ti\ccsv7\tools\compiler\ti-cgt-arm_16.9.4.LTS\lib\</path>
         <kind>archive</kind>
         <file>rtsv7M4_T_le_eabi.lib</file>
         <name>fd_tos_t2.obj</name>
      </input_file>
      <input_file id="fl-cc">
         <path>C:\ti\ccsv7\tools\compiler\ti-cgt-arm_16.9.4.LTS\lib\</path>
         <kind>archive</kind>
         <file>rtsv7M4_T_le_eabi.lib</file>
         <name>fs_div_t2.obj</name>
      </input_file>
      <input_file id="fl-cd">
         <path>C:\ti\ccsv7\tools\compiler\ti-cgt-arm_16.9.4.LTS\lib\</path>
         <kind>archive</kind>
         <file>rtsv7M4_T_le_eabi.lib</file>
         <name>memcpy_t2.obj</name>
      </input_file>
      <input_file id="fl-ce">
         <path>C:\ti\ccsv7\tools\compiler\ti-cgt-arm_16.9.4.LTS\lib\</path>
         <kind>archive</kind>
         <file>rtsv7M4_T_le_eabi.lib</file>
         <name>memmov.obj</name>
      </input_file>
      <input_file id="fl-cf">
         <path>C:\ti\ccsv7\tools\compiler\ti-cgt-arm_16.9.4.LTS\lib\</path>
         <kind>archive</kind>
         <file>rtsv7M4_T_le_eabi.lib</file>
         <name>memory.obj</name>
      </input_file>
      <input_file id="fl-d0">
         <path>C:\ti\ccsv7\tools\compiler\ti-cgt-arm_16.9.4.LTS\lib\</path>
         <kind>archive</kind>
         <file>rtsv7M4_T_le_eabi.lib</file>
         <name>memset_t2.obj</name>
      </input_file>
      <input_file id="fl-d1">
         <path>C:\ti\ccsv7\tools\compiler\ti-cgt-arm_16.9.4.LTS\lib\</path>
         <kind>archive</kind>
         <file>rtsv7M4_T_le_eabi.lib</file>
         <name>mpu_init.obj</name>
      </input_file>
      <input_file id="fl-d2">
         <path>C:\ti\ccsv7\tools\compiler\ti-cgt-arm_16.9.4.LTS\lib\</path>
         <kind>archive</kind>
         <file>rtsv7M4_T_le_eabi.lib</file>
         <name>pre_init.obj</name>
      </input_file>
      <input_file id="fl-d3">
         <path>C:\ti\ccsv7\tools\compiler\ti-cgt-arm_16.9.4.LTS\lib\</path>
         <kind>archive</kind>
         <file>rtsv7M4_T_le_eabi.lib</file>
         <name>sprintf.obj</name>
      </input_file>
      <input_file id="fl-d4">
         <path>C:\ti\ccsv7\tools\compiler\ti-cgt-arm_16.9.4.LTS\lib\</path>
         <kind>archive</kind>
         <file>rtsv7M4_T_le_eabi.lib</file>
         <name>stkdepth_vars.obj</name>
      </input_file>
      <input_file id="fl-d5">
         <path>C:\ti\ccsv7\tools\compiler\ti-cgt-arm_16.9.4.LTS\lib\</path>
         <kind>archive</kind>
         <file>rtsv7M4_T_le_eabi.lib</file>
         <name>strlen.obj</name>
      </input_file>
      <input_file id="fl-d6">
         <path>C:\ti\ccsv7\tools\compiler\ti-cgt-arm_16.9.4.LTS\lib\</path>
         <kind>archive</kind>
         <file>rtsv7M4_T_le_eabi.lib</file>
         <name>u_tofd_t2.obj</name>
      </input_file>
      <input_file id="fl-d7">
         <path>C:\ti\ccsv7\tools\compiler\ti-cgt-arm_16.9.4.LTS\lib\</path>
         <kind>archive</kind>
         <file>rtsv7M4_T_le_eabi.lib</file>
         <name>vsnprintf.obj</name>
      </input_file>
      <input_file id="fl-d8">
         <path>C:\ti\ccsv7\tools\compiler\ti-cgt-arm_16.9.4.LTS\lib\</path>
         <kind>archive</kind>
         <file>rtsv7M4_T_le_eabi.lib</file>
         <name>_lock.obj</name>
      </input_file>
      <input_file id="fl-d9">
         <path>C:\ti\ccsv7\tools\compiler\ti-cgt-arm_16.9.4.LTS\lib\</path>
         <kind>archive</kind>
         <file>rtsv7M4_T_le_eabi.lib</file>
         <name>_printfi.obj</name>
      </input_file>
      <input_file id="fl-da">
         <path>C:\ti\ccsv7\tools\compiler\ti-cgt-arm_16.9.4.LTS\lib\</path>
         <kind>archive</kind>
         <file>rtsv7M4_T_le_eabi.lib</file>
         <name>args_main.obj</name>
      </input_file>
      <input_file id="fl-db">
         <path>C:\ti\ccsv7\tools\compiler\ti-cgt-arm_16.9.4.LTS\lib\</path>
         <kind>archive</kind>
         <file>rtsv7M4_T_le_eabi.lib</file>
         <name>atoi.obj</name>
      </input_file>
      <input_file id="fl-dc">
         <path>C:\ti\ccsv7\tools\compiler\ti-cgt-arm_16.9.4.LTS\lib\</path>
         <kind>archive</kind>
         <file>rtsv7M4_T_le_eabi.lib</file>
         <name>autoinit.obj</name>
      </input_file>
      <input_file id="fl-dd">
         <path>C:\ti\ccsv7\tools\compiler\ti-cgt-arm_16.9.4.LTS\lib\</path>
         <kind>archive</kind>
         <file>rtsv7M4_T_le_eabi.lib</file>
         <name>cpy_tbl.obj</name>
      </input_file>
      <input_file id="fl-de">
         <path>C:\ti\ccsv7\tools\compiler\ti-cgt-arm_16.9.4.LTS\lib\</path>
         <kind>archive</kind>
         <file>rtsv7M4_T_le_eabi.lib</file>
         <name>ctype.obj</name>
      </input_file>
      <input_file id="fl-df">
         <path>C:\ti\ccsv7\tools\compiler\ti-cgt-arm_16.9.4.LTS\lib\</path>
         <kind>archive</kind>
         <file>rtsv7M4_T_le_eabi.lib</file>
         <name>fd_add_t2.obj</name>
      </input_file>
      <input_file id="fl-e0">
         <path>C:\ti\ccsv7\tools\compiler\ti-cgt-arm_16.9.4.LTS\lib\</path>
         <kind>archive</kind>
         <file>rtsv7M4_T_le_eabi.lib</file>
         <name>fd_cmp_t2.obj</name>
      </input_file>
      <input_file id="fl-e1">
         <path>C:\ti\ccsv7\tools\compiler\ti-cgt-arm_16.9.4.LTS\lib\</path>
         <kind>archive</kind>
         <file>rtsv7M4_T_le_eabi.lib</file>
         <name>fd_toi_t2.obj</name>
      </input_file>
      <input_file id="fl-e2">
         <path>C:\ti\ccsv7\tools\compiler\ti-cgt-arm_16.9.4.LTS\lib\</path>
         <kind>archive</kind>
         <file>rtsv7M4_T_le_eabi.lib</file>
         <name>i_tofd_t2.obj</name>
      </input_file>
      <input_file id="fl-e3">
         <path>C:\ti\ccsv7\tools\compiler\ti-cgt-arm_16.9.4.LTS\lib\</path>
         <kind>archive</kind>
         <file>rtsv7M4_T_le_eabi.lib</file>
         <name>ltoa.obj</name>
      </input_file>
      <input_file id="fl-e4">
         <path>C:\ti\ccsv7\tools\compiler\ti-cgt-arm_16.9.4.LTS\lib\</path>
         <kind>archive</kind>
         <file>rtsv7M4_T_le_eabi.lib</file>
         <name>memccpy.obj</name>
      </input_file>
      <input_file id="fl-e5">
         <path>C:\ti\ccsv7\tools\compiler\ti-cgt-arm_16.9.4.LTS\lib\</path>
         <kind>archive</kind>
         <file>rtsv7M4_T_le_eabi.lib</file>
         <name>s_frexp.obj</name>
      </input_file>
      <input_file id="fl-e6">
         <path>C:\ti\ccsv7\tools\compiler\ti-cgt-arm_16.9.4.LTS\lib\</path>
         <kind>archive</kind>
         <file>rtsv7M4_T_le_eabi.lib</file>
         <name>s_scalbn.obj</name>
      </input_file>
      <input_file id="fl-e7">
         <path>C:\ti\ccsv7\tools\compiler\ti-cgt-arm_16.9.4.LTS\lib\</path>
         <kind>archive</kind>
         <file>rtsv7M4_T_le_eabi.lib</file>
         <name>startup.obj</name>
      </input_file>
      <input_file id="fl-e8">
         <path>C:\ti\ccsv7\tools\compiler\ti-cgt-arm_16.9.4.LTS\lib\</path>
         <kind>archive</kind>
         <file>rtsv7M4_T_le_eabi.lib</file>
         <name>strchr.obj</name>
      </input_file>
      <input_file id="fl-e9">
         <path>C:\ti\ccsv7\tools\compiler\ti-cgt-arm_16.9.4.LTS\lib\</path>
         <kind>archive</kind>
         <file>rtsv7M4_T_le_eabi.lib</file>
         <name>ull_div_t2.obj</name>
      </input_file>
      <input_file id="fl-ea">
         <path>C:\ti\ccsv7\tools\compiler\ti-cgt-arm_16.9.4.LTS\lib\</path>
         <kind>archive</kind>
         <file>rtsv7M4_T_le_eabi.lib</file>
         <name>errno.obj</name>
      </input_file>
      <input_file id="fl-eb">
         <path>C:\ti\ccsv7\tools\compiler\ti-cgt-arm_16.9.4.LTS\lib\</path>
         <kind>archive</kind>
         <file>rtsv7M4_T_le_eabi.lib</file>
         <name>s_copysign.obj</name>
      </input_file>
      <input_file id="fl-ec">
         <path>C:\ti\CC3200SDK_1.3.0\cc3200-sdk\simplelink\ccs\NON_OS\</path>
         <kind>archive</kind>
         <file>simplelink.a</file>
         <name>device.obj</name>
      </input_file>
      <input_file id="fl-ed">
         <path>C:\ti\CC3200SDK_1.3.0\cc3200-sdk\simplelink\ccs\NON_OS\</path>
         <kind>archive</kind>
         <file>simplelink.a</file>
         <name>driver.obj</name>
      </input_file>
      <input_file id="fl-ee">
         <path>C:\ti\CC3200SDK_1.3.0\cc3200-sdk\simplelink\ccs\NON_OS\</path>
         <kind>archive</kind>
         <file>simplelink.a</file>
         <name>netapp.obj</name>
      </input_file>
      <input_file id="fl-ef">
         <path>C:\ti\CC3200SDK_1.3.0\cc3200-sdk\simplelink\ccs\NON_OS\</path>
         <kind>archive</kind>
         <file>simplelink.a</file>
         <name>netcfg.obj</name>
      </input_file>
      <input_file id="fl-f0">
         <path>C:\ti\CC3200SDK_1.3.0\cc3200-sdk\simplelink\ccs\NON_OS\</path>
         <kind>archive</kind>
         <file>simplelink.a</file>
         <name>nonos.obj</name>
      </input_file>
      <input_file id="fl-f1">
         <path>C:\ti\CC3200SDK_1.3.0\cc3200-sdk\simplelink\ccs\NON_OS\</path>
         <kind>archive</kind>
         <file>simplelink.a</file>
         <name>socket.obj</name>
      </input_file>
      <input_file id="fl-f2">
         <path>C:\ti\CC3200SDK_1.3.0\cc3200-sdk\simplelink\ccs\NON_OS\</path>
         <kind>archive</kind>
         <file>simplelink.a</file>
         <name>wlan.obj</name>
      </input_file>
      <input_file id="fl-f3">
         <path>C:\ti\CC3200SDK_1.3.0\cc3200-sdk\simplelink\ccs\NON_OS\</path>
         <kind>archive</kind>
         <file>simplelink.a</file>
         <name>cc_pal.obj</name>
      </input_file>
      <input_file id="fl-f4">
         <path>C:\ti\CC3200SDK_1.3.0\cc3200-sdk\driverlib\ccs\Release\</path>
         <kind>archive</kind>
         <file>driverlib.a</file>
         <name>adc.obj</name>
      </input_file>
      <input_file id="fl-f5">
         <path>C:\ti\CC3200SDK_1.3.0\cc3200-sdk\driverlib\ccs\Release\</path>
         <kind>archive</kind>
         <file>driverlib.a</file>
         <name>interrupt.obj</name>
      </input_file>
      <input_file id="fl-f6">
         <path>C:\ti\CC3200SDK_1.3.0\cc3200-sdk\driverlib\ccs\Release\</path>
         <kind>archive</kind>
         <file>driverlib.a</file>
         <name>pin.obj</name>
      </input_file>
      <input_file id="fl-f7">
         <path>C:\ti\CC3200SDK_1.3.0\cc3200-sdk\driverlib\ccs\Release\</path>
         <kind>archive</kind>
         <file>driverlib.a</file>
         <name>prcm.obj</name>
      </input_file>
      <input_file id="fl-f8">
         <path>C:\ti\CC3200SDK_1.3.0\cc3200-sdk\driverlib\ccs\Release\</path>
         <kind>archive</kind>
         <file>driverlib.a</file>
         <name>spi.obj</name>
      </input_file>
      <input_file id="fl-f9">
         <path>C:\ti\CC3200SDK_1.3.0\cc3200-sdk\driverlib\ccs\Release\</path>
         <kind>archive</kind>
         <file>driverlib.a</file>
         <name>timer.obj</name>
      </input_file>
      <input_file id="fl-fa">
         <path>C:\ti\CC3200SDK_1.3.0\cc3200-sdk\driverlib\ccs\Release\</path>
         <kind>archive</kind>
         <file>driverlib.a</file>
         <name>uart.obj</name>
      </input_file>
      <input_file id="fl-fb">
         <path>C:\ti\CC3200SDK_1.3.0\cc3200-sdk\driverlib\ccs\Release\</path>
         <kind>archive</kind>
         <file>driverlib.a</file>
         <name>udma.obj</name>
      </input_file>
      <input_file id="fl-fc">
         <path>C:\ti\CC3200SDK_1.3.0\cc3200-sdk\driverlib\ccs\Release\</path>
         <kind>archive</kind>
         <file>driverlib.a</file>
         <name>utils.obj</name>
      </input_file>
      <input_file id="fl-fd">
         <path>C:\ti\CC3200SDK_1.3.0\cc3200-sdk\driverlib\ccs\Release\</path>
         <kind>archive</kind>
         <file>driverlib.a</file>
         <name>cpu.obj</name>
      </input_file>
      <input_file id="fl-fe">
         <path>C:\ti\CC3200SDK_1.3.0\cc3200-sdk\driverlib\ccs\Release\</path>
         <kind>archive</kind>
         <file>driverlib.a</file>
         <name>flash.obj</name>
      </input_file>
   </input_file_list>
   <object_component_list>
      <object_component id="oc-f">
         <name>.intvecs</name>
         <load_address>0x20004000</load_address>
         <run_address>0x20004000</run_address>
         <size>0x400</size>
         <input_file_ref idref="fl-5"/>
      </object_component>
      <object_component id="oc-353">
         <name>.text</name>
         <load_address>0x20004400</load_address>
         <run_address>0x20004400</run_address>
         <size>0x1122</size>
         <input_file_ref idref="fl-d9"/>
      </object_component>
      <object_component id="oc-65c">
         <name>.text:IntDefaultHandler</name>
         <load_address>0x20005522</load_address>
         <run_address>0x20005522</run_address>
         <size>0x2</size>
         <input_file_ref idref="fl-f5"/>
      </object_component>
      <object_component id="oc-a8">
         <name>.text</name>
         <load_address>0x20005524</load_address>
         <run_address>0x20005524</run_address>
         <size>0xf2c</size>
         <input_file_ref idref="fl-2"/>
      </object_component>
      <object_component id="oc-66b">
         <name>.text:_SlDrvMsgRead</name>
         <load_address>0x20006450</load_address>
         <run_address>0x20006450</run_address>
         <size>0x590</size>
         <input_file_ref idref="fl-ed"/>
      </object_component>
      <object_component id="oc-26a">
         <name>.text</name>
         <load_address>0x200069e0</load_address>
         <run_address>0x200069e0</run_address>
         <size>0x3d0</size>
         <input_file_ref idref="fl-cf"/>
      </object_component>
      <object_component id="oc-10e">
         <name>.text</name>
         <load_address>0x20006db0</load_address>
         <run_address>0x20006db0</run_address>
         <size>0x280</size>
         <input_file_ref idref="fl-7"/>
      </object_component>
      <object_component id="oc-6e4">
         <name>.text:_SlDrvRxHdrRead</name>
         <load_address>0x20007030</load_address>
         <run_address>0x20007030</run_address>
         <size>0x24c</size>
         <input_file_ref idref="fl-ed"/>
      </object_component>
      <object_component id="oc-573">
         <name>.text</name>
         <load_address>0x2000727c</load_address>
         <run_address>0x2000727c</run_address>
         <size>0x1f4</size>
         <input_file_ref idref="fl-e9"/>
      </object_component>
      <object_component id="oc-2ab">
         <name>.text:_SlDrvReleasePoolObj</name>
         <load_address>0x20007470</load_address>
         <run_address>0x20007470</run_address>
         <size>0x1d0</size>
         <input_file_ref idref="fl-ed"/>
      </object_component>
      <object_component id="oc-592">
         <name>.text</name>
         <load_address>0x20007640</load_address>
         <run_address>0x20007640</run_address>
         <size>0x1b6</size>
         <input_file_ref idref="fl-df"/>
      </object_component>
      <object_component id="oc-59">
         <name>.text</name>
         <load_address>0x200077f6</load_address>
         <run_address>0x200077f6</run_address>
         <size>0x2</size>
         <input_file_ref idref="fl-d1"/>
      </object_component>
      <object_component id="oc-281">
         <name>.text:_SlDrvDriverCBInit</name>
         <load_address>0x200077f8</load_address>
         <run_address>0x200077f8</run_address>
         <size>0x1b4</size>
         <input_file_ref idref="fl-ed"/>
      </object_component>
      <object_component id="oc-52a">
         <name>.text:_SlDrvMsgWrite</name>
         <load_address>0x200079ac</load_address>
         <run_address>0x200079ac</run_address>
         <size>0x19c</size>
         <input_file_ref idref="fl-ed"/>
      </object_component>
      <object_component id="oc-199">
         <name>.text</name>
         <load_address>0x20007b48</load_address>
         <run_address>0x20007b48</run_address>
         <size>0x198</size>
         <input_file_ref idref="fl-6"/>
      </object_component>
      <object_component id="oc-4b6">
         <name>.text:_SlDrvWaitForPoolObj</name>
         <load_address>0x20007ce0</load_address>
         <run_address>0x20007ce0</run_address>
         <size>0x190</size>
         <input_file_ref idref="fl-ed"/>
      </object_component>
      <object_component id="oc-1db">
         <name>.text:PRCMCC3200MCUInit</name>
         <load_address>0x20007e70</load_address>
         <run_address>0x20007e70</run_address>
         <size>0x178</size>
         <input_file_ref idref="fl-f7"/>
      </object_component>
      <object_component id="oc-6f6">
         <name>.text:_SlFindAndSetActiveObj</name>
         <load_address>0x20007fe8</load_address>
         <run_address>0x20007fe8</run_address>
         <size>0x170</size>
         <input_file_ref idref="fl-ed"/>
      </object_component>
      <object_component id="oc-3bc">
         <name>.text:_SlDrvDataWriteOp</name>
         <load_address>0x20008158</load_address>
         <run_address>0x20008158</run_address>
         <size>0x150</size>
         <input_file_ref idref="fl-ed"/>
      </object_component>
      <object_component id="oc-287">
         <name>.text:spi_Open</name>
         <load_address>0x200082a8</load_address>
         <run_address>0x200082a8</run_address>
         <size>0x148</size>
         <input_file_ref idref="fl-f3"/>
      </object_component>
      <object_component id="oc-530">
         <name>.text:_SlDrvMsgReadCmdCtx</name>
         <load_address>0x200083f0</load_address>
         <run_address>0x200083f0</run_address>
         <size>0x144</size>
         <input_file_ref idref="fl-ed"/>
      </object_component>
      <object_component id="oc-1b7">
         <name>.text:sl_SendTo</name>
         <load_address>0x20008534</load_address>
         <run_address>0x20008534</run_address>
         <size>0x144</size>
         <input_file_ref idref="fl-f1"/>
      </object_component>
      <object_component id="oc-188">
         <name>.text</name>
         <load_address>0x20008678</load_address>
         <run_address>0x20008678</run_address>
         <size>0x136</size>
         <input_file_ref idref="fl-c9"/>
      </object_component>
      <object_component id="oc-a0">
         <name>.text</name>
         <load_address>0x200087ae</load_address>
         <run_address>0x200087ae</run_address>
         <size>0x2</size>
         <input_file_ref idref="fl-e7"/>
      </object_component>
      <object_component id="oc-2f5">
         <name>.text:_SlDrvDriverCBDeinit</name>
         <load_address>0x200087b0</load_address>
         <run_address>0x200087b0</run_address>
         <size>0x130</size>
         <input_file_ref idref="fl-ed"/>
      </object_component>
      <object_component id="oc-748">
         <name>.text:_SlDrvNetAppEventHandler</name>
         <load_address>0x200088e0</load_address>
         <run_address>0x200088e0</run_address>
         <size>0x104</size>
         <input_file_ref idref="fl-ee"/>
      </object_component>
      <object_component id="oc-183">
         <name>.text</name>
         <load_address>0x200089e4</load_address>
         <run_address>0x200089e4</run_address>
         <size>0xfc</size>
         <input_file_ref idref="fl-ca"/>
      </object_component>
      <object_component id="oc-129">
         <name>.text:sl_Stop</name>
         <load_address>0x20008ae0</load_address>
         <run_address>0x20008ae0</run_address>
         <size>0xf0</size>
         <input_file_ref idref="fl-ec"/>
      </object_component>
      <object_component id="oc-6f0">
         <name>.text:spi_Read</name>
         <load_address>0x20008bd0</load_address>
         <run_address>0x20008bd0</run_address>
         <size>0xf0</size>
         <input_file_ref idref="fl-f3"/>
      </object_component>
      <object_component id="oc-7cd">
         <name>.text:uDMAChannelTransferSet</name>
         <load_address>0x20008cc0</load_address>
         <run_address>0x20008cc0</run_address>
         <size>0xf0</size>
         <input_file_ref idref="fl-fb"/>
      </object_component>
      <object_component id="oc-117">
         <name>.text:sl_Start</name>
         <load_address>0x20008db0</load_address>
         <run_address>0x20008db0</run_address>
         <size>0xec</size>
         <input_file_ref idref="fl-ec"/>
      </object_component>
      <object_component id="oc-671">
         <name>.text:_SlAsyncEventGenericHandler</name>
         <load_address>0x20008e9c</load_address>
         <run_address>0x20008e9c</run_address>
         <size>0xe8</size>
         <input_file_ref idref="fl-ed"/>
      </object_component>
      <object_component id="oc-511">
         <name>.text:_SlDrvMsgReadSpawnCtx</name>
         <load_address>0x20008f84</load_address>
         <run_address>0x20008f84</run_address>
         <size>0xe8</size>
         <input_file_ref idref="fl-ed"/>
      </object_component>
      <object_component id="oc-330">
         <name>.text:sl_NetAppMDNSRegisterUnregisterService</name>
         <load_address>0x2000906c</load_address>
         <run_address>0x2000906c</run_address>
         <size>0xe4</size>
         <input_file_ref idref="fl-ee"/>
      </object_component>
      <object_component id="oc-6ea">
         <name>.text:_SlDrvClassifyRxMsg</name>
         <load_address>0x20009150</load_address>
         <run_address>0x20009150</run_address>
         <size>0xdc</size>
         <input_file_ref idref="fl-ed"/>
      </object_component>
      <object_component id="oc-1f2">
         <name>.text:sl_NetCfgGet</name>
         <load_address>0x2000922c</load_address>
         <run_address>0x2000922c</run_address>
         <size>0xd8</size>
         <input_file_ref idref="fl-ef"/>
      </object_component>
      <object_component id="oc-1ec">
         <name>.text</name>
         <load_address>0x20009304</load_address>
         <run_address>0x20009304</run_address>
         <size>0xd4</size>
         <input_file_ref idref="fl-4"/>
      </object_component>
      <object_component id="oc-59d">
         <name>.text</name>
         <load_address>0x200093d8</load_address>
         <run_address>0x200093d8</run_address>
         <size>0xd0</size>
         <input_file_ref idref="fl-e6"/>
      </object_component>
      <object_component id="oc-78b">
         <name>.text:_sl_HandleAsync_DnsGetHostByService</name>
         <load_address>0x200094a8</load_address>
         <run_address>0x200094a8</run_address>
         <size>0xcc</size>
         <input_file_ref idref="fl-ee"/>
      </object_component>
      <object_component id="oc-12f">
         <name>.text:sl_DevGet</name>
         <load_address>0x20009574</load_address>
         <run_address>0x20009574</run_address>
         <size>0xcc</size>
         <input_file_ref idref="fl-ec"/>
      </object_component>
      <object_component id="oc-4f1">
         <name>.text:_SlRemoveFromList</name>
         <load_address>0x20009640</load_address>
         <run_address>0x20009640</run_address>
         <size>0xc4</size>
         <input_file_ref idref="fl-ed"/>
      </object_component>
      <object_component id="oc-2d9">
         <name>.text:_SlDrvCmdOp</name>
         <load_address>0x20009704</load_address>
         <run_address>0x20009704</run_address>
         <size>0xc0</size>
         <input_file_ref idref="fl-ed"/>
      </object_component>
      <object_component id="oc-450">
         <name>.text:_SlNonOsSemGet</name>
         <load_address>0x200097c4</load_address>
         <run_address>0x200097c4</run_address>
         <size>0xb0</size>
         <input_file_ref idref="fl-f0"/>
      </object_component>
      <object_component id="oc-4d0">
         <name>.text:IntDisable</name>
         <load_address>0x20009874</load_address>
         <run_address>0x20009874</run_address>
         <size>0xa8</size>
         <input_file_ref idref="fl-f5"/>
      </object_component>
      <object_component id="oc-1d5">
         <name>.text:IntEnable</name>
         <load_address>0x2000991c</load_address>
         <run_address>0x2000991c</run_address>
         <size>0xa8</size>
         <input_file_ref idref="fl-f5"/>
      </object_component>
      <object_component id="oc-4ea">
         <name>.text:_SlDriverHandleError</name>
         <load_address>0x200099c4</load_address>
         <run_address>0x200099c4</run_address>
         <size>0xa4</size>
         <input_file_ref idref="fl-ed"/>
      </object_component>
      <object_component id="oc-46d">
         <name>.text:SPIConfigSetExpClk</name>
         <load_address>0x20009a68</load_address>
         <run_address>0x20009a68</run_address>
         <size>0xa0</size>
         <input_file_ref idref="fl-f8"/>
      </object_component>
      <object_component id="oc-41">
         <name>.text</name>
         <load_address>0x20009b08</load_address>
         <run_address>0x20009b08</run_address>
         <size>0x9c</size>
         <input_file_ref idref="fl-cd"/>
      </object_component>
      <object_component id="oc-77d">
         <name>.text:_SlDrvDeviceEventHandler</name>
         <load_address>0x20009ba4</load_address>
         <run_address>0x20009ba4</run_address>
         <size>0x9a</size>
         <input_file_ref idref="fl-ec"/>
      </object_component>
      <object_component id="oc-147">
         <name>.text:sl_NetCfgSet</name>
         <load_address>0x20009c40</load_address>
         <run_address>0x20009c40</run_address>
         <size>0x98</size>
         <input_file_ref idref="fl-ef"/>
      </object_component>
      <object_component id="oc-178">
         <name>.text:sl_SetSockOpt</name>
         <load_address>0x20009cd8</load_address>
         <run_address>0x20009cd8</run_address>
         <size>0x98</size>
         <input_file_ref idref="fl-f1"/>
      </object_component>
      <object_component id="oc-14d">
         <name>.text:sl_WlanSet</name>
         <load_address>0x20009d70</load_address>
         <run_address>0x20009d70</run_address>
         <size>0x98</size>
         <input_file_ref idref="fl-f2"/>
      </object_component>
      <object_component id="oc-67a">
         <name>.text:spi_Write</name>
         <load_address>0x20009e08</load_address>
         <run_address>0x20009e08</run_address>
         <size>0x98</size>
         <input_file_ref idref="fl-f3"/>
      </object_component>
      <object_component id="oc-240">
         <name>.text:PRCMPeripheralClockGet</name>
         <load_address>0x20009ea0</load_address>
         <run_address>0x20009ea0</run_address>
         <size>0x94</size>
         <input_file_ref idref="fl-f7"/>
      </object_component>
      <object_component id="oc-1bd">
         <name>.text</name>
         <load_address>0x20009f34</load_address>
         <run_address>0x20009f34</run_address>
         <size>0x92</size>
         <input_file_ref idref="fl-cc"/>
      </object_component>
      <object_component id="oc-785">
         <name>.text:_sl_HandleAsync_DnsGetHostByName</name>
         <load_address>0x20009fc8</load_address>
         <run_address>0x20009fc8</run_address>
         <size>0x90</size>
         <input_file_ref idref="fl-ee"/>
      </object_component>
      <object_component id="oc-74e">
         <name>.text:_sl_HandleAsync_PingResponse</name>
         <load_address>0x2000a058</load_address>
         <run_address>0x2000a058</run_address>
         <size>0x90</size>
         <input_file_ref idref="fl-ee"/>
      </object_component>
      <object_component id="oc-135">
         <name>.text:sl_WlanPolicySet</name>
         <load_address>0x2000a0e8</load_address>
         <run_address>0x2000a0e8</run_address>
         <size>0x90</size>
         <input_file_ref idref="fl-f2"/>
      </object_component>
      <object_component id="oc-755">
         <name>.text:SetupDMAReceive</name>
         <load_address>0x2000a178</load_address>
         <run_address>0x2000a178</run_address>
         <size>0x8c</size>
         <input_file_ref idref="fl-f3"/>
      </object_component>
      <object_component id="oc-701">
         <name>.text:SetupDMASend</name>
         <load_address>0x2000a204</load_address>
         <run_address>0x2000a204</run_address>
         <size>0x8c</size>
         <input_file_ref idref="fl-f3"/>
      </object_component>
      <object_component id="oc-61d">
         <name>.text:_SlDrvIsTimeoutExpired</name>
         <load_address>0x2000a290</load_address>
         <run_address>0x2000a290</run_address>
         <size>0x8c</size>
         <input_file_ref idref="fl-ed"/>
      </object_component>
      <object_component id="oc-7da">
         <name>.text:_sl_HandleAsync_InitComplete</name>
         <load_address>0x2000a31c</load_address>
         <run_address>0x2000a31c</run_address>
         <size>0x8c</size>
         <input_file_ref idref="fl-ec"/>
      </object_component>
      <object_component id="oc-172">
         <name>.text:sl_Socket</name>
         <load_address>0x2000a3a8</load_address>
         <run_address>0x2000a3a8</run_address>
         <size>0x8c</size>
         <input_file_ref idref="fl-f1"/>
      </object_component>
      <object_component id="oc-601">
         <name>.text:PinConfigSet</name>
         <load_address>0x2000a434</load_address>
         <run_address>0x2000a434</run_address>
         <size>0x88</size>
         <input_file_ref idref="fl-f6"/>
      </object_component>
      <object_component id="oc-252">
         <name>.text</name>
         <load_address>0x2000a4bc</load_address>
         <run_address>0x2000a4bc</run_address>
         <size>0x88</size>
         <input_file_ref idref="fl-d7"/>
      </object_component>
      <object_component id="oc-578">
         <name>.text:__aeabi_cdcmple</name>
         <load_address>0x2000a544</load_address>
         <run_address>0x2000a544</run_address>
         <size>0x86</size>
         <input_file_ref idref="fl-e0"/>
      </object_component>
      <object_component id="oc-57d">
         <name>.text:__aeabi_cdrcmple</name>
         <load_address>0x2000a5ca</load_address>
         <run_address>0x2000a5ca</run_address>
         <size>0x86</size>
         <input_file_ref idref="fl-e0"/>
      </object_component>
      <object_component id="oc-15f">
         <name>.text:sl_WlanRxFilterSet</name>
         <load_address>0x2000a650</load_address>
         <run_address>0x2000a650</run_address>
         <size>0x84</size>
         <input_file_ref idref="fl-f2"/>
      </object_component>
      <object_component id="oc-7ad">
         <name>.text:_sl_HandleAsync_Connect</name>
         <load_address>0x2000a6d4</load_address>
         <run_address>0x2000a6d4</run_address>
         <size>0x80</size>
         <input_file_ref idref="fl-f1"/>
      </object_component>
      <object_component id="oc-75b">
         <name>.text:spi_Read_CPU</name>
         <load_address>0x2000a754</load_address>
         <run_address>0x2000a754</run_address>
         <size>0x80</size>
         <input_file_ref idref="fl-f3"/>
      </object_component>
      <object_component id="oc-713">
         <name>.text:spi_Write_CPU</name>
         <load_address>0x2000a7d4</load_address>
         <run_address>0x2000a7d4</run_address>
         <size>0x80</size>
         <input_file_ref idref="fl-f3"/>
      </object_component>
      <object_component id="oc-4d">
         <name>.text</name>
         <load_address>0x2000a854</load_address>
         <run_address>0x2000a854</run_address>
         <size>0x7a</size>
         <input_file_ref idref="fl-d0"/>
      </object_component>
      <object_component id="oc-2ef">
         <name>.text:spi_Close</name>
         <load_address>0x2000a8d0</load_address>
         <run_address>0x2000a8d0</run_address>
         <size>0x78</size>
         <input_file_ref idref="fl-f3"/>
      </object_component>
      <object_component id="oc-246">
         <name>.text:UARTConfigSetExpClk</name>
         <load_address>0x2000a948</load_address>
         <run_address>0x2000a948</run_address>
         <size>0x76</size>
         <input_file_ref idref="fl-fa"/>
      </object_component>
      <object_component id="oc-11d">
         <name>.text:_SlNonOsMainLoopTask</name>
         <load_address>0x2000a9c0</load_address>
         <run_address>0x2000a9c0</run_address>
         <size>0x74</size>
         <input_file_ref idref="fl-f0"/>
      </object_component>
      <object_component id="oc-37b">
         <name>.text:TimerIntRegister</name>
         <load_address>0x2000aa34</load_address>
         <run_address>0x2000aa34</run_address>
         <size>0x70</size>
         <input_file_ref idref="fl-f9"/>
      </object_component>
      <object_component id="oc-65">
         <name>.text</name>
         <load_address>0x2000aaa4</load_address>
         <run_address>0x2000aaa4</run_address>
         <size>0x70</size>
         <input_file_ref idref="fl-dc"/>
      </object_component>
      <object_component id="oc-1c3">
         <name>.text</name>
         <load_address>0x2000ab14</load_address>
         <run_address>0x2000ab14</run_address>
         <size>0x6e</size>
         <input_file_ref idref="fl-cb"/>
      </object_component>
      <object_component id="oc-7e4">
         <name>.text:_SlDrvCmdSend</name>
         <load_address>0x2000ab84</load_address>
         <run_address>0x2000ab84</run_address>
         <size>0x6c</size>
         <input_file_ref idref="fl-ed"/>
      </object_component>
      <object_component id="oc-797">
         <name>.text:_sl_NetAppSendTokenValue</name>
         <load_address>0x2000abf0</load_address>
         <run_address>0x2000abf0</run_address>
         <size>0x6c</size>
         <input_file_ref idref="fl-ee"/>
      </object_component>
      <object_component id="oc-39f">
         <name>.text:TimerIntUnregister</name>
         <load_address>0x2000ac5c</load_address>
         <run_address>0x2000ac5c</run_address>
         <size>0x68</size>
         <input_file_ref idref="fl-f9"/>
      </object_component>
      <object_component id="oc-12">
         <name>.text:decompress:lzss</name>
         <load_address>0x2000acc4</load_address>
         <run_address>0x2000acc4</run_address>
         <size>0x68</size>
         <input_file_ref idref="fl-c5"/>
      </object_component>
      <object_component id="oc-50b">
         <name>.text:_SlNonOsSpawn</name>
         <load_address>0x2000ad2c</load_address>
         <run_address>0x2000ad2c</run_address>
         <size>0x64</size>
         <input_file_ref idref="fl-f0"/>
      </object_component>
      <object_component id="oc-7a7">
         <name>.text:_sl_HandleAsync_Accept</name>
         <load_address>0x2000ad90</load_address>
         <run_address>0x2000ad90</run_address>
         <size>0x64</size>
         <input_file_ref idref="fl-f1"/>
      </object_component>
      <object_component id="oc-153">
         <name>.text:sl_NetAppMDNSUnRegisterService</name>
         <load_address>0x2000adf4</load_address>
         <run_address>0x2000adf4</run_address>
         <size>0x64</size>
         <input_file_ref idref="fl-ee"/>
      </object_component>
      <object_component id="oc-634">
         <name>.text:uDMAChannelAttributeDisable</name>
         <load_address>0x2000ae58</load_address>
         <run_address>0x2000ae58</run_address>
         <size>0x64</size>
         <input_file_ref idref="fl-fb"/>
      </object_component>
      <object_component id="oc-7c7">
         <name>.text:uDMAChannelAttributeEnable</name>
         <load_address>0x2000aebc</load_address>
         <run_address>0x2000aebc</run_address>
         <size>0x64</size>
         <input_file_ref idref="fl-fb"/>
      </object_component>
      <object_component id="oc-18d">
         <name>.text</name>
         <load_address>0x2000af20</load_address>
         <run_address>0x2000af20</run_address>
         <size>0x60</size>
         <input_file_ref idref="fl-d3"/>
      </object_component>
      <object_component id="oc-13b">
         <name>.text:sl_WlanProfileDel</name>
         <load_address>0x2000af80</load_address>
         <run_address>0x2000af80</run_address>
         <size>0x60</size>
         <input_file_ref idref="fl-f2"/>
      </object_component>
      <object_component id="oc-123">
         <name>.text:sl_WlanSetMode</name>
         <load_address>0x2000afe0</load_address>
         <run_address>0x2000afe0</run_address>
         <size>0x60</size>
         <input_file_ref idref="fl-f2"/>
      </object_component>
      <object_component id="oc-597">
         <name>.text</name>
         <load_address>0x2000b040</load_address>
         <run_address>0x2000b040</run_address>
         <size>0x5c</size>
         <input_file_ref idref="fl-e5"/>
      </object_component>
      <object_component id="oc-4dc">
         <name>.text:IntPendClear</name>
         <load_address>0x2000b09c</load_address>
         <run_address>0x2000b09c</run_address>
         <size>0x58</size>
         <input_file_ref idref="fl-f5"/>
      </object_component>
      <object_component id="oc-363">
         <name>.text:PRCMPeripheralReset</name>
         <load_address>0x2000b0f4</load_address>
         <run_address>0x2000b0f4</run_address>
         <size>0x58</size>
         <input_file_ref idref="fl-f7"/>
      </object_component>
      <object_component id="oc-375">
         <name>.text:IntPrioritySet</name>
         <load_address>0x2000b14c</load_address>
         <run_address>0x2000b14c</run_address>
         <size>0x54</size>
         <input_file_ref idref="fl-f5"/>
      </object_component>
      <object_component id="oc-2bd">
         <name>.text:_SlDrvRxIrqHandler</name>
         <load_address>0x2000b1a0</load_address>
         <run_address>0x2000b1a0</run_address>
         <size>0x54</size>
         <input_file_ref idref="fl-ed"/>
      </object_component>
      <object_component id="oc-7b3">
         <name>.text:_sl_HandleAsync_Select</name>
         <load_address>0x2000b1f4</load_address>
         <run_address>0x2000b1f4</run_address>
         <size>0x54</size>
         <input_file_ref idref="fl-f1"/>
      </object_component>
      <object_component id="oc-71">
         <name>.text</name>
         <load_address>0x2000b248</load_address>
         <run_address>0x2000b248</run_address>
         <size>0x54</size>
         <input_file_ref idref="fl-c8"/>
      </object_component>
      <object_component id="oc-587">
         <name>.text</name>
         <load_address>0x2000b29c</load_address>
         <run_address>0x2000b29c</run_address>
         <size>0x54</size>
         <input_file_ref idref="fl-e3"/>
      </object_component>
      <object_component id="oc-7b9">
         <name>.text:_sl_HandleAsync_Stop</name>
         <load_address>0x2000b2f0</load_address>
         <run_address>0x2000b2f0</run_address>
         <size>0x50</size>
         <input_file_ref idref="fl-ec"/>
      </object_component>
      <object_component id="oc-497">
         <name>.text:SPIIntEnable</name>
         <load_address>0x2000b340</load_address>
         <run_address>0x2000b340</run_address>
         <size>0x4c</size>
         <input_file_ref idref="fl-f8"/>
      </object_component>
      <object_component id="oc-685">
         <name>.text:SPIIntNumberGet</name>
         <load_address>0x2000b38c</load_address>
         <run_address>0x2000b38c</run_address>
         <size>0x4c</size>
         <input_file_ref idref="fl-f8"/>
      </object_component>
      <object_component id="oc-28d">
         <name>.text:_SlDrvProtectAsyncRespSetting</name>
         <load_address>0x2000b3d8</load_address>
         <run_address>0x2000b3d8</run_address>
         <size>0x4c</size>
         <input_file_ref idref="fl-ed"/>
      </object_component>
      <object_component id="oc-3b6">
         <name>.text:_sl_BuildAddress</name>
         <load_address>0x2000b424</load_address>
         <run_address>0x2000b424</run_address>
         <size>0x4c</size>
         <input_file_ref idref="fl-f1"/>
      </object_component>
      <object_component id="oc-5a9">
         <name>.text</name>
         <load_address>0x2000b470</load_address>
         <run_address>0x2000b470</run_address>
         <size>0x4c</size>
         <input_file_ref idref="fl-db"/>
      </object_component>
      <object_component id="oc-9a">
         <name>.text</name>
         <load_address>0x2000b4bc</load_address>
         <run_address>0x2000b4bc</run_address>
         <size>0x4c</size>
         <input_file_ref idref="fl-dd"/>
      </object_component>
      <object_component id="oc-62e">
         <name>.text:uDMAChannelAssign</name>
         <load_address>0x2000b508</load_address>
         <run_address>0x2000b508</run_address>
         <size>0x4c</size>
         <input_file_ref idref="fl-fb"/>
      </object_component>
      <object_component id="oc-650">
         <name>.text:SPIIntClear</name>
         <load_address>0x2000b554</load_address>
         <run_address>0x2000b554</run_address>
         <size>0x48</size>
         <input_file_ref idref="fl-f8"/>
      </object_component>
      <object_component id="oc-31b">
         <name>.text:_SlDrvBasicCmd</name>
         <load_address>0x2000b59c</load_address>
         <run_address>0x2000b59c</run_address>
         <size>0x48</size>
         <input_file_ref idref="fl-ed"/>
      </object_component>
      <object_component id="oc-582">
         <name>.text</name>
         <load_address>0x2000b5e4</load_address>
         <run_address>0x2000b5e4</run_address>
         <size>0x48</size>
         <input_file_ref idref="fl-e1"/>
      </object_component>
      <object_component id="oc-63f">
         <name>.text:SPIDmaMaskGet</name>
         <load_address>0x2000b62c</load_address>
         <run_address>0x2000b62c</run_address>
         <size>0x44</size>
         <input_file_ref idref="fl-f8"/>
      </object_component>
      <object_component id="oc-369">
         <name>.text:TimerConfigure</name>
         <load_address>0x2000b670</load_address>
         <run_address>0x2000b670</run_address>
         <size>0x44</size>
         <input_file_ref idref="fl-f9"/>
      </object_component>
      <object_component id="oc-2a5">
         <name>.text:_SlDrvSyncObjWaitTimeout</name>
         <load_address>0x2000b6b4</load_address>
         <run_address>0x2000b6b4</run_address>
         <size>0x44</size>
         <input_file_ref idref="fl-ed"/>
      </object_component>
      <object_component id="oc-768">
         <name>.text:cc_SetupTransfer</name>
         <load_address>0x2000b6f8</load_address>
         <run_address>0x2000b6f8</run_address>
         <size>0x44</size>
         <input_file_ref idref="fl-f3"/>
      </object_component>
      <object_component id="oc-16c">
         <name>.text:sl_Htonl</name>
         <load_address>0x2000b73c</load_address>
         <run_address>0x2000b73c</run_address>
         <size>0x42</size>
         <input_file_ref idref="fl-f1"/>
      </object_component>
      <object_component id="oc-400">
         <name>.text:PinModeSet</name>
         <load_address>0x2000b780</load_address>
         <run_address>0x2000b780</run_address>
         <size>0x40</size>
         <input_file_ref idref="fl-f6"/>
      </object_component>
      <object_component id="oc-3b0">
         <name>.text:_sl_TruncatePayloadByProtocol</name>
         <load_address>0x2000b7c0</load_address>
         <run_address>0x2000b7c0</run_address>
         <size>0x40</size>
         <input_file_ref idref="fl-f1"/>
      </object_component>
      <object_component id="oc-24">
         <name>.text</name>
         <load_address>0x2000b800</load_address>
         <run_address>0x2000b800</run_address>
         <size>0x40</size>
         <input_file_ref idref="fl-c4"/>
      </object_component>
      <object_component id="oc-299">
         <name>.text:NwpRegisterInterruptHandler</name>
         <load_address>0x2000b840</load_address>
         <run_address>0x2000b840</run_address>
         <size>0x3e</size>
         <input_file_ref idref="fl-f3"/>
      </object_component>
      <object_component id="oc-79e">
         <name>.text:CopyPingResultsToReport</name>
         <load_address>0x2000b87e</load_address>
         <run_address>0x2000b87e</run_address>
         <size>0x3c</size>
         <input_file_ref idref="fl-ee"/>
      </object_component>
      <object_component id="oc-35d">
         <name>.text:PRCMPeripheralClkEnable</name>
         <load_address>0x2000b8bc</load_address>
         <run_address>0x2000b8bc</run_address>
         <size>0x3c</size>
         <input_file_ref idref="fl-f7"/>
      </object_component>
      <object_component id="oc-734">
         <name>.text:simplelink_timerA2_start</name>
         <load_address>0x2000b8f8</load_address>
         <run_address>0x2000b8f8</run_address>
         <size>0x3c</size>
         <input_file_ref idref="fl-f3"/>
      </object_component>
      <object_component id="oc-166">
         <name>.text:sl_Htons</name>
         <load_address>0x2000b934</load_address>
         <run_address>0x2000b934</run_address>
         <size>0x3c</size>
         <input_file_ref idref="fl-f1"/>
      </object_component>
      <object_component id="oc-7c1">
         <name>.text:uDMAChannelControlSet</name>
         <load_address>0x2000b970</load_address>
         <run_address>0x2000b970</run_address>
         <size>0x3c</size>
         <input_file_ref idref="fl-fb"/>
      </object_component>
      <object_component id="oc-102">
         <name>.text:ADCChannelDisable</name>
         <load_address>0x2000b9ac</load_address>
         <run_address>0x2000b9ac</run_address>
         <size>0x38</size>
         <input_file_ref idref="fl-f4"/>
      </object_component>
      <object_component id="oc-e4">
         <name>.text:ADCChannelEnable</name>
         <load_address>0x2000b9e4</load_address>
         <run_address>0x2000b9e4</run_address>
         <size>0x38</size>
         <input_file_ref idref="fl-f4"/>
      </object_component>
      <object_component id="oc-293">
         <name>.text:NwpPowerOff</name>
         <load_address>0x2000ba1c</load_address>
         <run_address>0x2000ba1c</run_address>
         <size>0x38</size>
         <input_file_ref idref="fl-f3"/>
      </object_component>
      <object_component id="oc-141">
         <name>.text:sl_WlanDisconnect</name>
         <load_address>0x2000ba54</load_address>
         <run_address>0x2000ba54</run_address>
         <size>0x38</size>
         <input_file_ref idref="fl-f2"/>
      </object_component>
      <object_component id="oc-19f">
         <name>.text:TimerControlStall</name>
         <load_address>0x2000ba8c</load_address>
         <run_address>0x2000ba8c</run_address>
         <size>0x36</size>
         <input_file_ref idref="fl-f9"/>
      </object_component>
      <object_component id="oc-473">
         <name>.text:PRCMPeripheralStatusGet</name>
         <load_address>0x2000bac4</load_address>
         <run_address>0x2000bac4</run_address>
         <size>0x34</size>
         <input_file_ref idref="fl-f7"/>
      </object_component>
      <object_component id="oc-48b">
         <name>.text:SPIFIFOLevelSet</name>
         <load_address>0x2000baf8</load_address>
         <run_address>0x2000baf8</run_address>
         <size>0x34</size>
         <input_file_ref idref="fl-f8"/>
      </object_component>
      <object_component id="oc-41d">
         <name>.text:UARTDisable</name>
         <load_address>0x2000bb2c</load_address>
         <run_address>0x2000bb2c</run_address>
         <size>0x30</size>
         <input_file_ref idref="fl-fa"/>
      </object_component>
      <object_component id="oc-58d">
         <name>.text</name>
         <load_address>0x2000bb5c</load_address>
         <run_address>0x2000bb5c</run_address>
         <size>0x2e</size>
         <input_file_ref idref="fl-e2"/>
      </object_component>
      <object_component id="oc-29f">
         <name>.text:NwpPowerOn</name>
         <load_address>0x2000bb8c</load_address>
         <run_address>0x2000bb8c</run_address>
         <size>0x2c</size>
         <input_file_ref idref="fl-f3"/>
      </object_component>
      <object_component id="oc-3d4">
         <name>.text:PRCMSysResetCauseGet</name>
         <load_address>0x2000bbb8</load_address>
         <run_address>0x2000bbb8</run_address>
         <size>0x2c</size>
         <input_file_ref idref="fl-f7"/>
      </object_component>
      <object_component id="oc-51e">
         <name>.text:_SlDrvObjGlobalLockWaitForever</name>
         <load_address>0x2000bbe4</load_address>
         <run_address>0x2000bbe4</run_address>
         <size>0x2c</size>
         <input_file_ref idref="fl-ed"/>
      </object_component>
      <object_component id="oc-4bc">
         <name>.text:_SlDrvProtectionObjLockWaitForever</name>
         <load_address>0x2000bc10</load_address>
         <run_address>0x2000bc10</run_address>
         <size>0x2c</size>
         <input_file_ref idref="fl-ed"/>
      </object_component>
      <object_component id="oc-1a5">
         <name>.text:TimerLoadSet</name>
         <load_address>0x2000bc3c</load_address>
         <run_address>0x2000bc3c</run_address>
         <size>0x2a</size>
         <input_file_ref idref="fl-f9"/>
      </object_component>
      <object_component id="oc-36f">
         <name>.text:TimerPrescaleSet</name>
         <load_address>0x2000bc66</load_address>
         <run_address>0x2000bc66</run_address>
         <size>0x2a</size>
         <input_file_ref idref="fl-f9"/>
      </object_component>
      <object_component id="oc-3e6">
         <name>.text:PRCMPeripheralClkDisable</name>
         <load_address>0x2000bc90</load_address>
         <run_address>0x2000bc90</run_address>
         <size>0x28</size>
         <input_file_ref idref="fl-f7"/>
      </object_component>
      <object_component id="oc-524">
         <name>.text:_SlDrvGlobalObjUnLock</name>
         <load_address>0x2000bcb8</load_address>
         <run_address>0x2000bcb8</run_address>
         <size>0x28</size>
         <input_file_ref idref="fl-ed"/>
      </object_component>
      <object_component id="oc-4c2">
         <name>.text:_SlDrvProtectionObjUnLock</name>
         <load_address>0x2000bce0</load_address>
         <run_address>0x2000bce0</run_address>
         <size>0x28</size>
         <input_file_ref idref="fl-ed"/>
      </object_component>
      <object_component id="oc-5ec">
         <name>.text:_SlDrvSyncObjWaitForever</name>
         <load_address>0x2000bd08</load_address>
         <run_address>0x2000bd08</run_address>
         <size>0x28</size>
         <input_file_ref idref="fl-ed"/>
      </object_component>
      <object_component id="oc-5e0">
         <name>.text:_SlDrvObjLockWaitForever</name>
         <load_address>0x2000bd30</load_address>
         <run_address>0x2000bd30</run_address>
         <size>0x26</size>
         <input_file_ref idref="fl-ed"/>
      </object_component>
      <object_component id="oc-4a9">
         <name>.text:DmaSpiSwIntHandler</name>
         <load_address>0x2000bd58</load_address>
         <run_address>0x2000bd58</run_address>
         <size>0x24</size>
         <input_file_ref idref="fl-f3"/>
      </object_component>
      <object_component id="oc-4d6">
         <name>.text:IntUnregister</name>
         <load_address>0x2000bd7c</load_address>
         <run_address>0x2000bd7c</run_address>
         <size>0x24</size>
         <input_file_ref idref="fl-f5"/>
      </object_component>
      <object_component id="oc-423">
         <name>.text:UARTEnable</name>
         <load_address>0x2000bda0</load_address>
         <run_address>0x2000bda0</run_address>
         <size>0x24</size>
         <input_file_ref idref="fl-fa"/>
      </object_component>
      <object_component id="oc-264">
         <name>.text</name>
         <load_address>0x2000bdc4</load_address>
         <run_address>0x2000bdc4</run_address>
         <size>0x24</size>
         <input_file_ref idref="fl-ce"/>
      </object_component>
      <object_component id="oc-ea">
         <name>.text:ADCTimerConfig</name>
         <load_address>0x2000bde8</load_address>
         <run_address>0x2000bde8</run_address>
         <size>0x22</size>
         <input_file_ref idref="fl-f4"/>
      </object_component>
      <object_component id="oc-467">
         <name>.text:SPIReset</name>
         <load_address>0x2000be0a</load_address>
         <run_address>0x2000be0a</run_address>
         <size>0x22</size>
         <input_file_ref idref="fl-f8"/>
      </object_component>
      <object_component id="oc-70d">
         <name>.text:SPIWordCountSet</name>
         <load_address>0x2000be2c</load_address>
         <run_address>0x2000be2c</run_address>
         <size>0x22</size>
         <input_file_ref idref="fl-f8"/>
      </object_component>
      <object_component id="oc-491">
         <name>.text:IntRegister</name>
         <load_address>0x2000be50</load_address>
         <run_address>0x2000be50</run_address>
         <size>0x20</size>
         <input_file_ref idref="fl-f5"/>
      </object_component>
      <object_component id="oc-2e9">
         <name>.text:NwpPrePowerOffTimout0</name>
         <load_address>0x2000be70</load_address>
         <run_address>0x2000be70</run_address>
         <size>0x20</size>
         <input_file_ref idref="fl-f3"/>
      </object_component>
      <object_component id="oc-6d2">
         <name>.text:TimerGetCurrentTimestamp</name>
         <load_address>0x2000be90</load_address>
         <run_address>0x2000be90</run_address>
         <size>0x20</size>
         <input_file_ref idref="fl-f3"/>
      </object_component>
      <object_component id="oc-5e6">
         <name>.text:_SlDrvObjUnLock</name>
         <load_address>0x2000beb0</load_address>
         <run_address>0x2000beb0</run_address>
         <size>0x20</size>
         <input_file_ref idref="fl-ed"/>
      </object_component>
      <object_component id="oc-4f7">
         <name>.text:_SlDrvSyncObjSignal</name>
         <load_address>0x2000bed0</load_address>
         <run_address>0x2000bed0</run_address>
         <size>0x20</size>
         <input_file_ref idref="fl-ed"/>
      </object_component>
      <object_component id="oc-17e">
         <name>.text</name>
         <load_address>0x2000bef0</load_address>
         <run_address>0x2000bef0</run_address>
         <size>0x20</size>
         <input_file_ref idref="fl-d6"/>
      </object_component>
      <object_component id="oc-393">
         <name>.text:TimerDisable</name>
         <load_address>0x2000bf10</load_address>
         <run_address>0x2000bf10</run_address>
         <size>0x1e</size>
         <input_file_ref idref="fl-f9"/>
      </object_component>
      <object_component id="oc-1ab">
         <name>.text:TimerEnable</name>
         <load_address>0x2000bf2e</load_address>
         <run_address>0x2000bf2e</run_address>
         <size>0x1e</size>
         <input_file_ref idref="fl-f9"/>
      </object_component>
      <object_component id="oc-387">
         <name>.text:TimerIntStatus</name>
         <load_address>0x2000bf4c</load_address>
         <run_address>0x2000bf4c</run_address>
         <size>0x1e</size>
         <input_file_ref idref="fl-f9"/>
      </object_component>
      <object_component id="oc-24c">
         <name>.text:UARTCharPut</name>
         <load_address>0x2000bf6a</load_address>
         <run_address>0x2000bf6a</run_address>
         <size>0x1e</size>
         <input_file_ref idref="fl-fa"/>
      </object_component>
      <object_component id="oc-479">
         <name>.text:cc_UDMAChannelSelect</name>
         <load_address>0x2000bf88</load_address>
         <run_address>0x2000bf88</run_address>
         <size>0x1e</size>
         <input_file_ref idref="fl-f3"/>
      </object_component>
      <object_component id="oc-de">
         <name>.text:ADCFIFOLvlGet</name>
         <load_address>0x2000bfa6</load_address>
         <run_address>0x2000bfa6</run_address>
         <size>0x1c</size>
         <input_file_ref idref="fl-f4"/>
      </object_component>
      <object_component id="oc-1b1">
         <name>.text:TimerValueGet</name>
         <load_address>0x2000bfc2</load_address>
         <run_address>0x2000bfc2</run_address>
         <size>0x1c</size>
         <input_file_ref idref="fl-f9"/>
      </object_component>
      <object_component id="oc-25e">
         <name>.text:UARTCharGetNonBlocking</name>
         <load_address>0x2000bfde</load_address>
         <run_address>0x2000bfde</run_address>
         <size>0x1c</size>
         <input_file_ref idref="fl-fa"/>
      </object_component>
      <object_component id="oc-617">
         <name>.text:_SlDrvStartMeasureTimeout</name>
         <load_address>0x2000bffa</load_address>
         <run_address>0x2000bffa</run_address>
         <size>0x1c</size>
         <input_file_ref idref="fl-ed"/>
      </object_component>
      <object_component id="oc-5af">
         <name>.text</name>
         <load_address>0x2000c016</load_address>
         <run_address>0x2000c016</run_address>
         <size>0x1c</size>
         <input_file_ref idref="fl-e4"/>
      </object_component>
      <object_component id="oc-7d3">
         <name>.text:uDMAChannelEnable</name>
         <load_address>0x2000c034</load_address>
         <run_address>0x2000c034</run_address>
         <size>0x1c</size>
         <input_file_ref idref="fl-fb"/>
      </object_component>
      <object_component id="oc-40c">
         <name>.text:PinTypeUART</name>
         <load_address>0x2000c050</load_address>
         <run_address>0x2000c050</run_address>
         <size>0x1a</size>
         <input_file_ref idref="fl-f6"/>
      </object_component>
      <object_component id="oc-548">
         <name>.text:SPIDmaDisable</name>
         <load_address>0x2000c06a</load_address>
         <run_address>0x2000c06a</run_address>
         <size>0x1a</size>
         <input_file_ref idref="fl-f8"/>
      </object_component>
      <object_component id="oc-485">
         <name>.text:SPIDmaEnable</name>
         <load_address>0x2000c084</load_address>
         <run_address>0x2000c084</run_address>
         <size>0x1a</size>
         <input_file_ref idref="fl-f8"/>
      </object_component>
      <object_component id="oc-542">
         <name>.text:SPIFIFODisable</name>
         <load_address>0x2000c09e</load_address>
         <run_address>0x2000c09e</run_address>
         <size>0x1a</size>
         <input_file_ref idref="fl-f8"/>
      </object_component>
      <object_component id="oc-47f">
         <name>.text:SPIFIFOEnable</name>
         <load_address>0x2000c0b8</load_address>
         <run_address>0x2000c0b8</run_address>
         <size>0x1a</size>
         <input_file_ref idref="fl-f8"/>
      </object_component>
      <object_component id="oc-53c">
         <name>.text:SPIIntUnregister</name>
         <load_address>0x2000c0d2</load_address>
         <run_address>0x2000c0d2</run_address>
         <size>0x1a</size>
         <input_file_ref idref="fl-f8"/>
      </object_component>
      <object_component id="oc-d8">
         <name>.text:ADCFIFORead</name>
         <load_address>0x2000c0ec</load_address>
         <run_address>0x2000c0ec</run_address>
         <size>0x18</size>
         <input_file_ref idref="fl-f4"/>
      </object_component>
      <object_component id="oc-45b">
         <name>.text:SPICSDisable</name>
         <load_address>0x2000c104</load_address>
         <run_address>0x2000c104</run_address>
         <size>0x18</size>
         <input_file_ref idref="fl-f8"/>
      </object_component>
      <object_component id="oc-707">
         <name>.text:SPICSEnable</name>
         <load_address>0x2000c11c</load_address>
         <run_address>0x2000c11c</run_address>
         <size>0x18</size>
         <input_file_ref idref="fl-f8"/>
      </object_component>
      <object_component id="oc-461">
         <name>.text:SPIDisable</name>
         <load_address>0x2000c134</load_address>
         <run_address>0x2000c134</run_address>
         <size>0x18</size>
         <input_file_ref idref="fl-f8"/>
      </object_component>
      <object_component id="oc-49d">
         <name>.text:SPIEnable</name>
         <load_address>0x2000c14c</load_address>
         <run_address>0x2000c14c</run_address>
         <size>0x18</size>
         <input_file_ref idref="fl-f8"/>
      </object_component>
      <object_component id="oc-399">
         <name>.text:TimerIntDisable</name>
         <load_address>0x2000c164</load_address>
         <run_address>0x2000c164</run_address>
         <size>0x18</size>
         <input_file_ref idref="fl-f9"/>
      </object_component>
      <object_component id="oc-381">
         <name>.text:TimerIntEnable</name>
         <load_address>0x2000c17c</load_address>
         <run_address>0x2000c17c</run_address>
         <size>0x18</size>
         <input_file_ref idref="fl-f9"/>
      </object_component>
      <object_component id="oc-258">
         <name>.text:UARTCharsAvail</name>
         <load_address>0x2000c194</load_address>
         <run_address>0x2000c194</run_address>
         <size>0x18</size>
         <input_file_ref idref="fl-fa"/>
      </object_component>
      <object_component id="oc-44a">
         <name>.text:_SlNonOsSemSet</name>
         <load_address>0x2000c1ac</load_address>
         <run_address>0x2000c1ac</run_address>
         <size>0x18</size>
         <input_file_ref idref="fl-f0"/>
      </object_component>
      <object_component id="oc-2b1">
         <name>.text:_sl_GetStartResponseConvert</name>
         <load_address>0x2000c1c4</load_address>
         <run_address>0x2000c1c4</run_address>
         <size>0x18</size>
         <input_file_ref idref="fl-ec"/>
      </object_component>
      <object_component id="oc-6b">
         <name>.text</name>
         <load_address>0x2000c1dc</load_address>
         <run_address>0x2000c1dc</run_address>
         <size>0x18</size>
         <input_file_ref idref="fl-da"/>
      </object_component>
      <object_component id="oc-108">
         <name>.text:ADCTimerDisable</name>
         <load_address>0x2000c1f4</load_address>
         <run_address>0x2000c1f4</run_address>
         <size>0x16</size>
         <input_file_ref idref="fl-f4"/>
      </object_component>
      <object_component id="oc-f0">
         <name>.text:ADCTimerEnable</name>
         <load_address>0x2000c20a</load_address>
         <run_address>0x2000c20a</run_address>
         <size>0x16</size>
         <input_file_ref idref="fl-f4"/>
      </object_component>
      <object_component id="oc-3da">
         <name>.text:PRCMHIBRegRead</name>
         <load_address>0x2000c220</load_address>
         <run_address>0x2000c220</run_address>
         <size>0x16</size>
         <input_file_ref idref="fl-f7"/>
      </object_component>
      <object_component id="oc-3e0">
         <name>.text:PRCMHIBRegWrite</name>
         <load_address>0x2000c236</load_address>
         <run_address>0x2000c236</run_address>
         <size>0x16</size>
         <input_file_ref idref="fl-f7"/>
      </object_component>
      <object_component id="oc-444">
         <name>.text:_SlDrvMemZero</name>
         <load_address>0x2000c24c</load_address>
         <run_address>0x2000c24c</run_address>
         <size>0x16</size>
         <input_file_ref idref="fl-ed"/>
      </object_component>
      <object_component id="oc-5a3">
         <name>.text</name>
         <load_address>0x2000c262</load_address>
         <run_address>0x2000c262</run_address>
         <size>0x16</size>
         <input_file_ref idref="fl-e8"/>
      </object_component>
      <object_component id="oc-fc">
         <name>.text:ADCDisable</name>
         <load_address>0x2000c278</load_address>
         <run_address>0x2000c278</run_address>
         <size>0x14</size>
         <input_file_ref idref="fl-f4"/>
      </object_component>
      <object_component id="oc-f6">
         <name>.text:ADCEnable</name>
         <load_address>0x2000c28c</load_address>
         <run_address>0x2000c28c</run_address>
         <size>0x14</size>
         <input_file_ref idref="fl-f4"/>
      </object_component>
      <object_component id="oc-3c9">
         <name>.text:CPUcpsie</name>
         <load_address>0x2000c2a0</load_address>
         <run_address>0x2000c2a0</run_address>
         <size>0x14</size>
         <input_file_ref idref="fl-fd"/>
      </object_component>
      <object_component id="oc-1c9">
         <name>.text:IntVTableBaseSet</name>
         <load_address>0x2000c2b4</load_address>
         <run_address>0x2000c2b4</run_address>
         <size>0x14</size>
         <input_file_ref idref="fl-f5"/>
      </object_component>
      <object_component id="oc-406">
         <name>.text:PinTypeADC</name>
         <load_address>0x2000c2c8</load_address>
         <run_address>0x2000c2c8</run_address>
         <size>0x14</size>
         <input_file_ref idref="fl-f6"/>
      </object_component>
      <object_component id="oc-21f">
         <name>.text</name>
         <load_address>0x2000c2dc</load_address>
         <run_address>0x2000c2dc</run_address>
         <size>0x14</size>
         <input_file_ref idref="fl-d8"/>
      </object_component>
      <object_component id="oc-193">
         <name>.text</name>
         <load_address>0x2000c2f0</load_address>
         <run_address>0x2000c2f0</run_address>
         <size>0x14</size>
         <input_file_ref idref="fl-d5"/>
      </object_component>
      <object_component id="oc-38d">
         <name>.text:TimerIntClear</name>
         <load_address>0x2000c304</load_address>
         <run_address>0x2000c304</run_address>
         <size>0x12</size>
         <input_file_ref idref="fl-f9"/>
      </object_component>
      <object_component id="oc-791">
         <name>.text:_SlDrvDispatchHttpServerEvents</name>
         <load_address>0x2000c316</load_address>
         <run_address>0x2000c316</run_address>
         <size>0x10</size>
         <input_file_ref idref="fl-ed"/>
      </object_component>
      <object_component id="oc-304">
         <name>.text:_SlDrvResetCmdExt</name>
         <load_address>0x2000c326</load_address>
         <run_address>0x2000c326</run_address>
         <size>0xe</size>
         <input_file_ref idref="fl-ed"/>
      </object_component>
      <object_component id="oc-18">
         <name>.text:decompress:none</name>
         <load_address>0x2000c334</load_address>
         <run_address>0x2000c334</run_address>
         <size>0xe</size>
         <input_file_ref idref="fl-c6"/>
      </object_component>
      <object_component id="oc-2d">
         <name>.text</name>
         <load_address>0x2000c342</load_address>
         <run_address>0x2000c342</run_address>
         <size>0xe</size>
         <input_file_ref idref="fl-5"/>
      </object_component>
      <object_component id="oc-4c9">
         <name>.text:NwpMaskInterrupt</name>
         <load_address>0x2000c350</load_address>
         <run_address>0x2000c350</run_address>
         <size>0xc</size>
         <input_file_ref idref="fl-f3"/>
      </object_component>
      <object_component id="oc-4e3">
         <name>.text:NwpUnMaskInterrupt</name>
         <load_address>0x2000c35c</load_address>
         <run_address>0x2000c35c</run_address>
         <size>0xc</size>
         <input_file_ref idref="fl-f3"/>
      </object_component>
      <object_component id="oc-1e">
         <name>.text:decompress:ZI</name>
         <load_address>0x2000c368</load_address>
         <run_address>0x2000c368</run_address>
         <size>0xc</size>
         <input_file_ref idref="fl-c7"/>
      </object_component>
      <object_component id="oc-1cf">
         <name>.text:IntMasterEnable</name>
         <load_address>0x2000c374</load_address>
         <run_address>0x2000c374</run_address>
         <size>0xa</size>
         <input_file_ref idref="fl-f5"/>
      </object_component>
      <object_component id="oc-69f">
         <name>.text</name>
         <load_address>0x2000c37e</load_address>
         <run_address>0x2000c37e</run_address>
         <size>0x8</size>
         <input_file_ref idref="fl-eb"/>
      </object_component>
      <object_component id="oc-1c2">
         <name>.text:UtilsDelay</name>
         <load_address>0x2000c386</load_address>
         <run_address>0x2000c386</run_address>
         <size>0x6</size>
         <input_file_ref idref="fl-fc"/>
      </object_component>
      <object_component id="oc-5f">
         <name>.text</name>
         <load_address>0x2000c38c</load_address>
         <run_address>0x2000c38c</run_address>
         <size>0x4</size>
         <input_file_ref idref="fl-d2"/>
      </object_component>
      <object_component id="oc-6ac">
         <name>.const:.string:_ctypes_</name>
         <load_address>0x2000c390</load_address>
         <run_address>0x2000c390</run_address>
         <size>0x101</size>
         <input_file_ref idref="fl-de"/>
      </object_component>
      <object_component id="oc-5fd">
         <name>.const:g_ulPinToPadMap</name>
         <load_address>0x2000c494</load_address>
         <run_address>0x2000c494</run_address>
         <size>0x100</size>
         <input_file_ref idref="fl-f6"/>
      </object_component>
      <object_component id="oc-5cd">
         <name>.const:g_pulRegs</name>
         <load_address>0x2000c594</load_address>
         <run_address>0x2000c594</run_address>
         <size>0xd4</size>
         <input_file_ref idref="fl-f5"/>
      </object_component>
      <object_component id="oc-5c5">
         <name>.const:PRCM_PeriphRegsList</name>
         <load_address>0x2000c668</load_address>
         <run_address>0x2000c668</run_address>
         <size>0xa8</size>
         <input_file_ref idref="fl-f7"/>
      </object_component>
      <object_component id="oc-3d0">
         <name>.const</name>
         <load_address>0x2000c710</load_address>
         <run_address>0x2000c710</run_address>
         <size>0x80</size>
         <input_file_ref idref="fl-f5"/>
      </object_component>
      <object_component id="oc-6fd">
         <name>.const:OpcodeTranslateTable</name>
         <load_address>0x2000c790</load_address>
         <run_address>0x2000c790</run_address>
         <size>0x3c</size>
         <input_file_ref idref="fl-ed"/>
      </object_component>
      <object_component id="oc-762">
         <name>.const:_SlActionLookupTable</name>
         <load_address>0x2000c7cc</load_address>
         <run_address>0x2000c7cc</run_address>
         <size>0x38</size>
         <input_file_ref idref="fl-ed"/>
      </object_component>
      <object_component id="oc-159">
         <name>.const:$P$T1$2</name>
         <load_address>0x2000c804</load_address>
         <run_address>0x2000c804</run_address>
         <size>0x2c</size>
         <input_file_ref idref="fl-2"/>
      </object_component>
      <object_component id="oc-71c">
         <name>.const:g_ppulSPIIntMap</name>
         <load_address>0x2000c830</load_address>
         <run_address>0x2000c830</run_address>
         <size>0x24</size>
         <input_file_ref idref="fl-f8"/>
      </object_component>
      <object_component id="oc-165">
         <name>.const:.string:$P$T0$1</name>
         <load_address>0x2000c854</load_address>
         <run_address>0x2000c854</run_address>
         <size>0x22</size>
         <input_file_ref idref="fl-2"/>
      </object_component>
      <object_component id="oc-1e8">
         <name>.const:.string:$P$T5$6</name>
         <load_address>0x2000c876</load_address>
         <run_address>0x2000c876</run_address>
         <size>0x21</size>
         <input_file_ref idref="fl-2"/>
      </object_component>
      <object_component id="oc-745">
         <name>.const:RxMsgClassLUT</name>
         <load_address>0x2000c898</load_address>
         <run_address>0x2000c898</run_address>
         <size>0x20</size>
         <input_file_ref idref="fl-ed"/>
      </object_component>
      <object_component id="oc-6de">
         <name>.const</name>
         <load_address>0x2000c8b8</load_address>
         <run_address>0x2000c8b8</run_address>
         <size>0x18</size>
         <input_file_ref idref="fl-f8"/>
      </object_component>
      <object_component id="oc-73e">
         <name>.const:$P$T0$1</name>
         <load_address>0x2000c8d0</load_address>
         <run_address>0x2000c8d0</run_address>
         <size>0x14</size>
         <input_file_ref idref="fl-ed"/>
      </object_component>
      <object_component id="oc-623">
         <name>.const:$P$T0$1</name>
         <load_address>0x2000c8e4</load_address>
         <run_address>0x2000c8e4</run_address>
         <size>0x14</size>
         <input_file_ref idref="fl-f0"/>
      </object_component>
      <object_component id="oc-15c">
         <name>.const:$P$T2$3</name>
         <load_address>0x2000c8f8</load_address>
         <run_address>0x2000c8f8</run_address>
         <size>0x14</size>
         <input_file_ref idref="fl-2"/>
      </object_component>
      <object_component id="oc-1f8">
         <name>.const:$P$T6$7</name>
         <load_address>0x2000c90c</load_address>
         <run_address>0x2000c90c</run_address>
         <size>0x10</size>
         <input_file_ref idref="fl-2"/>
      </object_component>
      <object_component id="oc-5db">
         <name>.const:.string:_SlPayloadByProtocolLUT</name>
         <load_address>0x2000c91c</load_address>
         <run_address>0x2000c91c</run_address>
         <size>0x10</size>
         <input_file_ref idref="fl-f1"/>
      </object_component>
      <object_component id="oc-1eb">
         <name>.const:.string:$P$T4$5</name>
         <load_address>0x2000c92c</load_address>
         <run_address>0x2000c92c</run_address>
         <size>0xe</size>
         <input_file_ref idref="fl-2"/>
      </object_component>
      <object_component id="oc-1c8">
         <name>.const:.string:$P$T3$4</name>
         <load_address>0x2000c93a</load_address>
         <run_address>0x2000c93a</run_address>
         <size>0xc</size>
         <input_file_ref idref="fl-2"/>
      </object_component>
      <object_component id="oc-4fe">
         <name>.const:StartResponseLUT</name>
         <load_address>0x2000c946</load_address>
         <run_address>0x2000c946</run_address>
         <size>0x8</size>
         <input_file_ref idref="fl-ec"/>
      </object_component>
      <object_component id="oc-741">
         <name>.const:g_H2NCnysPattern</name>
         <load_address>0x2000c950</load_address>
         <run_address>0x2000c950</run_address>
         <size>0x8</size>
         <input_file_ref idref="fl-ed"/>
      </object_component>
      <object_component id="oc-680">
         <name>.const:g_H2NSyncPattern</name>
         <load_address>0x2000c958</load_address>
         <run_address>0x2000c958</run_address>
         <size>0x8</size>
[...]
      <symbol id="sm-a83">
         <name>_sl_HandleAsync_PingResponse</name>
         <value>0x2000a059</value>
         <object_component_ref idref="oc-74e"/>
      </symbol>
      <symbol id="sm-a84">
         <name>_SlDrvNetAppEventHandler</name>
         <value>0x200088e1</value>
         <object_component_ref idref="oc-748"/>
      </symbol>
      <symbol id="sm-a85">
         <name>_sl_HandleAsync_DnsGetHostByService</name>
         <value>0x200094a9</value>
         <object_component_ref idref="oc-78b"/>
      </symbol>
      <symbol id="sm-a86">
         <name>_sl_NetAppSendTokenValue</name>
         <value>0x2000abf1</value>
         <object_component_ref idref="oc-797"/>
      </symbol>
      <symbol id="sm-a87">
         <name>sl_NetAppMDNSRegisterUnregisterService</name>
         <value>0x2000906d</value>
         <object_component_ref idref="oc-330"/>
      </symbol>
      <symbol id="sm-ac7">
         <name>sl_NetCfgGet</name>
         <value>0x2000922d</value>
         <object_component_ref idref="oc-1f2"/>
      </symbol>
      <symbol id="sm-ac8">
         <name>sl_NetCfgSet</name>
         <value>0x20009c41</value>
         <object_component_ref idref="oc-147"/>
      </symbol>
      <symbol id="sm-b10">
         <name>_SlNonOsSemSet</name>
         <value>0x2000c1ad</value>
         <object_component_ref idref="oc-44a"/>
      </symbol>
      <symbol id="sm-b11">
         <name>_SlNonOsSpawn</name>
         <value>0x2000ad2d</value>
         <object_component_ref idref="oc-50b"/>
      </symbol>
      <symbol id="sm-b12">
         <name>_SlNonOsSemGet</name>
         <value>0x200097c5</value>
         <object_component_ref idref="oc-450"/>
      </symbol>
      <symbol id="sm-b13">
         <name>_SlNonOsMainLoopTask</name>
         <value>0x2000a9c1</value>
         <object_component_ref idref="oc-11d"/>
      </symbol>
      <symbol id="sm-b14">
         <name>g__SlNonOsCB</name>
         <value>0x20017a50</value>
         <object_component_ref idref="oc-2cf"/>
      </symbol>
      <symbol id="sm-bc3">
         <name>sl_SendTo</name>
         <value>0x20008535</value>
         <object_component_ref idref="oc-1b7"/>
      </symbol>
      <symbol id="sm-bc4">
         <name>_sl_HandleAsync_Connect</name>
         <value>0x2000a6d5</value>
         <object_component_ref idref="oc-7ad"/>
      </symbol>
      <symbol id="sm-bc5">
         <name>sl_Htonl</name>
         <value>0x2000b73d</value>
         <object_component_ref idref="oc-16c"/>
      </symbol>
      <symbol id="sm-bc6">
         <name>sl_Htons</name>
         <value>0x2000b935</value>
         <object_component_ref idref="oc-166"/>
      </symbol>
      <symbol id="sm-bc7">
         <name>sl_Socket</name>
         <value>0x2000a3a9</value>
         <object_component_ref idref="oc-172"/>
      </symbol>
      <symbol id="sm-bc8">
         <name>_sl_HandleAsync_Select</name>
         <value>0x2000b1f5</value>
         <object_component_ref idref="oc-7b3"/>
      </symbol>
      <symbol id="sm-bc9">
         <name>_sl_HandleAsync_Accept</name>
         <value>0x2000ad91</value>
         <object_component_ref idref="oc-7a7"/>
      </symbol>
      <symbol id="sm-bca">
         <name>sl_SetSockOpt</name>
         <value>0x20009cd9</value>
         <object_component_ref idref="oc-178"/>
      </symbol>
      <symbol id="sm-c5b">
         <name>sl_WlanDisconnect</name>
         <value>0x2000ba55</value>
         <object_component_ref idref="oc-141"/>
      </symbol>
      <symbol id="sm-c5c">
         <name>sl_WlanPolicySet</name>
         <value>0x2000a0e9</value>
         <object_component_ref idref="oc-135"/>
      </symbol>
      <symbol id="sm-c5d">
         <name>sl_WlanProfileDel</name>
         <value>0x2000af81</value>
         <object_component_ref idref="oc-13b"/>
      </symbol>
      <symbol id="sm-c5e">
         <name>sl_WlanRxFilterSet</name>
         <value>0x2000a651</value>
         <object_component_ref idref="oc-15f"/>
      </symbol>
      <symbol id="sm-c5f">
         <name>sl_WlanSet</name>
         <value>0x20009d71</value>
         <object_component_ref idref="oc-14d"/>
      </symbol>
      <symbol id="sm-c60">
         <name>sl_WlanSetMode</name>
         <value>0x2000afe1</value>
         <object_component_ref idref="oc-123"/>
      </symbol>
      <symbol id="sm-d7b">
         <name>g_ucDinDout</name>
         <value>0x200179e8</value>
      </symbol>
      <symbol id="sm-d7c">
         <name>g_cDummy</name>
         <value>0x20017a4e</value>
      </symbol>
      <symbol id="sm-d7d">
         <name>NwpMaskInterrupt</name>
         <value>0x2000c351</value>
         <object_component_ref idref="oc-4c9"/>
      </symbol>
      <symbol id="sm-d7e">
         <name>NwpPrePowerOffTimout0</name>
         <value>0x2000be71</value>
         <object_component_ref idref="oc-2e9"/>
      </symbol>
      <symbol id="sm-d7f">
         <name>NwpRegisterInterruptHandler</name>
         <value>0x2000b841</value>
         <object_component_ref idref="oc-299"/>
      </symbol>
      <symbol id="sm-d80">
         <name>g_pHostIntHdl</name>
         <value>0x20017ae4</value>
         <object_component_ref idref="oc-4a3"/>
      </symbol>
      <symbol id="sm-d81">
         <name>simplelink_timerA2_start</name>
         <value>0x2000b8f9</value>
         <object_component_ref idref="oc-734"/>
      </symbol>
      <symbol id="sm-d82">
         <name>NwpUnMaskInterrupt</name>
         <value>0x2000c35d</value>
         <object_component_ref idref="oc-4e3"/>
      </symbol>
      <symbol id="sm-d83">
         <name>NwpPowerOff</name>
         <value>0x2000ba1d</value>
         <object_component_ref idref="oc-293"/>
      </symbol>
      <symbol id="sm-d84">
         <name>TimerGetCurrentTimestamp</name>
         <value>0x2000be91</value>
         <object_component_ref idref="oc-6d2"/>
      </symbol>
      <symbol id="sm-d85">
         <name>spi_Read</name>
         <value>0x20008bd1</value>
         <object_component_ref idref="oc-6f0"/>
      </symbol>
      <symbol id="sm-d86">
         <name>DmaSpiSwIntHandler</name>
         <value>0x2000bd59</value>
         <object_component_ref idref="oc-4a9"/>
      </symbol>
      <symbol id="sm-d87">
         <name>NwpPowerOn</name>
         <value>0x2000bb8d</value>
         <object_component_ref idref="oc-29f"/>
      </symbol>
      <symbol id="sm-d88">
         <name>spi_Close</name>
         <value>0x2000a8d1</value>
         <object_component_ref idref="oc-2ef"/>
      </symbol>
      <symbol id="sm-d89">
         <name>spi_Write</name>
         <value>0x20009e09</value>
         <object_component_ref idref="oc-67a"/>
      </symbol>
      <symbol id="sm-d8a">
         <name>spi_Open</name>
         <value>0x200082a9</value>
         <object_component_ref idref="oc-287"/>
      </symbol>
      <symbol id="sm-d8b">
         <name>g_ucDMAEnabled</name>
         <value>0x20017ae8</value>
         <object_component_ref idref="oc-4a3"/>
      </symbol>
      <symbol id="sm-d8c">
         <name>g_SpiFd</name>
         <value>0x20017ae0</value>
         <object_component_ref idref="oc-4a3"/>
      </symbol>
      <symbol id="sm-dde">
         <name>ADCDisable</name>
         <value>0x2000c279</value>
         <object_component_ref idref="oc-fc"/>
      </symbol>
      <symbol id="sm-ddf">
         <name>ADCTimerDisable</name>
         <value>0x2000c1f5</value>
         <object_component_ref idref="oc-108"/>
      </symbol>
      <symbol id="sm-de0">
         <name>ADCChannelDisable</name>
         <value>0x2000b9ad</value>
         <object_component_ref idref="oc-102"/>
      </symbol>
      <symbol id="sm-de1">
         <name>ADCFIFOLvlGet</name>
         <value>0x2000bfa7</value>
         <object_component_ref idref="oc-de"/>
      </symbol>
      <symbol id="sm-de2">
         <name>ADCChannelEnable</name>
         <value>0x2000b9e5</value>
         <object_component_ref idref="oc-e4"/>
      </symbol>
      <symbol id="sm-de3">
         <name>ADCTimerEnable</name>
         <value>0x2000c20b</value>
         <object_component_ref idref="oc-f0"/>
      </symbol>
      <symbol id="sm-de4">
         <name>ADCTimerConfig</name>
         <value>0x2000bde9</value>
         <object_component_ref idref="oc-ea"/>
      </symbol>
      <symbol id="sm-de5">
         <name>ADCEnable</name>
         <value>0x2000c28d</value>
         <object_component_ref idref="oc-f6"/>
      </symbol>
      <symbol id="sm-de6">
         <name>ADCFIFORead</name>
         <value>0x2000c0ed</value>
         <object_component_ref idref="oc-d8"/>
      </symbol>
      <symbol id="sm-e6c">
         <name>IntPendClear</name>
         <value>0x2000b09d</value>
         <object_component_ref idref="oc-4dc"/>
      </symbol>
      <symbol id="sm-e6d">
         <name>IntPrioritySet</name>
         <value>0x2000b14d</value>
         <object_component_ref idref="oc-375"/>
      </symbol>
      <symbol id="sm-e6e">
         <name>IntVTableBaseSet</name>
         <value>0x2000c2b5</value>
         <object_component_ref idref="oc-1c9"/>
      </symbol>
      <symbol id="sm-e6f">
         <name>IntEnable</name>
         <value>0x2000991d</value>
         <object_component_ref idref="oc-1d5"/>
      </symbol>
      <symbol id="sm-e70">
         <name>IntDisable</name>
         <value>0x20009875</value>
         <object_component_ref idref="oc-4d0"/>
      </symbol>
      <symbol id="sm-e71">
         <name>IntRegister</name>
         <value>0x2000be51</value>
         <object_component_ref idref="oc-491"/>
      </symbol>
      <symbol id="sm-e72">
         <name>IntUnregister</name>
         <value>0x2000bd7d</value>
         <object_component_ref idref="oc-4d6"/>
      </symbol>
      <symbol id="sm-e73">
         <name>IntMasterEnable</name>
         <value>0x2000c375</value>
         <object_component_ref idref="oc-1cf"/>
      </symbol>
      <symbol id="sm-ea8">
         <name>PinTypeUART</name>
         <value>0x2000c051</value>
         <object_component_ref idref="oc-40c"/>
      </symbol>
      <symbol id="sm-ea9">
         <name>PinTypeADC</name>
         <value>0x2000c2c9</value>
         <object_component_ref idref="oc-406"/>
      </symbol>
      <symbol id="sm-eaa">
         <name>PinConfigSet</name>
         <value>0x2000a435</value>
         <object_component_ref idref="oc-601"/>
      </symbol>
      <symbol id="sm-eab">
         <name>PinModeSet</name>
         <value>0x2000b781</value>
         <object_component_ref idref="oc-400"/>
      </symbol>
      <symbol id="sm-f3e">
         <name>PRCMPeripheralReset</name>
         <value>0x2000b0f5</value>
         <object_component_ref idref="oc-363"/>
      </symbol>
      <symbol id="sm-f3f">
         <name>PRCMPeripheralClkEnable</name>
         <value>0x2000b8bd</value>
         <object_component_ref idref="oc-35d"/>
      </symbol>
      <symbol id="sm-f40">
         <name>PRCMPeripheralClockGet</name>
         <value>0x20009ea1</value>
         <object_component_ref idref="oc-240"/>
      </symbol>
      <symbol id="sm-f41">
         <name>PRCMCC3200MCUInit</name>
         <value>0x20007e71</value>
         <object_component_ref idref="oc-1db"/>
      </symbol>
      <symbol id="sm-f42">
         <name>PRCMHIBRegWrite</name>
         <value>0x2000c237</value>
         <object_component_ref idref="oc-3e0"/>
      </symbol>
      <symbol id="sm-f43">
         <name>PRCMSysResetCauseGet</name>
         <value>0x2000bbb9</value>
         <object_component_ref idref="oc-3d4"/>
      </symbol>
      <symbol id="sm-f44">
         <name>PRCMPeripheralStatusGet</name>
         <value>0x2000bac5</value>
         <object_component_ref idref="oc-473"/>
      </symbol>
      <symbol id="sm-f45">
         <name>PRCMPeripheralClkDisable</name>
         <value>0x2000bc91</value>
         <object_component_ref idref="oc-3e6"/>
      </symbol>
      <symbol id="sm-f46">
         <name>PRCMHIBRegRead</name>
         <value>0x2000c221</value>
         <object_component_ref idref="oc-3da"/>
      </symbol>
      <symbol id="sm-1001">
         <name>SPIFIFODisable</name>
         <value>0x2000c09f</value>
         <object_component_ref idref="oc-542"/>
      </symbol>
      <symbol id="sm-1002">
         <name>SPICSEnable</name>
         <value>0x2000c11d</value>
         <object_component_ref idref="oc-707"/>
      </symbol>
      <symbol id="sm-1003">
         <name>SPIDisable</name>
         <value>0x2000c135</value>
         <object_component_ref idref="oc-461"/>
      </symbol>
      <symbol id="sm-1004">
         <name>SPIFIFOEnable</name>
         <value>0x2000c0b9</value>
         <object_component_ref idref="oc-47f"/>
      </symbol>
      <symbol id="sm-1005">
         <name>SPIWordCountSet</name>
         <value>0x2000be2d</value>
         <object_component_ref idref="oc-70d"/>
      </symbol>
      <symbol id="sm-1006">
         <name>SPIEnable</name>
         <value>0x2000c14d</value>
         <object_component_ref idref="oc-49d"/>
      </symbol>
      <symbol id="sm-1007">
         <name>SPIDmaEnable</name>
         <value>0x2000c085</value>
         <object_component_ref idref="oc-485"/>
      </symbol>
      <symbol id="sm-1008">
         <name>SPIConfigSetExpClk</name>
         <value>0x20009a69</value>
         <object_component_ref idref="oc-46d"/>
      </symbol>
      <symbol id="sm-1009">
         <name>SPIIntUnregister</name>
         <value>0x2000c0d3</value>
         <object_component_ref idref="oc-53c"/>
      </symbol>
      <symbol id="sm-100a">
         <name>SPIFIFOLevelSet</name>
         <value>0x2000baf9</value>
         <object_component_ref idref="oc-48b"/>
      </symbol>
      <symbol id="sm-100b">
         <name>SPIDmaDisable</name>
         <value>0x2000c06b</value>
         <object_component_ref idref="oc-548"/>
      </symbol>
      <symbol id="sm-100c">
         <name>SPIReset</name>
         <value>0x2000be0b</value>
         <object_component_ref idref="oc-467"/>
      </symbol>
      <symbol id="sm-100d">
         <name>SPIIntEnable</name>
         <value>0x2000b341</value>
         <object_component_ref idref="oc-497"/>
      </symbol>
      <symbol id="sm-100e">
         <name>SPIIntClear</name>
         <value>0x2000b555</value>
         <object_component_ref idref="oc-650"/>
      </symbol>
      <symbol id="sm-100f">
         <name>SPICSDisable</name>
         <value>0x2000c105</value>
         <object_component_ref idref="oc-45b"/>
      </symbol>
      <symbol id="sm-109d">
         <name>TimerLoadSet</name>
         <value>0x2000bc3d</value>
         <object_component_ref idref="oc-1a5"/>
      </symbol>
      <symbol id="sm-109e">
         <name>TimerDisable</name>
         <value>0x2000bf11</value>
         <object_component_ref idref="oc-393"/>
      </symbol>
      <symbol id="sm-109f">
         <name>TimerIntRegister</name>
         <value>0x2000aa35</value>
         <object_component_ref idref="oc-37b"/>
      </symbol>
      <symbol id="sm-10a0">
         <name>TimerEnable</name>
         <value>0x2000bf2f</value>
         <object_component_ref idref="oc-1ab"/>
      </symbol>
      <symbol id="sm-10a1">
         <name>TimerIntUnregister</name>
         <value>0x2000ac5d</value>
         <object_component_ref idref="oc-39f"/>
      </symbol>
      <symbol id="sm-10a2">
         <name>TimerIntStatus</name>
         <value>0x2000bf4d</value>
         <object_component_ref idref="oc-387"/>
      </symbol>
      <symbol id="sm-10a3">
         <name>TimerIntDisable</name>
         <value>0x2000c165</value>
         <object_component_ref idref="oc-399"/>
      </symbol>
      <symbol id="sm-10a4">
         <name>TimerValueGet</name>
         <value>0x2000bfc3</value>
         <object_component_ref idref="oc-1b1"/>
      </symbol>
      <symbol id="sm-10a5">
         <name>TimerPrescaleSet</name>
         <value>0x2000bc67</value>
         <object_component_ref idref="oc-36f"/>
      </symbol>
      <symbol id="sm-10a6">
         <name>TimerControlStall</name>
         <value>0x2000ba8d</value>
         <object_component_ref idref="oc-19f"/>
      </symbol>
      <symbol id="sm-10a7">
         <name>TimerIntEnable</name>
         <value>0x2000c17d</value>
         <object_component_ref idref="oc-381"/>
      </symbol>
      <symbol id="sm-10a8">
         <name>TimerConfigure</name>
         <value>0x2000b671</value>
         <object_component_ref idref="oc-369"/>
      </symbol>
      <symbol id="sm-10a9">
         <name>TimerIntClear</name>
         <value>0x2000c305</value>
         <object_component_ref idref="oc-38d"/>
      </symbol>
      <symbol id="sm-10e5">
         <name>UARTConfigSetExpClk</name>
         <value>0x2000a949</value>
         <object_component_ref idref="oc-246"/>
      </symbol>
      <symbol id="sm-10e6">
         <name>UARTDisable</name>
         <value>0x2000bb2d</value>
         <object_component_ref idref="oc-41d"/>
      </symbol>
      <symbol id="sm-10e7">
         <name>UARTCharsAvail</name>
         <value>0x2000c195</value>
         <object_component_ref idref="oc-258"/>
      </symbol>
      <symbol id="sm-10e8">
         <name>UARTCharGetNonBlocking</name>
         <value>0x2000bfdf</value>
         <object_component_ref idref="oc-25e"/>
      </symbol>
      <symbol id="sm-10e9">
         <name>UARTCharPut</name>
         <value>0x2000bf6b</value>
         <object_component_ref idref="oc-24c"/>
      </symbol>
      <symbol id="sm-10ea">
         <name>UARTEnable</name>
         <value>0x2000bda1</value>
         <object_component_ref idref="oc-423"/>
      </symbol>
      <symbol id="sm-1141">
         <name>uDMAChannelControlSet</name>
         <value>0x2000b971</value>
         <object_component_ref idref="oc-7c1"/>
      </symbol>
      <symbol id="sm-1142">
         <name>uDMAChannelAttributeEnable</name>
         <value>0x2000aebd</value>
         <object_component_ref idref="oc-7c7"/>
      </symbol>
      <symbol id="sm-1143">
         <name>uDMAChannelTransferSet</name>
         <value>0x20008cc1</value>
         <object_component_ref idref="oc-7cd"/>
      </symbol>
      <symbol id="sm-1144">
         <name>uDMAChannelAssign</name>
         <value>0x2000b509</value>
         <object_component_ref idref="oc-62e"/>
      </symbol>
      <symbol id="sm-1145">
         <name>uDMAChannelAttributeDisable</name>
         <value>0x2000ae59</value>
         <object_component_ref idref="oc-634"/>
      </symbol>
      <symbol id="sm-1146">
         <name>uDMAChannelEnable</name>
         <value>0x2000c035</value>
         <object_component_ref idref="oc-7d3"/>
      </symbol>
      <symbol id="sm-114a">
         <name>UtilsDelay</name>
         <value>0x2000c387</value>
         <object_component_ref idref="oc-1c2"/>
      </symbol>
      <symbol id="sm-1154">
         <name>CPUcpsie</name>
         <value>0x2000c2a1</value>
         <object_component_ref idref="oc-3c9"/>
      </symbol>
      <symbol id="sm-1156">
         <name>__TI_static_base__</name>
         <value>0x2000c998</value>
      </symbol>
      <symbol id="sm-1159">
         <name>SHT$$INIT_ARRAY$$Limit</name>
         <value>0x0</value>
      </symbol>
      <symbol id="sm-115a">
         <name>SHT$$INIT_ARRAY$$Base</name>
         <value>0x0</value>
      </symbol>
   </symbol_table>
   <title>Link successful</title>
</link_info>
