******************************************************************************
                  TI ARM Linker PC v16.9.4                     
******************************************************************************
>> Linked Sun Aug 11 22:24:49 2019

OUTPUT FILE NAME:   <USR telemetry udp VOLTAGE.out>
ENTRY POINT SYMBOL: "_c_int00"  address: 2000b801


MEMORY CONFIGURATION

         name            origin    length      used     unused   attr    fill
----------------------  --------  ---------  --------  --------  ----  --------
  SRAM_CODE             20004000   00013000  000089f8  0000a608  RW X
  SRAM_DATA             20017000   00019000  000012fc  00017d04  RW X


SEGMENT ALLOCATION MAP

run origin  load origin   length   init length attrs members
----------  ----------- ---------- ----------- ----- -------
20004000    20004000    000089f8   000089f8    r-x
  20004000    20004000    00000400   00000400    r-- .intvecs
  20004400    20004400    00007f90   00007f90    r-x .text
  2000c390    2000c390    00000608   00000608    r-- .const
  2000c998    2000c998    00000060   00000060    r-- .cinit
20017000    20017000    00000afc   00000000    rw-
  20017000    20017000    00000800   00000000    rw- .sysmem
  20017800    20017800    00000250   00000000    rw- .bss
  20017a50    20017a50    000000ac   00000000    rw- .data
2002f800    2002f800    00000800   00000000    rw-
  2002f800    2002f800    00000800   00000000    rw- .stack


SECTION ALLOCATION MAP

 output                                  attributes/
section   page    origin      length       input sections
--------  ----  ----------  ----------   ----------------
.intvecs   0    20004000    00000400     
                  20004000    00000400     startup_ccs.obj (.intvecs)

.init_array 
*          0    20004000    00000000     UNINITIALIZED

.text      0    20004400    00007f90     
                  20004400    00001122     rtsv7M4_T_le_eabi.lib : _printfi.obj (.text)
                  20005522    00000002     driverlib.a : interrupt.obj (.text:IntDefaultHandler)
                  20005524    00000f2c     main.obj (.text)
                  20006450    00000590     simplelink.a : driver.obj (.text:_SlDrvMsgRead)
                  200069e0    000003d0     rtsv7M4_T_le_eabi.lib : memory.obj (.text)
                  20006db0    00000280     uart_if.obj (.text)
                  20007030    0000024c     simplelink.a : driver.obj (.text:_SlDrvRxHdrRead)
                  2000727c    000001f4     rtsv7M4_T_le_eabi.lib : ull_div_t2.obj (.text)
                  20007470    000001d0     simplelink.a : driver.obj (.text:_SlDrvReleasePoolObj)
                  20007640    000001b6     rtsv7M4_T_le_eabi.lib : fd_add_t2.obj (.text)
                  200077f6    00000002                           : mpu_init.obj (.text)
                  200077f8    000001b4     simplelink.a : driver.obj (.text:_SlDrvDriverCBInit)
                  200079ac    0000019c                  : driver.obj (.text:_SlDrvMsgWrite)
                  20007b48    00000198     timer_if.obj (.text)
                  20007ce0    00000190     simplelink.a : driver.obj (.text:_SlDrvWaitForPoolObj)
                  20007e70    00000178     driverlib.a : prcm.obj (.text:PRCMCC3200MCUInit)
                  20007fe8    00000170     simplelink.a : driver.obj (.text:_SlFindAndSetActiveObj)
                  20008158    00000150                  : driver.obj (.text:_SlDrvDataWriteOp)
                  200082a8    00000148                  : cc_pal.obj (.text:spi_Open)
                  200083f0    00000144                  : driver.obj (.text:_SlDrvMsgReadCmdCtx)
                  20008534    00000144                  : socket.obj (.text:sl_SendTo)
                  20008678    00000136     rtsv7M4_T_le_eabi.lib : fd_div_t2.obj (.text)
                  200087ae    00000002                           : startup.obj (.text)
                  200087b0    00000130     simplelink.a : driver.obj (.text:_SlDrvDriverCBDeinit)
                  200088e0    00000104                  : netapp.obj (.text:_SlDrvNetAppEventHandler)
                  200089e4    000000fc     rtsv7M4_T_le_eabi.lib : fd_mul_t2.obj (.text)
                  20008ae0    000000f0     simplelink.a : device.obj (.text:sl_Stop)
                  20008bd0    000000f0                  : cc_pal.obj (.text:spi_Read)
                  20008cc0    000000f0     driverlib.a : udma.obj (.text:uDMAChannelTransferSet)
                  20008db0    000000ec     simplelink.a : device.obj (.text:sl_Start)
                  20008e9c    000000e8                  : driver.obj (.text:_SlAsyncEventGenericHandler)
                  20008f84    000000e8                  : driver.obj (.text:_SlDrvMsgReadSpawnCtx)
                  2000906c    000000e4                  : netapp.obj (.text:sl_NetAppMDNSRegisterUnregisterService)
                  20009150    000000dc                  : driver.obj (.text:_SlDrvClassifyRxMsg)
                  2000922c    000000d8                  : netcfg.obj (.text:sl_NetCfgGet)
                  20009304    000000d4     pin_mux_config.obj (.text)
                  200093d8    000000d0     rtsv7M4_T_le_eabi.lib : s_scalbn.obj (.text)
                  200094a8    000000cc     simplelink.a : netapp.obj (.text:_sl_HandleAsync_DnsGetHostByService)
                  20009574    000000cc                  : device.obj (.text:sl_DevGet)
                  20009640    000000c4                  : driver.obj (.text:_SlRemoveFromList)
                  20009704    000000c0                  : driver.obj (.text:_SlDrvCmdOp)
                  200097c4    000000b0                  : nonos.obj (.text:_SlNonOsSemGet)
                  20009874    000000a8     driverlib.a : interrupt.obj (.text:IntDisable)
                  2000991c    000000a8                 : interrupt.obj (.text:IntEnable)
                  200099c4    000000a4     simplelink.a : driver.obj (.text:_SlDriverHandleError)
                  20009a68    000000a0     driverlib.a : spi.obj (.text:SPIConfigSetExpClk)
                  20009b08    0000009c     rtsv7M4_T_le_eabi.lib : memcpy_t2.obj (.text)
                  20009ba4    0000009a     simplelink.a : device.obj (.text:_SlDrvDeviceEventHandler)
                  20009c3e    00000002     --HOLE-- [fill = 0]
                  20009c40    00000098                  : netcfg.obj (.text:sl_NetCfgSet)
                  20009cd8    00000098                  : socket.obj (.text:sl_SetSockOpt)
                  20009d70    00000098                  : wlan.obj (.text:sl_WlanSet)
                  20009e08    00000098                  : cc_pal.obj (.text:spi_Write)
                  20009ea0    00000094     driverlib.a : prcm.obj (.text:PRCMPeripheralClockGet)
                  20009f34    00000092     rtsv7M4_T_le_eabi.lib : fs_div_t2.obj (.text)
                  20009fc6    00000002     --HOLE-- [fill = 0]
                  20009fc8    00000090     simplelink.a : netapp.obj (.text:_sl_HandleAsync_DnsGetHostByName)
                  2000a058    00000090                  : netapp.obj (.text:_sl_HandleAsync_PingResponse)
                  2000a0e8    00000090                  : wlan.obj (.text:sl_WlanPolicySet)
                  2000a178    0000008c                  : cc_pal.obj (.text:SetupDMAReceive)
                  2000a204    0000008c                  : cc_pal.obj (.text:SetupDMASend)
                  2000a290    0000008c                  : driver.obj (.text:_SlDrvIsTimeoutExpired)
                  2000a31c    0000008c                  : device.obj (.text:_sl_HandleAsync_InitComplete)
                  2000a3a8    0000008c                  : socket.obj (.text:sl_Socket)
                  2000a434    00000088     driverlib.a : pin.obj (.text:PinConfigSet)
                  2000a4bc    00000088     rtsv7M4_T_le_eabi.lib : vsnprintf.obj (.text)
                  2000a544    00000086                           : fd_cmp_t2.obj (.text:__aeabi_cdcmple)
                  2000a5ca    00000086                           : fd_cmp_t2.obj (.text:__aeabi_cdrcmple)
                  2000a650    00000084     simplelink.a : wlan.obj (.text:sl_WlanRxFilterSet)
                  2000a6d4    00000080                  : socket.obj (.text:_sl_HandleAsync_Connect)
                  2000a754    00000080                  : cc_pal.obj (.text:spi_Read_CPU)
                  2000a7d4    00000080                  : cc_pal.obj (.text:spi_Write_CPU)
                  2000a854    0000007a     rtsv7M4_T_le_eabi.lib : memset_t2.obj (.text)
                  2000a8ce    00000002     --HOLE-- [fill = 0]
                  2000a8d0    00000078     simplelink.a : cc_pal.obj (.text:spi_Close)
                  2000a948    00000076     driverlib.a : uart.obj (.text:UARTConfigSetExpClk)
                  2000a9be    00000002     --HOLE-- [fill = 0]
                  2000a9c0    00000074     simplelink.a : nonos.obj (.text:_SlNonOsMainLoopTask)
                  2000aa34    00000070     driverlib.a : timer.obj (.text:TimerIntRegister)
                  2000aaa4    00000070     rtsv7M4_T_le_eabi.lib : autoinit.obj (.text)
                  2000ab14    0000006e                           : fd_tos_t2.obj (.text)
                  2000ab82    00000002     --HOLE-- [fill = 0]
                  2000ab84    0000006c     simplelink.a : driver.obj (.text:_SlDrvCmdSend)
                  2000abf0    0000006c                  : netapp.obj (.text:_sl_NetAppSendTokenValue)
                  2000ac5c    00000068     driverlib.a : timer.obj (.text:TimerIntUnregister)
                  2000acc4    00000068     rtsv7M4_T_le_eabi.lib : copy_decompress_lzss.obj (.text:decompress:lzss)
                  2000ad2c    00000064     simplelink.a : nonos.obj (.text:_SlNonOsSpawn)
                  2000ad90    00000064                  : socket.obj (.text:_sl_HandleAsync_Accept)
                  2000adf4    00000064                  : netapp.obj (.text:sl_NetAppMDNSUnRegisterService)
                  2000ae58    00000064     driverlib.a : udma.obj (.text:uDMAChannelAttributeDisable)
                  2000aebc    00000064                 : udma.obj (.text:uDMAChannelAttributeEnable)
                  2000af20    00000060     rtsv7M4_T_le_eabi.lib : sprintf.obj (.text)
                  2000af80    00000060     simplelink.a : wlan.obj (.text:sl_WlanProfileDel)
                  2000afe0    00000060                  : wlan.obj (.text:sl_WlanSetMode)
                  2000b040    0000005c     rtsv7M4_T_le_eabi.lib : s_frexp.obj (.text)
                  2000b09c    00000058     driverlib.a : interrupt.obj (.text:IntPendClear)
                  2000b0f4    00000058                 : prcm.obj (.text:PRCMPeripheralReset)
                  2000b14c    00000054                 : interrupt.obj (.text:IntPrioritySet)
                  2000b1a0    00000054     simplelink.a : driver.obj (.text:_SlDrvRxIrqHandler)
                  2000b1f4    00000054                  : socket.obj (.text:_sl_HandleAsync_Select)
                  2000b248    00000054     rtsv7M4_T_le_eabi.lib : exit.obj (.text)
                  2000b29c    00000054                           : ltoa.obj (.text)
                  2000b2f0    00000050     simplelink.a : device.obj (.text:_sl_HandleAsync_Stop)
                  2000b340    0000004c     driverlib.a : spi.obj (.text:SPIIntEnable)
                  2000b38c    0000004c                 : spi.obj (.text:SPIIntNumberGet)
                  2000b3d8    0000004c     simplelink.a : driver.obj (.text:_SlDrvProtectAsyncRespSetting)
                  2000b424    0000004c                  : socket.obj (.text:_sl_BuildAddress)
                  2000b470    0000004c     rtsv7M4_T_le_eabi.lib : atoi.obj (.text)
                  2000b4bc    0000004c                           : cpy_tbl.obj (.text)
                  2000b508    0000004c     driverlib.a : udma.obj (.text:uDMAChannelAssign)
                  2000b554    00000048                 : spi.obj (.text:SPIIntClear)
                  2000b59c    00000048     simplelink.a : driver.obj (.text:_SlDrvBasicCmd)
                  2000b5e4    00000048     rtsv7M4_T_le_eabi.lib : fd_toi_t2.obj (.text)
                  2000b62c    00000044     driverlib.a : spi.obj (.text:SPIDmaMaskGet)
                  2000b670    00000044                 : timer.obj (.text:TimerConfigure)
                  2000b6b4    00000044     simplelink.a : driver.obj (.text:_SlDrvSyncObjWaitTimeout)
                  2000b6f8    00000044                  : cc_pal.obj (.text:cc_SetupTransfer)
                  2000b73c    00000042                  : socket.obj (.text:sl_Htonl)
                  2000b77e    00000002     --HOLE-- [fill = 0]
                  2000b780    00000040     driverlib.a : pin.obj (.text:PinModeSet)
                  2000b7c0    00000040     simplelink.a : socket.obj (.text:_sl_TruncatePayloadByProtocol)
                  2000b800    00000040     rtsv7M4_T_le_eabi.lib : boot.obj (.text)
                  2000b840    0000003e     simplelink.a : cc_pal.obj (.text:NwpRegisterInterruptHandler)
                  2000b87e    0000003c                  : netapp.obj (.text:CopyPingResultsToReport)
                  2000b8ba    00000002     --HOLE-- [fill = 0]
                  2000b8bc    0000003c     driverlib.a : prcm.obj (.text:PRCMPeripheralClkEnable)
                  2000b8f8    0000003c     simplelink.a : cc_pal.obj (.text:simplelink_timerA2_start)
                  2000b934    0000003c                  : socket.obj (.text:sl_Htons)
                  2000b970    0000003c     driverlib.a : udma.obj (.text:uDMAChannelControlSet)
                  2000b9ac    00000038                 : adc.obj (.text:ADCChannelDisable)
                  2000b9e4    00000038                 : adc.obj (.text:ADCChannelEnable)
                  2000ba1c    00000038     simplelink.a : cc_pal.obj (.text:NwpPowerOff)
                  2000ba54    00000038                  : wlan.obj (.text:sl_WlanDisconnect)
                  2000ba8c    00000036     driverlib.a : timer.obj (.text:TimerControlStall)
                  2000bac2    00000002     --HOLE-- [fill = 0]
                  2000bac4    00000034                 : prcm.obj (.text:PRCMPeripheralStatusGet)
                  2000baf8    00000034                 : spi.obj (.text:SPIFIFOLevelSet)
                  2000bb2c    00000030                 : uart.obj (.text:UARTDisable)
                  2000bb5c    0000002e     rtsv7M4_T_le_eabi.lib : i_tofd_t2.obj (.text)
                  2000bb8a    00000002     --HOLE-- [fill = 0]
                  2000bb8c    0000002c     simplelink.a : cc_pal.obj (.text:NwpPowerOn)
                  2000bbb8    0000002c     driverlib.a : prcm.obj (.text:PRCMSysResetCauseGet)
                  2000bbe4    0000002c     simplelink.a : driver.obj (.text:_SlDrvObjGlobalLockWaitForever)
                  2000bc10    0000002c                  : driver.obj (.text:_SlDrvProtectionObjLockWaitForever)
                  2000bc3c    0000002a     driverlib.a : timer.obj (.text:TimerLoadSet)
                  2000bc66    0000002a                 : timer.obj (.text:TimerPrescaleSet)
                  2000bc90    00000028                 : prcm.obj (.text:PRCMPeripheralClkDisable)
                  2000bcb8    00000028     simplelink.a : driver.obj (.text:_SlDrvGlobalObjUnLock)
                  2000bce0    00000028                  : driver.obj (.text:_SlDrvProtectionObjUnLock)
                  2000bd08    00000028                  : driver.obj (.text:_SlDrvSyncObjWaitForever)
                  2000bd30    00000026                  : driver.obj (.text:_SlDrvObjLockWaitForever)
                  2000bd56    00000002     --HOLE-- [fill = 0]
                  2000bd58    00000024                  : cc_pal.obj (.text:DmaSpiSwIntHandler)
                  2000bd7c    00000024     driverlib.a : interrupt.obj (.text:IntUnregister)
                  2000bda0    00000024                 : uart.obj (.text:UARTEnable)
                  2000bdc4    00000024     rtsv7M4_T_le_eabi.lib : memmov.obj (.text)
                  2000bde8    00000022     driverlib.a : adc.obj (.text:ADCTimerConfig)
                  2000be0a    00000022                 : spi.obj (.text:SPIReset)
                  2000be2c    00000022                 : spi.obj (.text:SPIWordCountSet)
                  2000be4e    00000002     --HOLE-- [fill = 0]
                  2000be50    00000020                 : interrupt.obj (.text:IntRegister)
                  2000be70    00000020     simplelink.a : cc_pal.obj (.text:NwpPrePowerOffTimout0)
                  2000be90    00000020                  : cc_pal.obj (.text:TimerGetCurrentTimestamp)
                  2000beb0    00000020                  : driver.obj (.text:_SlDrvObjUnLock)
                  2000bed0    00000020                  : driver.obj (.text:_SlDrvSyncObjSignal)
                  2000bef0    00000020     rtsv7M4_T_le_eabi.lib : u_tofd_t2.obj (.text)
                  2000bf10    0000001e     driverlib.a : timer.obj (.text:TimerDisable)
                  2000bf2e    0000001e                 : timer.obj (.text:TimerEnable)
                  2000bf4c    0000001e                 : timer.obj (.text:TimerIntStatus)
                  2000bf6a    0000001e                 : uart.obj (.text:UARTCharPut)
                  2000bf88    0000001e     simplelink.a : cc_pal.obj (.text:cc_UDMAChannelSelect)
                  2000bfa6    0000001c     driverlib.a : adc.obj (.text:ADCFIFOLvlGet)
                  2000bfc2    0000001c                 : timer.obj (.text:TimerValueGet)
                  2000bfde    0000001c                 : uart.obj (.text:UARTCharGetNonBlocking)
                  2000bffa    0000001c     simplelink.a : driver.obj (.text:_SlDrvStartMeasureTimeout)
                  2000c016    0000001c     rtsv7M4_T_le_eabi.lib : memccpy.obj (.text)
                  2000c032    00000002     --HOLE-- [fill = 0]
                  2000c034    0000001c     driverlib.a : udma.obj (.text:uDMAChannelEnable)
                  2000c050    0000001a                 : pin.obj (.text:PinTypeUART)
                  2000c06a    0000001a                 : spi.obj (.text:SPIDmaDisable)
                  2000c084    0000001a                 : spi.obj (.text:SPIDmaEnable)
                  2000c09e    0000001a                 : spi.obj (.text:SPIFIFODisable)
                  2000c0b8    0000001a                 : spi.obj (.text:SPIFIFOEnable)
                  2000c0d2    0000001a                 : spi.obj (.text:SPIIntUnregister)
                  2000c0ec    00000018                 : adc.obj (.text:ADCFIFORead)
                  2000c104    00000018                 : spi.obj (.text:SPICSDisable)
                  2000c11c    00000018                 : spi.obj (.text:SPICSEnable)
                  2000c134    00000018                 : spi.obj (.text:SPIDisable)
                  2000c14c    00000018                 : spi.obj (.text:SPIEnable)
                  2000c164    00000018                 : timer.obj (.text:TimerIntDisable)
                  2000c17c    00000018                 : timer.obj (.text:TimerIntEnable)
                  2000c194    00000018                 : uart.obj (.text:UARTCharsAvail)
                  2000c1ac    00000018     simplelink.a : nonos.obj (.text:_SlNonOsSemSet)
                  2000c1c4    00000018                  : device.obj (.text:_sl_GetStartResponseConvert)
                  2000c1dc    00000018     rtsv7M4_T_le_eabi.lib : args_main.obj (.text)
                  2000c1f4    00000016     driverlib.a : adc.obj (.text:ADCTimerDisable)
                  2000c20a    00000016                 : adc.obj (.text:ADCTimerEnable)
                  2000c220    00000016                 : prcm.obj (.text:PRCMHIBRegRead)
                  2000c236    00000016                 : prcm.obj (.text:PRCMHIBRegWrite)
                  2000c24c    00000016     simplelink.a : driver.obj (.text:_SlDrvMemZero)
                  2000c262    00000016     rtsv7M4_T_le_eabi.lib : strchr.obj (.text)
                  2000c278    00000014     driverlib.a : adc.obj (.text:ADCDisable)
                  2000c28c    00000014                 : adc.obj (.text:ADCEnable)
                  2000c2a0    00000014                 : cpu.obj (.text:CPUcpsie)
                  2000c2b4    00000014                 : interrupt.obj (.text:IntVTableBaseSet)
                  2000c2c8    00000014                 : pin.obj (.text:PinTypeADC)
                  2000c2dc    00000014     rtsv7M4_T_le_eabi.lib : _lock.obj (.text)
                  2000c2f0    00000014                           : strlen.obj (.text)
                  2000c304    00000012     driverlib.a : timer.obj (.text:TimerIntClear)
                  2000c316    00000010     simplelink.a : driver.obj (.text:_SlDrvDispatchHttpServerEvents)
                  2000c326    0000000e                  : driver.obj (.text:_SlDrvResetCmdExt)
                  2000c334    0000000e     rtsv7M4_T_le_eabi.lib : copy_decompress_none.obj (.text:decompress:none)
                  2000c342    0000000e     startup_ccs.obj (.text)
                  2000c350    0000000c     simplelink.a : cc_pal.obj (.text:NwpMaskInterrupt)
                  2000c35c    0000000c                  : cc_pal.obj (.text:NwpUnMaskInterrupt)
                  2000c368    0000000c     rtsv7M4_T_le_eabi.lib : copy_zero_init.obj (.text:decompress:ZI)
                  2000c374    0000000a     driverlib.a : interrupt.obj (.text:IntMasterEnable)
                  2000c37e    00000008     rtsv7M4_T_le_eabi.lib : s_copysign.obj (.text)
                  2000c386    00000006     driverlib.a : utils.obj (.text:UtilsDelay)
                  2000c38c    00000004     rtsv7M4_T_le_eabi.lib : pre_init.obj (.text)

.const     0    2000c390    00000608     
                  2000c390    00000101     rtsv7M4_T_le_eabi.lib : ctype.obj (.const:.string:_ctypes_)
                  2000c491    00000003     --HOLE-- [fill = 0]
                  2000c494    00000100     driverlib.a : pin.obj (.const:g_ulPinToPadMap)
                  2000c594    000000d4                 : interrupt.obj (.const:g_pulRegs)
                  2000c668    000000a8                 : prcm.obj (.const:PRCM_PeriphRegsList)
                  2000c710    00000080                 : interrupt.obj (.const)
                  2000c790    0000003c     simplelink.a : driver.obj (.const:OpcodeTranslateTable)
                  2000c7cc    00000038                  : driver.obj (.const:_SlActionLookupTable)
                  2000c804    0000002c     main.obj (.const:$P$T1$2)
                  2000c830    00000024     driverlib.a : spi.obj (.const:g_ppulSPIIntMap)
                  2000c854    00000022     main.obj (.const:.string:$P$T0$1)
                  2000c876    00000021     main.obj (.const:.string:$P$T5$6)
                  2000c897    00000001     --HOLE-- [fill = 0]
                  2000c898    00000020     simplelink.a : driver.obj (.const:RxMsgClassLUT)
                  2000c8b8    00000018     driverlib.a : spi.obj (.const)
                  2000c8d0    00000014     simplelink.a : driver.obj (.const:$P$T0$1)
                  2000c8e4    00000014                  : nonos.obj (.const:$P$T0$1)
                  2000c8f8    00000014     main.obj (.const:$P$T2$3)
                  2000c90c    00000010     main.obj (.const:$P$T6$7)
                  2000c91c    00000010     simplelink.a : socket.obj (.const:.string:_SlPayloadByProtocolLUT)
                  2000c92c    0000000e     main.obj (.const:.string:$P$T4$5)
                  2000c93a    0000000c     main.obj (.const:.string:$P$T3$4)
                  2000c946    00000008     simplelink.a : device.obj (.const:StartResponseLUT)
                  2000c94e    00000002     --HOLE-- [fill = 0]
                  2000c950    00000008                  : driver.obj (.const:g_H2NCnysPattern)
                  2000c958    00000008                  : driver.obj (.const:g_H2NSyncPattern)
                  2000c960    00000004                  : socket.obj (.const:$P$T1$2)
                  2000c964    00000004                  : device.obj (.const:_SlDeviceGetCmdCtrl)
                  2000c968    00000004                  : netapp.obj (.const:_SlNetAppSendTokenValueCmdCtrl)
                  2000c96c    00000004                  : netcfg.obj (.const:_SlNetCfgGetCmdCtrl)
                  2000c970    00000004                  : netcfg.obj (.const:_SlNetCfgSetCmdCtrl)
                  2000c974    00000004                  : wlan.obj (.const:_SlPolicySetCmdCtrl)
                  2000c978    00000004                  : wlan.obj (.const:_SlProfileDelCmdCtrl)
                  2000c97c    00000004                  : netapp.obj (.const:_SlRegisterServiceCtrl)
                  2000c980    00000004                  : wlan.obj (.const:_SlRxFilterSetCmdCtrl)
                  2000c984    00000004                  : socket.obj (.const:_SlSetSockOptCmdCtrl)
                  2000c988    00000004                  : socket.obj (.const:_SlSockSocketCmdCtrl)
                  2000c98c    00000004                  : device.obj (.const:_SlStopCmdCtrl)
                  2000c990    00000004                  : wlan.obj (.const:_SlWlanCfgSetCmdCtrl)
                  2000c994    00000004                  : wlan.obj (.const:_SlWlanSetModeCmdCtrl)

.cinit     0    2000c998    00000060     
                  2000c998    00000036     (.cinit..data.load) [load image, compression = lzss]
                  2000c9ce    00000002     --HOLE-- [fill = 0]
                  2000c9d0    0000000c     (__TI_handler_table)
                  2000c9dc    00000004     --HOLE-- [fill = 0]
                  2000c9e0    00000008     (.cinit..bss.load) [load image, compression = zero_init]
                  2000c9e8    00000010     (__TI_cinit_table)

.sysmem    0    20017000    00000800     UNINITIALIZED
                  20017000    00000008     rtsv7M4_T_le_eabi.lib : memory.obj (.sysmem)
                  20017008    000007f8     --HOLE--

.bss       0    20017800    00000250     UNINITIALIZED
                  20017800    00000168     simplelink.a : driver.obj (.bss:g_StatMem)
                  20017968    00000080     (.common:g_cBsdBuf)
                  200179e8    00000050     (.common:g_ucDinDout)
                  20017a38    00000004     uart_if.obj (.bss)
                  20017a3c    00000004     (.common:ms)
                  20017a40    00000004     (.common:temp)
                  20017a44    00000004     (.common:x)
                  20017a48    00000004     (.common:y)
                  20017a4c    00000001     (.common:RxIrqCnt)
                  20017a4d    00000001     (.common:g_bDeviceRestartIsRequired)
                  20017a4e    00000001     (.common:g_cDummy)
                  20017a4f    00000001     (.common:ucDHCP)

.data      0    20017a50    000000ac     UNINITIALIZED
                  20017a50    0000003c     simplelink.a : nonos.obj (.data:g__SlNonOsCB)
                  20017a8c    0000002c     main.obj (.data)
                  20017ab8    0000000d     simplelink.a : driver.obj (.data)
                  20017ac5    00000003     --HOLE--
                  20017ac8    0000000c     rtsv7M4_T_le_eabi.lib : exit.obj (.data:$O1$$)
                  20017ad4    0000000c                           : memory.obj (.data:$O1$$)
                  20017ae0    00000009     simplelink.a : cc_pal.obj (.data)
                  20017ae9    00000003     --HOLE--
                  20017aec    00000008     rtsv7M4_T_le_eabi.lib : _lock.obj (.data:$O1$$)
                  20017af4    00000004                           : errno.obj (.data)
                  20017af8    00000004                           : stkdepth_vars.obj (.data)

.stack     0    2002f800    00000800     UNINITIALIZED
                  2002f800    00000800     --HOLE--

MODULE SUMMARY

       Module                     code    ro data   rw data
       ------                     ----    -------   -------
    .\
       main.obj                   3884    173       189    
       startup_ccs.obj            14      1024      0      
       uart_if.obj                640     0         4      
       timer_if.obj               408     0         0      
       pin_mux_config.obj         212     0         0      
    +--+--------------------------+-------+---------+---------+
       Total:                     5158    1197      193    
                                                           
    C:/ti/CC3200SDK_1.3.0/cc3200-sdk/driverlib/ccs/Release/driverlib.a
       prcm.obj                   852     168       0      
       interrupt.obj              608     340       0      
       spi.obj                    798     60        0      
       timer.obj                  606     0         0      
       udma.obj                   604     0         0      
       pin.obj                    246     256       0      
       uart.obj                   284     0         0      
       adc.obj                    282     0         0      
       cpu.obj                    20      0         0      
       utils.obj                  6       0         0      
    +--+--------------------------+-------+---------+---------+
       Total:                     4306    824       0      
                                                           
    C:/ti/CC3200SDK_1.3.0/cc3200-sdk/simplelink/ccs/NON_OS/simplelink.a
       driver.obj                 7230    184       375    
       cc_pal.obj                 1820    0         90     
       netapp.obj                 1248    8         0      
       socket.obj                 1194    28        0      
       device.obj                 1078    16        0      
       wlan.obj                   676     20        0      
       nonos.obj                  416     20        60     
       netcfg.obj                 368     8         0      
    +--+--------------------------+-------+---------+---------+
       Total:                     14030   284       525    
                                                           
    C:\ti\ccsv7\tools\compiler\ti-cgt-arm_16.9.4.LTS\lib\rtsv7M4_T_le_eabi.lib
       _printfi.obj               4386    0         0      
       memory.obj                 976     0         12     
       ull_div_t2.obj             500     0         0      
       fd_add_t2.obj              438     0         0      
       fd_div_t2.obj              310     0         0      
       fd_cmp_t2.obj              268     0         0      
       ctype.obj                  0       257       0      
       fd_mul_t2.obj              252     0         0      
       s_scalbn.obj               208     0         0      
       memcpy_t2.obj              156     0         0      
       fs_div_t2.obj              146     0         0      
       vsnprintf.obj              136     0         0      
       memset_t2.obj              122     0         0      
       autoinit.obj               112     0         0      
       fd_tos_t2.obj              110     0         0      
       copy_decompress_lzss.obj   104     0         0      
       exit.obj                   84      0         12     
       sprintf.obj                96      0         0      
       s_frexp.obj                92      0         0      
       ltoa.obj                   84      0         0      
       atoi.obj                   76      0         0      
       cpy_tbl.obj                76      0         0      
       fd_toi_t2.obj              72      0         0      
       boot.obj                   64      0         0      
       i_tofd_t2.obj              46      0         0      
       memmov.obj                 36      0         0      
       u_tofd_t2.obj              32      0         0      
       _lock.obj                  20      0         8      
       memccpy.obj                28      0         0      
       args_main.obj              24      0         0      
       strchr.obj                 22      0         0      
       strlen.obj                 20      0         0      
       copy_decompress_none.obj   14      0         0      
       copy_zero_init.obj         12      0         0      
       s_copysign.obj             8       0         0      
       errno.obj                  0       0         4      
       pre_init.obj               4       0         0      
       stkdepth_vars.obj          0       0         4      
       mpu_init.obj               2       0         0      
       startup.obj                2       0         0      
    +--+--------------------------+-------+---------+---------+
       Total:                     9138    257       40     
                                                           
       Heap:                      0       0         2048   
       Stack:                     0       0         2048   
       Linker Generated:          0       90        0      
    +--+--------------------------+-------+---------+---------+
       Grand Total:               32632   2652      4854   


LINKER GENERATED COPY TABLES

__TI_cinit_table @ 2000c9e8 records: 2, size/record: 8, table size: 16
	.data: load addr=2000c998, load size=00000036 bytes, run addr=20017a50, run size=000000ac bytes, compression=lzss
	.bss: load addr=2000c9e0, load size=00000008 bytes, run addr=20017800, run size=00000250 bytes, compression=zero_init


LINKER GENERATED HANDLER TABLE

__TI_handler_table @ 2000c9d0 records: 3, size/record: 4, table size: 12
	index: 0, handler: __TI_decompress_lzss
	index: 1, handler: __TI_decompress_none
	index: 2, handler: __TI_zero_init


GLOBAL SYMBOLS: SORTED ALPHABETICALLY BY Name 

address   name                                  
-------   ----                                  
2000b9ad  ADCChannelDisable                     
2000b9e5  ADCChannelEnable                      
2000c279  ADCDisable                            
2000c28d  ADCEnable                             
2000bfa7  ADCFIFOLvlGet                         
2000c0ed  ADCFIFORead                           
2000bde9  ADCTimerConfig                        
2000c1f5  ADCTimerDisable                       
2000c20b  ADCTimerEnable                        
2000b249  C$$EXIT                               
2000c2a1  CPUcpsie                              
20006df1  ClearTerm                             
20017a9c  DestIp                                
2000bd59  DmaSpiSwIntHandler                    
20006dfb  Error                                 
20006e33  GetCmd                                
20006db1  InitTerm                              
20009875  IntDisable                            
2000991d  IntEnable                             
2000c375  IntMasterEnable                       
2000b09d  IntPendClear                          
2000b14d  IntPrioritySet                        
2000be51  IntRegister                           
2000bd7d  IntUnregister                         
2000c2b5  IntVTableBaseSet                      
20006dcf  Message                               
2000c351  NwpMaskInterrupt                      
2000ba1d  NwpPowerOff                           
2000bb8d  NwpPowerOn                            
2000be71  NwpPrePowerOffTimout0                 
2000b841  NwpRegisterInterruptHandler           
2000c35d  NwpUnMaskInterrupt                    
2000c790  OpcodeTranslateTable                  
20007e71  PRCMCC3200MCUInit                     
2000c221  PRCMHIBRegRead                        
2000c237  PRCMHIBRegWrite                       
2000bc91  PRCMPeripheralClkDisable              
2000b8bd  PRCMPeripheralClkEnable               
20009ea1  PRCMPeripheralClockGet                
2000b0f5  PRCMPeripheralReset                   
2000bac5  PRCMPeripheralStatusGet               
2000bbb9  PRCMSysResetCauseGet                  
2000a435  PinConfigSet                          
2000b781  PinModeSet                            
20009305  PinMuxConfig                          
2000c2c9  PinTypeADC                            
2000c051  PinTypeUART                           
20006f71  Report                                
2000c343  ResetISR                              
20017a4c  RxIrqCnt                              
UNDEFED   SHT$$INIT_ARRAY$$Base                 
UNDEFED   SHT$$INIT_ARRAY$$Limit                
2000c105  SPICSDisable                          
2000c11d  SPICSEnable                           
20009a69  SPIConfigSetExpClk                    
2000c135  SPIDisable                            
2000c06b  SPIDmaDisable                         
2000c085  SPIDmaEnable                          
2000c14d  SPIEnable                             
2000c09f  SPIFIFODisable                        
2000c0b9  SPIFIFOEnable                         
2000baf9  SPIFIFOLevelSet                       
2000b555  SPIIntClear                           
2000b341  SPIIntEnable                          
2000c0d3  SPIIntUnregister                      
2000be0b  SPIReset                              
2000be2d  SPIWordCountSet                       
20005771  SimpleLinkGeneralEventHandler         
20005765  SimpleLinkHttpServerCallback          
20005635  SimpleLinkNetAppEventHandler          
200057e1  SimpleLinkPingReport                  
20005799  SimpleLinkSockEventHandler            
20005599  SimpleLinkWlanEventHandler            
2000b671  TimerConfigure                        
2000ba8d  TimerControlStall                     
2000bf11  TimerDisable                          
2000bf2f  TimerEnable                           
2000be91  TimerGetCurrentTimestamp              
2000c305  TimerIntClear                         
2000c165  TimerIntDisable                       
2000c17d  TimerIntEnable                        
2000aa35  TimerIntRegister                      
2000bf4d  TimerIntStatus                        
2000ac5d  TimerIntUnregister                    
2000bc3d  TimerLoadSet                          
2000bc67  TimerPrescaleSet                      
2000bfc3  TimerValueGet                         
20007c8f  Timer_IF_DeInit                       
20007cc1  Timer_IF_GetCount                     
20007bc9  Timer_IF_Init                         
20007bfb  Timer_IF_IntSetup                     
20007c47  Timer_IF_InterruptClear               
20007ca9  Timer_IF_ReLoad                       
20007c5f  Timer_IF_Start                        
20007c7f  Timer_IF_Stop                         
20006ed9  TrimSpace                             
2000bfdf  UARTCharGetNonBlocking                
2000bf6b  UARTCharPut                           
2000c195  UARTCharsAvail                        
2000a949  UARTConfigSetExpClk                   
2000bb2d  UARTDisable                           
2000bda1  UARTEnable                            
20005e3d  UDPTRANSMIT                           
2000c387  UtilsDelay                            
2000c7cc  _SlActionLookupTable                  
200099c5  _SlDriverHandleError                  
2000b59d  _SlDrvBasicCmd                        
20009705  _SlDrvCmdOp                           
2000ab85  _SlDrvCmdSend                         
20008159  _SlDrvDataWriteOp                     
20009ba5  _SlDrvDeviceEventHandler              
2000c317  _SlDrvDispatchHttpServerEvents        
200087b1  _SlDrvDriverCBDeinit                  
200077f9  _SlDrvDriverCBInit                    
2000bcb9  _SlDrvGlobalObjUnLock                 
2000a291  _SlDrvIsTimeoutExpired                
2000c24d  _SlDrvMemZero                         
20008f85  _SlDrvMsgReadSpawnCtx                 
200088e1  _SlDrvNetAppEventHandler              
2000bd31  _SlDrvObjLockWaitForever              
2000beb1  _SlDrvObjUnLock                       
2000b3d9  _SlDrvProtectAsyncRespSetting         
2000bc11  _SlDrvProtectionObjLockWaitForever    
2000bce1  _SlDrvProtectionObjUnLock             
20007471  _SlDrvReleasePoolObj                  
2000c327  _SlDrvResetCmdExt                     
2000b1a1  _SlDrvRxIrqHandler                    
2000bffb  _SlDrvStartMeasureTimeout             
2000bed1  _SlDrvSyncObjSignal                   
2000bd09  _SlDrvSyncObjWaitForever              
2000b6b5  _SlDrvSyncObjWaitTimeout              
20007ce1  _SlDrvWaitForPoolObj                  
2000c968  _SlNetAppSendTokenValueCmdCtrl        
2000a9c1  _SlNonOsMainLoopTask                  
200097c5  _SlNonOsSemGet                        
2000c1ad  _SlNonOsSemSet                        
2000ad2d  _SlNonOsSpawn                         
20030000  __STACK_END                           
00000800  __STACK_SIZE                          
00000800  __SYSMEM_SIZE                         
2000c9e8  __TI_CINIT_Base                       
2000c9f8  __TI_CINIT_Limit                      
2000c9d0  __TI_Handler_Table_Base               
2000c9dc  __TI_Handler_Table_Limit              
2000aaa5  __TI_auto_init                        
20017ac8  __TI_cleanup_ptr                      
2000acc5  __TI_decompress_lzss                  
2000c335  __TI_decompress_none                  
20017acc  __TI_dtors_ptr                        
20017ad0  __TI_enable_exit_profile_output       
ffffffff  __TI_pprof_out_hndl                   
20004c39  __TI_printfi                          
ffffffff  __TI_prof_data_size                   
ffffffff  __TI_prof_data_start                  
2000c998  __TI_static_base__                    
2000c369  __TI_zero_init                        
2000a545  __aeabi_cdcmpeq                       
2000a545  __aeabi_cdcmple                       
2000a5cb  __aeabi_cdrcmple                      
2000ab15  __aeabi_d2f                           
2000b5e5  __aeabi_d2iz                          
2000764b  __aeabi_dadd                          
20008679  __aeabi_ddiv                          
200089e5  __aeabi_dmul                          
20007641  __aeabi_dsub                          
20009f35  __aeabi_fdiv                          
2000bb5d  __aeabi_i2d                           
2000a855  __aeabi_memclr                        
2000a855  __aeabi_memclr4                       
2000a855  __aeabi_memclr8                       
20009b09  __aeabi_memcpy                        
20009b09  __aeabi_memcpy4                       
20009b09  __aeabi_memcpy8                       
2000a857  __aeabi_memset                        
2000a857  __aeabi_memset4                       
2000a857  __aeabi_memset8                       
2000bef1  __aeabi_ui2d                          
2000727d  __aeabi_uldivmod                      
ffffffff  __binit__                             
ffffffff  __c_args__                            
200077f7  __mpu_init                            
2002f800  __stack                               
2000c1dd  _args_main                            
2000b801  _c_int00                              
2000c390  _ctypes_                              
20017aec  _lock                                 
2000c2eb  _nop                                  
2000c2e3  _register_lock                        
2000c2dd  _register_unlock                      
2000ad91  _sl_HandleAsync_Accept                
2000a6d5  _sl_HandleAsync_Connect               
20009fc9  _sl_HandleAsync_DnsGetHostByName      
200094a9  _sl_HandleAsync_DnsGetHostByService   
2000a31d  _sl_HandleAsync_InitComplete          
2000a059  _sl_HandleAsync_PingResponse          
2000b1f5  _sl_HandleAsync_Select                
2000b2f1  _sl_HandleAsync_Stop                  
2000abf1  _sl_NetAppSendTokenValue              
20017000  _sys_memory                           
200087af  _system_post_cinit                    
2000c38d  _system_pre_init                      
20017af0  _unlock                               
2000b24d  abort                                 
2000b471  atoi                                  
ffffffff  binit                                 
20006d81  calloc                                
2000b4bd  copy_in                               
2000c37f  copysign                              
2000c37f  copysignl                             
20017af4  errno                                 
2000b255  exit                                  
20006acb  free                                  
2000b041  frexp                                 
2000b041  frexpl                                
20017ab8  g_SlDeviceStatus                      
20017ae0  g_SpiFd                               
20017a50  g__SlNonOsCB                          
20017a4d  g_bDeviceRestartIsRequired            
20017968  g_cBsdBuf                             
20017a4e  g_cDummy                              
20017abc  g_pCB                                 
20017ae4  g_pHostIntHdl                         
20004000  g_pfnVectors                          
20017ae8  g_ucDMAEnabled                        
200179e8  g_ucDinDout                           
20017aac  g_ucSimplelinkstarted                 
20017a98  g_uiGatewayIP                         
20017aa4  g_uiPortNum                           
20017aa0  g_ulDestinationIp                     
20017ab0  g_ulIpAddr                            
20017aa8  g_ulPacketCount                       
20017a94  g_ulPingPacketsRecv                   
20017a90  g_ulStaIp                             
20017a8c  g_ulStatus                            
20017ab4  lRetVal                               
200093d9  ldexp                                 
200093d9  ldexpl                                
2000b29d  ltoa                                  
20006215  main                                  
20017af8  main_func_sp                          
20006a61  malloc                                
20006c95  memalign                              
2000c017  memccpy                               
20009b09  memcpy                                
2000bdc5  memmove                               
2000a85d  memset                                
200069e1  minit                                 
20017a3c  ms                                    
20017ac0  pPingCallBackFunc                     
20005525  readADC                               
20006b8d  realloc                               
200093d9  scalbn                                
200093d9  scalbnl                               
2000b8f9  simplelink_timerA2_start              
20009575  sl_DevGet                             
2000b73d  sl_Htonl                              
2000b935  sl_Htons                              
2000906d  sl_NetAppMDNSRegisterUnregisterService
2000adf5  sl_NetAppMDNSUnRegisterService        
2000922d  sl_NetCfgGet                          
20009c41  sl_NetCfgSet                          
20008535  sl_SendTo                             
20009cd9  sl_SetSockOpt                         
2000a3a9  sl_Socket                             
20008db1  sl_Start                              
20008ae1  sl_Stop                               
2000ba55  sl_WlanDisconnect                     
2000a0e9  sl_WlanPolicySet                      
2000af81  sl_WlanProfileDel                     
2000a651  sl_WlanRxFilterSet                    
20009d71  sl_WlanSet                            
2000afe1  sl_WlanSetMode                        
2000a8d1  spi_Close                             
200082a9  spi_Open                              
20008bd1  spi_Read                              
20009e09  spi_Write                             
2000af21  sprintf                               
2000c263  strchr                                
2000c2f1  strlen                                
20006019  tdif                                  
20017a40  temp                                  
2000b509  uDMAChannelAssign                     
2000ae59  uDMAChannelAttributeDisable           
2000aebd  uDMAChannelAttributeEnable            
2000b971  uDMAChannelControlSet                 
2000c035  uDMAChannelEnable                     
20008cc1  uDMAChannelTransferSet                
20017a4f  ucDHCP                                
2000a4bd  vsnprintf                             
20017a44  x                                     
20017a48  y                                     


GLOBAL SYMBOLS: SORTED BY Symbol Address 

address   name                                  
-------   ----                                  
00000800  __STACK_SIZE                          
00000800  __SYSMEM_SIZE                         
20004000  g_pfnVectors                          
20004c39  __TI_printfi                          
20005525  readADC                               
20005599  SimpleLinkWlanEventHandler            
20005635  SimpleLinkNetAppEventHandler          
20005765  SimpleLinkHttpServerCallback          
20005771  SimpleLinkGeneralEventHandler         
20005799  SimpleLinkSockEventHandler            
200057e1  SimpleLinkPingReport                  
20005e3d  UDPTRANSMIT                           
20006019  tdif                                  
20006215  main                                  
200069e1  minit                                 
20006a61  malloc                                
20006acb  free                                  
20006b8d  realloc                               
20006c95  memalign                              
20006d81  calloc                                
20006db1  InitTerm                              
20006dcf  Message                               
20006df1  ClearTerm                             
20006dfb  Error                                 
20006e33  GetCmd                                
20006ed9  TrimSpace                             
20006f71  Report                                
2000727d  __aeabi_uldivmod                      
20007471  _SlDrvReleasePoolObj                  
20007641  __aeabi_dsub                          
2000764b  __aeabi_dadd                          
200077f7  __mpu_init                            
200077f9  _SlDrvDriverCBInit                    
20007bc9  Timer_IF_Init                         
20007bfb  Timer_IF_IntSetup                     
20007c47  Timer_IF_InterruptClear               
20007c5f  Timer_IF_Start                        
20007c7f  Timer_IF_Stop                         
20007c8f  Timer_IF_DeInit                       
20007ca9  Timer_IF_ReLoad                       
20007cc1  Timer_IF_GetCount                     
20007ce1  _SlDrvWaitForPoolObj                  
20007e71  PRCMCC3200MCUInit                     
20008159  _SlDrvDataWriteOp                     
200082a9  spi_Open                              
20008535  sl_SendTo                             
20008679  __aeabi_ddiv                          
200087af  _system_post_cinit                    
200087b1  _SlDrvDriverCBDeinit                  
200088e1  _SlDrvNetAppEventHandler              
200089e5  __aeabi_dmul                          
20008ae1  sl_Stop                               
20008bd1  spi_Read                              
20008cc1  uDMAChannelTransferSet                
20008db1  sl_Start                              
20008f85  _SlDrvMsgReadSpawnCtx                 
2000906d  sl_NetAppMDNSRegisterUnregisterService
2000922d  sl_NetCfgGet                          
20009305  PinMuxConfig                          
200093d9  ldexp                                 
200093d9  ldexpl                                
200093d9  scalbn                                
200093d9  scalbnl                               
200094a9  _sl_HandleAsync_DnsGetHostByService   
20009575  sl_DevGet                             
20009705  _SlDrvCmdOp                           
200097c5  _SlNonOsSemGet                        
20009875  IntDisable                            
2000991d  IntEnable                             
200099c5  _SlDriverHandleError                  
20009a69  SPIConfigSetExpClk                    
20009b09  __aeabi_memcpy                        
20009b09  __aeabi_memcpy4                       
20009b09  __aeabi_memcpy8                       
20009b09  memcpy                                
20009ba5  _SlDrvDeviceEventHandler              
20009c41  sl_NetCfgSet                          
20009cd9  sl_SetSockOpt                         
20009d71  sl_WlanSet                            
20009e09  spi_Write                             
20009ea1  PRCMPeripheralClockGet                
20009f35  __aeabi_fdiv                          
20009fc9  _sl_HandleAsync_DnsGetHostByName      
2000a059  _sl_HandleAsync_PingResponse          
2000a0e9  sl_WlanPolicySet                      
2000a291  _SlDrvIsTimeoutExpired                
2000a31d  _sl_HandleAsync_InitComplete          
2000a3a9  sl_Socket                             
2000a435  PinConfigSet                          
2000a4bd  vsnprintf                             
2000a545  __aeabi_cdcmpeq                       
2000a545  __aeabi_cdcmple                       
2000a5cb  __aeabi_cdrcmple                      
2000a651  sl_WlanRxFilterSet                    
2000a6d5  _sl_HandleAsync_Connect               
2000a855  __aeabi_memclr                        
2000a855  __aeabi_memclr4                       
2000a855  __aeabi_memclr8                       
2000a857  __aeabi_memset                        
2000a857  __aeabi_memset4                       
2000a857  __aeabi_memset8                       
2000a85d  memset                                
2000a8d1  spi_Close                             
2000a949  UARTConfigSetExpClk                   
2000a9c1  _SlNonOsMainLoopTask                  
2000aa35  TimerIntRegister                      
2000aaa5  __TI_auto_init                        
2000ab15  __aeabi_d2f                           
2000ab85  _SlDrvCmdSend                         
2000abf1  _sl_NetAppSendTokenValue              
2000ac5d  TimerIntUnregister                    
2000acc5  __TI_decompress_lzss                  
2000ad2d  _SlNonOsSpawn                         
2000ad91  _sl_HandleAsync_Accept                
2000adf5  sl_NetAppMDNSUnRegisterService        
2000ae59  uDMAChannelAttributeDisable           
2000aebd  uDMAChannelAttributeEnable            
2000af21  sprintf                               
2000af81  sl_WlanProfileDel                     
2000afe1  sl_WlanSetMode                        
2000b041  frexp                                 
2000b041  frexpl                                
2000b09d  IntPendClear                          
2000b0f5  PRCMPeripheralReset                   
2000b14d  IntPrioritySet                        
2000b1a1  _SlDrvRxIrqHandler                    
2000b1f5  _sl_HandleAsync_Select                
2000b249  C$$EXIT                               
2000b24d  abort                                 
2000b255  exit                                  
2000b29d  ltoa                                  
2000b2f1  _sl_HandleAsync_Stop                  
2000b341  SPIIntEnable                          
2000b3d9  _SlDrvProtectAsyncRespSetting         
2000b471  atoi                                  
2000b4bd  copy_in                               
2000b509  uDMAChannelAssign                     
2000b555  SPIIntClear                           
2000b59d  _SlDrvBasicCmd                        
2000b5e5  __aeabi_d2iz                          
2000b671  TimerConfigure                        
2000b6b5  _SlDrvSyncObjWaitTimeout              
2000b73d  sl_Htonl                              
2000b781  PinModeSet                            
2000b801  _c_int00                              
2000b841  NwpRegisterInterruptHandler           
2000b8bd  PRCMPeripheralClkEnable               
2000b8f9  simplelink_timerA2_start              
2000b935  sl_Htons                              
2000b971  uDMAChannelControlSet                 
2000b9ad  ADCChannelDisable                     
2000b9e5  ADCChannelEnable                      
2000ba1d  NwpPowerOff                           
2000ba55  sl_WlanDisconnect                     
2000ba8d  TimerControlStall                     
2000bac5  PRCMPeripheralStatusGet               
2000baf9  SPIFIFOLevelSet                       
2000bb2d  UARTDisable                           
2000bb5d  __aeabi_i2d                           
2000bb8d  NwpPowerOn                            
2000bbb9  PRCMSysResetCauseGet                  
2000bc11  _SlDrvProtectionObjLockWaitForever    
2000bc3d  TimerLoadSet                          
2000bc67  TimerPrescaleSet                      
2000bc91  PRCMPeripheralClkDisable              
2000bcb9  _SlDrvGlobalObjUnLock                 
2000bce1  _SlDrvProtectionObjUnLock             
2000bd09  _SlDrvSyncObjWaitForever              
2000bd31  _SlDrvObjLockWaitForever              
2000bd59  DmaSpiSwIntHandler                    
2000bd7d  IntUnregister                         
2000bda1  UARTEnable                            
2000bdc5  memmove                               
2000bde9  ADCTimerConfig                        
2000be0b  SPIReset                              
2000be2d  SPIWordCountSet                       
2000be51  IntRegister                           
2000be71  NwpPrePowerOffTimout0                 
2000be91  TimerGetCurrentTimestamp              
2000beb1  _SlDrvObjUnLock                       
2000bed1  _SlDrvSyncObjSignal                   
2000bef1  __aeabi_ui2d                          
2000bf11  TimerDisable                          
2000bf2f  TimerEnable                           
2000bf4d  TimerIntStatus                        
2000bf6b  UARTCharPut                           
2000bfa7  ADCFIFOLvlGet                         
2000bfc3  TimerValueGet                         
2000bfdf  UARTCharGetNonBlocking                
2000bffb  _SlDrvStartMeasureTimeout             
2000c017  memccpy                               
2000c035  uDMAChannelEnable                     
2000c051  PinTypeUART                           
2000c06b  SPIDmaDisable                         
2000c085  SPIDmaEnable                          
2000c09f  SPIFIFODisable                        
2000c0b9  SPIFIFOEnable                         
2000c0d3  SPIIntUnregister                      
2000c0ed  ADCFIFORead                           
2000c105  SPICSDisable                          
2000c11d  SPICSEnable                           
2000c135  SPIDisable                            
2000c14d  SPIEnable                             
2000c165  TimerIntDisable                       
2000c17d  TimerIntEnable                        
2000c195  UARTCharsAvail                        
2000c1ad  _SlNonOsSemSet                        
2000c1dd  _args_main                            
2000c1f5  ADCTimerDisable                       
2000c20b  ADCTimerEnable                        
2000c221  PRCMHIBRegRead                        
2000c237  PRCMHIBRegWrite                       
2000c24d  _SlDrvMemZero                         
2000c263  strchr                                
2000c279  ADCDisable                            
2000c28d  ADCEnable                             
2000c2a1  CPUcpsie                              
2000c2b5  IntVTableBaseSet                      
2000c2c9  PinTypeADC                            
2000c2dd  _register_unlock                      
2000c2e3  _register_lock                        
2000c2eb  _nop                                  
2000c2f1  strlen                                
2000c305  TimerIntClear                         
2000c317  _SlDrvDispatchHttpServerEvents        
2000c327  _SlDrvResetCmdExt                     
2000c335  __TI_decompress_none                  
2000c343  ResetISR                              
2000c351  NwpMaskInterrupt                      
2000c35d  NwpUnMaskInterrupt                    
2000c369  __TI_zero_init                        
2000c375  IntMasterEnable                       
2000c37f  copysign                              
2000c37f  copysignl                             
2000c387  UtilsDelay                            
2000c38d  _system_pre_init                      
2000c390  _ctypes_                              
2000c790  OpcodeTranslateTable                  
2000c7cc  _SlActionLookupTable                  
2000c968  _SlNetAppSendTokenValueCmdCtrl        
2000c998  __TI_static_base__                    
2000c9d0  __TI_Handler_Table_Base               
2000c9dc  __TI_Handler_Table_Limit              
2000c9e8  __TI_CINIT_Base                       
2000c9f8  __TI_CINIT_Limit                      
20017000  _sys_memory                           
20017968  g_cBsdBuf                             
200179e8  g_ucDinDout                           
20017a3c  ms                                    
20017a40  temp                                  
20017a44  x                                     
20017a48  y                                     
20017a4c  RxIrqCnt                              
20017a4d  g_bDeviceRestartIsRequired            
20017a4e  g_cDummy                              
20017a4f  ucDHCP                                
20017a50  g__SlNonOsCB                          
20017a8c  g_ulStatus                            
20017a90  g_ulStaIp                             
20017a94  g_ulPingPacketsRecv                   
20017a98  g_uiGatewayIP                         
20017a9c  DestIp                                
20017aa0  g_ulDestinationIp                     
20017aa4  g_uiPortNum                           
20017aa8  g_ulPacketCount                       
20017aac  g_ucSimplelinkstarted                 
20017ab0  g_ulIpAddr                            
20017ab4  lRetVal                               
20017ab8  g_SlDeviceStatus                      
20017abc  g_pCB                                 
20017ac0  pPingCallBackFunc                     
20017ac8  __TI_cleanup_ptr                      
20017acc  __TI_dtors_ptr                        
20017ad0  __TI_enable_exit_profile_output       
20017ae0  g_SpiFd                               
20017ae4  g_pHostIntHdl                         
20017ae8  g_ucDMAEnabled                        
20017aec  _lock                                 
20017af0  _unlock                               
20017af4  errno                                 
20017af8  main_func_sp                          
2002f800  __stack                               
20030000  __STACK_END                           
ffffffff  __TI_pprof_out_hndl                   
ffffffff  __TI_prof_data_size                   
ffffffff  __TI_prof_data_start                  
ffffffff  __binit__                             
ffffffff  __c_args__                            
ffffffff  binit                                 
UNDEFED   SHT$$INIT_ARRAY$$Base                 
UNDEFED   SHT$$INIT_ARRAY$$Limit                

[291 symbols]
