******************************************************************************
                  TI ARM Linker PC v16.9.4                     
******************************************************************************
>> Linked Sun Sep 29 22:54:21 2019

OUTPUT FILE NAME:   <USR 1-Axis gyro with telemetry udp VOLTAGE.out>
ENTRY POINT SYMBOL: "_c_int00"  address: 2000c709


MEMORY CONFIGURATION

         name            origin    length      used     unused   attr    fill
----------------------  --------  ---------  --------  --------  ----  --------
  SRAM_CODE             20004000   00013000  00009af0  00009510  RW X
  SRAM_DATA             20017000   00019000  00001404  00017bfc  RW X


SEGMENT ALLOCATION MAP

run origin  load origin   length   init length attrs members
----------  ----------- ---------- ----------- ----- -------
20004000    20004000    00009af0   00009af0    r-x
  20004000    20004000    00000400   00000400    r-- .intvecs
  20004400    20004400    00009078   00009078    r-x .text
  2000d478    2000d478    00000618   00000618    r-- .const
  2000da90    2000da90    00000060   00000060    r-- .cinit
20017000    20017000    00000c04   00000000    rw-
  20017000    20017000    00000800   00000000    rw- .sysmem
  20017800    20017800    00000370   00000000    rw- .bss
  20017b70    20017b70    00000094   00000000    rw- .data
2002f800    2002f800    00000800   00000000    rw-
  2002f800    2002f800    00000800   00000000    rw- .stack


SECTION ALLOCATION MAP

 output                                  attributes/
section   page    origin      length       input sections
--------  ----  ----------  ----------   ----------------
.intvecs   0    20004000    00000400     
                  20004000    00000400     startup_ccs.obj (.intvecs)

.init_array 
*          0    20004000    00000000     UNINITIALIZED

.text      0    20004400    00009078     
                  20004400    00001974     main.obj (.text)
                  20005d74    00001122     rtsv7M4_T_le_eabi.lib : _printfi.obj (.text)
                  20006e96    00000002     driverlib.a : interrupt.obj (.text:IntDefaultHandler)
                  20006e98    00000590     simplelink.a : driver.obj (.text:_SlDrvMsgRead)
                  20007428    000003d0     rtsv7M4_T_le_eabi.lib : memory.obj (.text)
                  200077f8    00000284     i2c_if.obj (.text)
                  20007a7c    00000280     uart_if.obj (.text)
                  20007cfc    0000024c     simplelink.a : driver.obj (.text:_SlDrvRxHdrRead)
                  20007f48    000001f4     rtsv7M4_T_le_eabi.lib : ull_div_t2.obj (.text)
                  2000813c    000001d0     simplelink.a : driver.obj (.text:_SlDrvReleasePoolObj)
                  2000830c    000001b6     rtsv7M4_T_le_eabi.lib : fd_add_t2.obj (.text)
                  200084c2    00000002                           : mpu_init.obj (.text)
                  200084c4    000001b4     simplelink.a : driver.obj (.text:_SlDrvDriverCBInit)
                  20008678    0000019c                  : driver.obj (.text:_SlDrvMsgWrite)
                  20008814    00000198     timer_if.obj (.text)
                  200089ac    00000190     simplelink.a : driver.obj (.text:_SlDrvWaitForPoolObj)
                  20008b3c    00000178     driverlib.a : prcm.obj (.text:PRCMCC3200MCUInit)
                  20008cb4    00000170     simplelink.a : driver.obj (.text:_SlFindAndSetActiveObj)
                  20008e24    00000150                  : driver.obj (.text:_SlDrvDataWriteOp)
                  20008f74    00000148                  : cc_pal.obj (.text:spi_Open)
                  200090bc    00000144                  : driver.obj (.text:_SlDrvMsgReadCmdCtx)
                  20009200    00000144                  : socket.obj (.text:sl_SendTo)
                  20009344    00000136     rtsv7M4_T_le_eabi.lib : fd_div_t2.obj (.text)
                  2000947a    00000002                           : startup.obj (.text)
                  2000947c    00000130     simplelink.a : driver.obj (.text:_SlDrvDriverCBDeinit)
                  200095ac    00000104                  : netapp.obj (.text:_SlDrvNetAppEventHandler)
                  200096b0    000000fc     rtsv7M4_T_le_eabi.lib : fd_mul_t2.obj (.text)
                  200097ac    000000fa                           : fs_add_t2.obj (.text)
                  200098a6    00000002     --HOLE-- [fill = 0]
                  200098a8    000000f0     simplelink.a : device.obj (.text:sl_Stop)
                  20009998    000000f0                  : cc_pal.obj (.text:spi_Read)
                  20009a88    000000f0     driverlib.a : udma.obj (.text:uDMAChannelTransferSet)
                  20009b78    000000ec     pin_mux_config.obj (.text)
                  20009c64    000000ec     simplelink.a : device.obj (.text:sl_Start)
                  20009d50    000000e8                  : driver.obj (.text:_SlAsyncEventGenericHandler)
                  20009e38    000000e8                  : driver.obj (.text:_SlDrvMsgReadSpawnCtx)
                  20009f20    000000e4                  : netapp.obj (.text:sl_NetAppMDNSRegisterUnregisterService)
                  2000a004    000000dc                  : driver.obj (.text:_SlDrvClassifyRxMsg)
                  2000a0e0    000000d8                  : netcfg.obj (.text:sl_NetCfgGet)
                  2000a1b8    000000d0     rtsv7M4_T_le_eabi.lib : s_scalbn.obj (.text)
                  2000a288    000000cc     simplelink.a : netapp.obj (.text:_sl_HandleAsync_DnsGetHostByService)
                  2000a354    000000cc                  : device.obj (.text:sl_DevGet)
                  2000a420    000000c4                  : driver.obj (.text:_SlRemoveFromList)
                  2000a4e4    000000c0                  : driver.obj (.text:_SlDrvCmdOp)
                  2000a5a4    000000b0                  : nonos.obj (.text:_SlNonOsSemGet)
                  2000a654    000000a8     driverlib.a : interrupt.obj (.text:IntDisable)
                  2000a6fc    000000a8                 : interrupt.obj (.text:IntEnable)
                  2000a7a4    000000a4     simplelink.a : driver.obj (.text:_SlDriverHandleError)
                  2000a848    000000a0     driverlib.a : spi.obj (.text:SPIConfigSetExpClk)
                  2000a8e8    0000009c     rtsv7M4_T_le_eabi.lib : memcpy_t2.obj (.text)
                  2000a984    0000009a     simplelink.a : device.obj (.text:_SlDrvDeviceEventHandler)
                  2000aa1e    00000002     --HOLE-- [fill = 0]
                  2000aa20    00000098                  : netcfg.obj (.text:sl_NetCfgSet)
                  2000aab8    00000098                  : socket.obj (.text:sl_SetSockOpt)
                  2000ab50    00000098                  : wlan.obj (.text:sl_WlanSet)
                  2000abe8    00000098                  : cc_pal.obj (.text:spi_Write)
                  2000ac80    00000094     driverlib.a : prcm.obj (.text:PRCMPeripheralClockGet)
                  2000ad14    00000090     simplelink.a : netapp.obj (.text:_sl_HandleAsync_DnsGetHostByName)
                  2000ada4    00000090                  : netapp.obj (.text:_sl_HandleAsync_PingResponse)
                  2000ae34    00000090                  : wlan.obj (.text:sl_WlanPolicySet)
                  2000aec4    0000008c                  : cc_pal.obj (.text:SetupDMAReceive)
                  2000af50    0000008c                  : cc_pal.obj (.text:SetupDMASend)
                  2000afdc    0000008c                  : driver.obj (.text:_SlDrvIsTimeoutExpired)
                  2000b068    0000008c                  : device.obj (.text:_sl_HandleAsync_InitComplete)
                  2000b0f4    0000008c                  : socket.obj (.text:sl_Socket)
                  2000b180    00000088     driverlib.a : pin.obj (.text:PinConfigSet)
                  2000b208    00000088     rtsv7M4_T_le_eabi.lib : vsnprintf.obj (.text)
                  2000b290    00000086                           : fd_cmp_t2.obj (.text:__aeabi_cdcmple)
                  2000b316    00000086                           : fd_cmp_t2.obj (.text:__aeabi_cdrcmple)
                  2000b39c    00000084     driverlib.a : i2c.obj (.text:I2CMasterInitExpClk)
                  2000b420    00000084     simplelink.a : wlan.obj (.text:sl_WlanRxFilterSet)
                  2000b4a4    00000080                  : socket.obj (.text:_sl_HandleAsync_Connect)
                  2000b524    00000080                  : cc_pal.obj (.text:spi_Read_CPU)
                  2000b5a4    00000080                  : cc_pal.obj (.text:spi_Write_CPU)
                  2000b624    0000007a     rtsv7M4_T_le_eabi.lib : fs_mul_t2.obj (.text)
                  2000b69e    0000007a                           : memset_t2.obj (.text)
                  2000b718    00000078     simplelink.a : cc_pal.obj (.text:spi_Close)
                  2000b790    00000076     driverlib.a : uart.obj (.text:UARTConfigSetExpClk)
                  2000b806    00000002     --HOLE-- [fill = 0]
                  2000b808    00000074     simplelink.a : nonos.obj (.text:_SlNonOsMainLoopTask)
                  2000b87c    00000070     driverlib.a : timer.obj (.text:TimerIntRegister)
                  2000b8ec    00000070     rtsv7M4_T_le_eabi.lib : autoinit.obj (.text)
                  2000b95c    0000006e                           : fd_tos_t2.obj (.text)
                  2000b9ca    00000002     --HOLE-- [fill = 0]
                  2000b9cc    0000006c     simplelink.a : driver.obj (.text:_SlDrvCmdSend)
                  2000ba38    0000006c                  : netapp.obj (.text:_sl_NetAppSendTokenValue)
                  2000baa4    00000068     driverlib.a : adc.obj (.text:ADCIntEnable)
                  2000bb0c    00000068                 : timer.obj (.text:TimerIntUnregister)
                  2000bb74    00000068     rtsv7M4_T_le_eabi.lib : copy_decompress_lzss.obj (.text:decompress:lzss)
                  2000bbdc    00000064     simplelink.a : nonos.obj (.text:_SlNonOsSpawn)
                  2000bc40    00000064                  : socket.obj (.text:_sl_HandleAsync_Accept)
                  2000bca4    00000064                  : netapp.obj (.text:sl_NetAppMDNSUnRegisterService)
                  2000bd08    00000064     driverlib.a : udma.obj (.text:uDMAChannelAttributeDisable)
                  2000bd6c    00000064                 : udma.obj (.text:uDMAChannelAttributeEnable)
                  2000bdd0    00000060     rtsv7M4_T_le_eabi.lib : sprintf.obj (.text)
                  2000be30    00000060     simplelink.a : wlan.obj (.text:sl_WlanProfileDel)
                  2000be90    00000060                  : wlan.obj (.text:sl_WlanSetMode)
                  2000bef0    0000005c     rtsv7M4_T_le_eabi.lib : s_frexp.obj (.text)
                  2000bf4c    00000058     driverlib.a : adc.obj (.text:ADCIntClear)
                  2000bfa4    00000058                 : interrupt.obj (.text:IntPendClear)
                  2000bffc    00000058                 : prcm.obj (.text:PRCMPeripheralReset)
                  2000c054    00000054                 : interrupt.obj (.text:IntPrioritySet)
                  2000c0a8    00000054     simplelink.a : driver.obj (.text:_SlDrvRxIrqHandler)
                  2000c0fc    00000054                  : socket.obj (.text:_sl_HandleAsync_Select)
                  2000c150    00000054     rtsv7M4_T_le_eabi.lib : exit.obj (.text)
                  2000c1a4    00000054                           : ltoa.obj (.text)
                  2000c1f8    00000050     simplelink.a : device.obj (.text:_sl_HandleAsync_Stop)
                  2000c248    0000004c     driverlib.a : spi.obj (.text:SPIIntEnable)
                  2000c294    0000004c                 : spi.obj (.text:SPIIntNumberGet)
                  2000c2e0    0000004c     simplelink.a : driver.obj (.text:_SlDrvProtectAsyncRespSetting)
                  2000c32c    0000004c                  : socket.obj (.text:_sl_BuildAddress)
                  2000c378    0000004c     rtsv7M4_T_le_eabi.lib : atoi.obj (.text)
                  2000c3c4    0000004c                           : cpy_tbl.obj (.text)
                  2000c410    0000004c     driverlib.a : udma.obj (.text:uDMAChannelAssign)
                  2000c45c    00000048                 : spi.obj (.text:SPIIntClear)
                  2000c4a4    00000048     simplelink.a : driver.obj (.text:_SlDrvBasicCmd)
                  2000c4ec    00000048     rtsv7M4_T_le_eabi.lib : fd_toi_t2.obj (.text)
                  2000c534    00000044     driverlib.a : spi.obj (.text:SPIDmaMaskGet)
                  2000c578    00000044                 : timer.obj (.text:TimerConfigure)
                  2000c5bc    00000044     simplelink.a : driver.obj (.text:_SlDrvSyncObjWaitTimeout)
                  2000c600    00000044                  : cc_pal.obj (.text:cc_SetupTransfer)
                  2000c644    00000042                  : socket.obj (.text:sl_Htonl)
                  2000c686    00000002     --HOLE-- [fill = 0]
                  2000c688    00000040     driverlib.a : pin.obj (.text:PinModeSet)
                  2000c6c8    00000040     simplelink.a : socket.obj (.text:_sl_TruncatePayloadByProtocol)
                  2000c708    00000040     rtsv7M4_T_le_eabi.lib : boot.obj (.text)
                  2000c748    0000003e     driverlib.a : adc.obj (.text:ADCIntRegister)
                  2000c786    0000003e     simplelink.a : cc_pal.obj (.text:NwpRegisterInterruptHandler)
                  2000c7c4    0000003c                  : netapp.obj (.text:CopyPingResultsToReport)
                  2000c800    0000003c     driverlib.a : prcm.obj (.text:PRCMPeripheralClkEnable)
                  2000c83c    0000003c     simplelink.a : cc_pal.obj (.text:simplelink_timerA2_start)
                  2000c878    0000003c                  : socket.obj (.text:sl_Htons)
                  2000c8b4    0000003c     driverlib.a : udma.obj (.text:uDMAChannelControlSet)
                  2000c8f0    00000038                 : adc.obj (.text:ADCChannelEnable)
                  2000c928    00000038     simplelink.a : cc_pal.obj (.text:NwpPowerOff)
                  2000c960    00000038     rtsv7M4_T_le_eabi.lib : fs_tod_t2.obj (.text)
                  2000c998    00000038                           : fs_toi_t2.obj (.text)
                  2000c9d0    00000038     simplelink.a : wlan.obj (.text:sl_WlanDisconnect)
                  2000ca08    00000036     driverlib.a : timer.obj (.text:TimerControlStall)
                  2000ca3e    00000002     --HOLE-- [fill = 0]
                  2000ca40    00000034                 : prcm.obj (.text:PRCMPeripheralStatusGet)
                  2000ca74    00000034                 : spi.obj (.text:SPIFIFOLevelSet)
                  2000caa8    00000030                 : timer.obj (.text:TimerControlEvent)
                  2000cad8    00000030                 : uart.obj (.text:UARTDisable)
                  2000cb08    0000002e     rtsv7M4_T_le_eabi.lib : i_tofd_t2.obj (.text)
                  2000cb36    0000002c     driverlib.a : i2c.obj (.text:I2CMasterErr)
                  2000cb62    00000002     --HOLE-- [fill = 0]
                  2000cb64    0000002c     simplelink.a : cc_pal.obj (.text:NwpPowerOn)
                  2000cb90    0000002c     driverlib.a : prcm.obj (.text:PRCMSysResetCauseGet)
                  2000cbbc    0000002c     simplelink.a : driver.obj (.text:_SlDrvObjGlobalLockWaitForever)
                  2000cbe8    0000002c                  : driver.obj (.text:_SlDrvProtectionObjLockWaitForever)
                  2000cc14    0000002a     driverlib.a : timer.obj (.text:TimerLoadSet)
                  2000cc3e    0000002a                 : timer.obj (.text:TimerMatchSet)
                  2000cc68    0000002a                 : timer.obj (.text:TimerPrescaleMatchSet)
                  2000cc92    0000002a                 : timer.obj (.text:TimerPrescaleSet)
                  2000ccbc    00000028                 : prcm.obj (.text:PRCMPeripheralClkDisable)
                  2000cce4    00000028     simplelink.a : driver.obj (.text:_SlDrvGlobalObjUnLock)
                  2000cd0c    00000028                  : driver.obj (.text:_SlDrvProtectionObjUnLock)
                  2000cd34    00000028                  : driver.obj (.text:_SlDrvSyncObjWaitForever)
                  2000cd5c    00000026                  : driver.obj (.text:_SlDrvObjLockWaitForever)
                  2000cd82    00000002     --HOLE-- [fill = 0]
                  2000cd84    00000024                  : cc_pal.obj (.text:DmaSpiSwIntHandler)
                  2000cda8    00000024     driverlib.a : interrupt.obj (.text:IntUnregister)
                  2000cdcc    00000024                 : uart.obj (.text:UARTEnable)
                  2000cdf0    00000024     rtsv7M4_T_le_eabi.lib : memmov.obj (.text)
                  2000ce14    00000022     driverlib.a : adc.obj (.text:ADCTimerConfig)
                  2000ce36    00000022                 : i2c.obj (.text:I2CMasterSlaveAddrSet)
                  2000ce58    00000022                 : spi.obj (.text:SPIReset)
                  2000ce7a    00000022                 : spi.obj (.text:SPIWordCountSet)
                  2000ce9c    00000020                 : interrupt.obj (.text:IntRegister)
                  2000cebc    00000020     simplelink.a : cc_pal.obj (.text:NwpPrePowerOffTimout0)
                  2000cedc    00000020                  : cc_pal.obj (.text:TimerGetCurrentTimestamp)
                  2000cefc    00000020                  : driver.obj (.text:_SlDrvObjUnLock)
                  2000cf1c    00000020                  : driver.obj (.text:_SlDrvSyncObjSignal)
                  2000cf3c    00000020     rtsv7M4_T_le_eabi.lib : u_tofd_t2.obj (.text)
                  2000cf5c    0000001e     driverlib.a : i2c.obj (.text:I2CMasterIntStatusEx)
                  2000cf7a    0000001e                 : timer.obj (.text:TimerDisable)
                  2000cf98    0000001e                 : timer.obj (.text:TimerEnable)
                  2000cfb6    0000001e                 : timer.obj (.text:TimerIntStatus)
                  2000cfd4    0000001e                 : uart.obj (.text:UARTCharPut)
                  2000cff2    0000001e     simplelink.a : cc_pal.obj (.text:cc_UDMAChannelSelect)
                  2000d010    0000001c     driverlib.a : adc.obj (.text:ADCFIFOLvlGet)
                  2000d02c    0000001c                 : pin.obj (.text:PinTypeI2C)
                  2000d048    0000001c                 : timer.obj (.text:TimerValueGet)
                  2000d064    0000001c                 : uart.obj (.text:UARTCharGetNonBlocking)
                  2000d080    0000001c     simplelink.a : driver.obj (.text:_SlDrvStartMeasureTimeout)
                  2000d09c    0000001c     rtsv7M4_T_le_eabi.lib : memccpy.obj (.text)
                  2000d0b8    0000001c     driverlib.a : udma.obj (.text:uDMAChannelEnable)
                  2000d0d4    0000001a                 : pin.obj (.text:PinTypeTimer)
                  2000d0ee    0000001a                 : pin.obj (.text:PinTypeUART)
                  2000d108    0000001a                 : spi.obj (.text:SPIDmaDisable)
                  2000d122    0000001a                 : spi.obj (.text:SPIDmaEnable)
                  2000d13c    0000001a                 : spi.obj (.text:SPIFIFODisable)
                  2000d156    0000001a                 : spi.obj (.text:SPIFIFOEnable)
                  2000d170    0000001a                 : spi.obj (.text:SPIIntUnregister)
                  2000d18a    00000018                 : adc.obj (.text:ADCFIFORead)
                  2000d1a2    00000018                 : spi.obj (.text:SPICSDisable)
                  2000d1ba    00000018                 : spi.obj (.text:SPICSEnable)
                  2000d1d2    00000018                 : spi.obj (.text:SPIDisable)
                  2000d1ea    00000018                 : spi.obj (.text:SPIEnable)
                  2000d202    00000018                 : timer.obj (.text:TimerIntDisable)
                  2000d21a    00000018                 : timer.obj (.text:TimerIntEnable)
                  2000d232    00000018                 : uart.obj (.text:UARTCharsAvail)
                  2000d24a    00000018     simplelink.a : nonos.obj (.text:_SlNonOsSemSet)
                  2000d262    00000002     --HOLE-- [fill = 0]
                  2000d264    00000018                  : device.obj (.text:_sl_GetStartResponseConvert)
                  2000d27c    00000018     rtsv7M4_T_le_eabi.lib : args_main.obj (.text)
                  2000d294    00000016     driverlib.a : adc.obj (.text:ADCTimerEnable)
                  2000d2aa    00000016                 : i2c.obj (.text:I2CMasterDataPut)
                  2000d2c0    00000016                 : i2c.obj (.text:I2CMasterEnable)
                  2000d2d6    00000016                 : prcm.obj (.text:PRCMHIBRegRead)
                  2000d2ec    00000016                 : prcm.obj (.text:PRCMHIBRegWrite)
                  2000d302    00000016     simplelink.a : driver.obj (.text:_SlDrvMemZero)
                  2000d318    00000016     rtsv7M4_T_le_eabi.lib : strchr.obj (.text)
                  2000d32e    00000014     driverlib.a : adc.obj (.text:ADCEnable)
                  2000d342    00000014                 : cpu.obj (.text:CPUcpsie)
                  2000d356    00000002     --HOLE-- [fill = 0]
                  2000d358    00000014                 : interrupt.obj (.text:IntVTableBaseSet)
                  2000d36c    00000014                 : pin.obj (.text:PinTypeADC)
                  2000d380    00000014     rtsv7M4_T_le_eabi.lib : _lock.obj (.text)
                  2000d394    00000014                           : strlen.obj (.text)
                  2000d3a8    00000012     driverlib.a : i2c.obj (.text:I2CMasterControl)
                  2000d3ba    00000012                 : i2c.obj (.text:I2CMasterIntClearEx)
                  2000d3cc    00000012                 : i2c.obj (.text:I2CMasterTimeoutSet)
                  2000d3de    00000012                 : timer.obj (.text:TimerIntClear)
                  2000d3f0    00000010     simplelink.a : driver.obj (.text:_SlDrvDispatchHttpServerEvents)
                  2000d400    0000000e     driverlib.a : i2c.obj (.text:I2CMasterDataGet)
                  2000d40e    0000000e     simplelink.a : driver.obj (.text:_SlDrvResetCmdExt)
                  2000d41c    0000000e     rtsv7M4_T_le_eabi.lib : copy_decompress_none.obj (.text:decompress:none)
                  2000d42a    0000000e     startup_ccs.obj (.text)
                  2000d438    0000000c     simplelink.a : cc_pal.obj (.text:NwpMaskInterrupt)
                  2000d444    0000000c                  : cc_pal.obj (.text:NwpUnMaskInterrupt)
                  2000d450    0000000c     rtsv7M4_T_le_eabi.lib : copy_zero_init.obj (.text:decompress:ZI)
                  2000d45c    0000000a     driverlib.a : interrupt.obj (.text:IntMasterEnable)
                  2000d466    00000008     rtsv7M4_T_le_eabi.lib : s_copysign.obj (.text)
                  2000d46e    00000006     driverlib.a : utils.obj (.text:UtilsDelay)
                  2000d474    00000004     rtsv7M4_T_le_eabi.lib : pre_init.obj (.text)

.const     0    2000d478    00000618     
                  2000d478    00000101     rtsv7M4_T_le_eabi.lib : ctype.obj (.const:.string:_ctypes_)
                  2000d579    00000003     --HOLE-- [fill = 0]
                  2000d57c    00000100     driverlib.a : pin.obj (.const:g_ulPinToPadMap)
                  2000d67c    000000d4                 : interrupt.obj (.const:g_pulRegs)
                  2000d750    000000a8                 : prcm.obj (.const:PRCM_PeriphRegsList)
                  2000d7f8    00000080                 : interrupt.obj (.const)
                  2000d878    0000003c     simplelink.a : driver.obj (.const:OpcodeTranslateTable)
                  2000d8b4    00000038                  : driver.obj (.const:_SlActionLookupTable)
                  2000d8ec    0000002c     main.obj (.const:$P$T1$2)
                  2000d918    00000024     driverlib.a : spi.obj (.const:g_ppulSPIIntMap)
                  2000d93c    00000022     main.obj (.const:.string:$P$T0$1)
                  2000d95e    00000021     main.obj (.const:.string:$P$T4$5)
                  2000d97f    00000001     --HOLE-- [fill = 0]
                  2000d980    00000020     simplelink.a : driver.obj (.const:RxMsgClassLUT)
                  2000d9a0    00000018     driverlib.a : spi.obj (.const)
                  2000d9b8    00000014     simplelink.a : driver.obj (.const:$P$T0$1)
                  2000d9cc    00000014                  : nonos.obj (.const:$P$T0$1)
                  2000d9e0    00000014     main.obj (.const:$P$T2$3)
                  2000d9f4    00000011     main.obj (.const:.string:$P$T5$6)
                  2000da05    00000003     --HOLE-- [fill = 0]
                  2000da08    00000010     main.obj (.const:$P$T6$7)
                  2000da18    00000010     simplelink.a : socket.obj (.const:.string:_SlPayloadByProtocolLUT)
                  2000da28    0000000e     main.obj (.const:.string:$P$T3$4)
                  2000da36    0000000a     main.obj (.const)
                  2000da40    00000008     simplelink.a : device.obj (.const:StartResponseLUT)
                  2000da48    00000008                  : driver.obj (.const:g_H2NCnysPattern)
                  2000da50    00000008                  : driver.obj (.const:g_H2NSyncPattern)
                  2000da58    00000004                  : socket.obj (.const:$P$T1$2)
                  2000da5c    00000004                  : device.obj (.const:_SlDeviceGetCmdCtrl)
                  2000da60    00000004                  : netapp.obj (.const:_SlNetAppSendTokenValueCmdCtrl)
                  2000da64    00000004                  : netcfg.obj (.const:_SlNetCfgGetCmdCtrl)
                  2000da68    00000004                  : netcfg.obj (.const:_SlNetCfgSetCmdCtrl)
                  2000da6c    00000004                  : wlan.obj (.const:_SlPolicySetCmdCtrl)
                  2000da70    00000004                  : wlan.obj (.const:_SlProfileDelCmdCtrl)
                  2000da74    00000004                  : netapp.obj (.const:_SlRegisterServiceCtrl)
                  2000da78    00000004                  : wlan.obj (.const:_SlRxFilterSetCmdCtrl)
                  2000da7c    00000004                  : socket.obj (.const:_SlSetSockOptCmdCtrl)
                  2000da80    00000004                  : socket.obj (.const:_SlSockSocketCmdCtrl)
                  2000da84    00000004                  : device.obj (.const:_SlStopCmdCtrl)
                  2000da88    00000004                  : wlan.obj (.const:_SlWlanCfgSetCmdCtrl)
                  2000da8c    00000004                  : wlan.obj (.const:_SlWlanSetModeCmdCtrl)

.cinit     0    2000da90    00000060     
                  2000da90    00000038     (.cinit..data.load) [load image, compression = lzss]
                  2000dac8    0000000c     (__TI_handler_table)
                  2000dad4    00000004     --HOLE-- [fill = 0]
                  2000dad8    00000008     (.cinit..bss.load) [load image, compression = zero_init]
                  2000dae0    00000010     (__TI_cinit_table)

.sysmem    0    20017000    00000800     UNINITIALIZED
                  20017000    00000008     rtsv7M4_T_le_eabi.lib : memory.obj (.sysmem)
                  20017008    000007f8     --HOLE--

.bss       0    20017800    00000370     UNINITIALIZED
                  20017800    00000168     simplelink.a : driver.obj (.bss:g_StatMem)
                  20017968    00000080     (.common:g_cBsdBuf)
                  200179e8    00000050     (.common:g_ucDinDout)
                  20017a38    00000010     (.common:sAddr)
                  20017a48    0000000c     (.common:i2cbuf)
                  20017a54    00000004     uart_if.obj (.bss)
                  20017a58    00000008     (.common:D)
                  20017a60    00000008     (.common:Kd)
                  20017a68    00000008     (.common:Kp)
                  20017a70    00000008     (.common:P)
                  20017a78    00000008     (.common:beta1)
                  20017a80    00000008     (.common:beta2)
                  20017a88    00000008     (.common:i)
                  20017a90    00000008     (.common:indeg)
                  20017a98    00000008     (.common:lamda1)
                  20017aa0    00000008     (.common:lamda2)
                  20017aa8    00000008     (.common:samplesA)
                  20017ab0    00000008     (.common:samplesB)
                  20017ab8    00000008     (.common:xcumul)
                  20017ac0    00000008     (.common:xerr)
                  20017ac8    00000008     (.common:xrate)
                  20017ad0    00000008     (.common:ycumul)
                  20017ad8    00000008     (.common:yerr)
                  20017ae0    00000008     (.common:yrate)
                  20017ae8    00000008     (.common:zcumul)
                  20017af0    00000008     (.common:zerr)
                  20017af8    00000008     (.common:zrate)
                  20017b00    00000004     (.common:DestIp)
                  20017b04    00000004     (.common:NODATA)
                  20017b08    00000004     (.common:c)
                  20017b0c    00000004     (.common:dataavailable)
                  20017b10    00000004     (.common:g_uiGatewayIP)
                  20017b14    00000004     (.common:g_ulDestinationIp)
                  20017b18    00000004     (.common:g_ulIpAddr)
                  20017b1c    00000004     (.common:g_ulPingPacketsRecv)
                  20017b20    00000004     (.common:g_ulStaIp)
                  20017b24    00000004     (.common:g_ulStatus)
                  20017b28    00000004     (.common:iAddrSize)
                  20017b2c    00000004     (.common:iSockID)
                  20017b30    00000004     (.common:iStatus)
                  20017b34    00000004     (.common:invalid_pulses)
                  20017b38    00000004     (.common:k)
                  20017b3c    00000004     (.common:lLoopCount)
                  20017b40    00000004     (.common:m)
                  20017b44    00000004     (.common:ms1)
                  20017b48    00000004     (.common:ms2)
                  20017b4c    00000004     (.common:outMatchDeg)
                  20017b50    00000004     (.common:settingsbuf)
                  20017b54    00000004     (.common:udpSendCounter)
                  20017b58    00000004     (.common:valAdc)
                  20017b5c    00000004     (.common:valid_pulses)
                  20017b60    00000004     (.common:waiting)
                  20017b64    00000002     (.common:sTestBufLen)
                  20017b66    00000001     (.common:RxIrqCnt)
                  20017b67    00000001     (.common:above)
                  20017b68    00000001     (.common:coeffrdy)
                  20017b69    00000001     (.common:drdy)
                  20017b6a    00000001     (.common:g_bDeviceRestartIsRequired)
                  20017b6b    00000001     (.common:g_cDummy)
                  20017b6c    00000001     (.common:insideInt)
                  20017b6d    00000001     (.common:rdy)
                  20017b6e    00000001     (.common:ucDHCP)
                  20017b6f    00000001     (.common:withinLoop)

.data      0    20017b70    00000094     UNINITIALIZED
                  20017b70    0000003c     simplelink.a : nonos.obj (.data:g__SlNonOsCB)
                  20017bac    00000014     main.obj (.data)
                  20017bc0    0000000d     simplelink.a : driver.obj (.data)
                  20017bcd    00000003     --HOLE--
                  20017bd0    0000000c     rtsv7M4_T_le_eabi.lib : exit.obj (.data:$O1$$)
                  20017bdc    0000000c                           : memory.obj (.data:$O1$$)
                  20017be8    00000009     simplelink.a : cc_pal.obj (.data)
                  20017bf1    00000003     --HOLE--
                  20017bf4    00000008     rtsv7M4_T_le_eabi.lib : _lock.obj (.data:$O1$$)
                  20017bfc    00000004                           : errno.obj (.data)
                  20017c00    00000004                           : stkdepth_vars.obj (.data)

.stack     0    2002f800    00000800     UNINITIALIZED
                  2002f800    00000800     --HOLE--

MODULE SUMMARY

       Module                     code    ro data   rw data
       ------                     ----    -------   -------
    .\
       main.obj                   6516    188       453    
       startup_ccs.obj            14      1024      0      
       i2c_if.obj                 644     0         0      
       uart_if.obj                640     0         4      
       timer_if.obj               408     0         0      
       pin_mux_config.obj         236     0         0      
    +--+--------------------------+-------+---------+---------+
       Total:                     8458    1212      457    
                                                           
    C:/ti/CC3200SDK_1.3.0/cc3200-sdk/driverlib/ccs/Release/driverlib.a
       prcm.obj                   852     168       0      
       interrupt.obj              608     340       0      
       spi.obj                    798     60        0      
       timer.obj                  738     0         0      
       udma.obj                   604     0         0      
       pin.obj                    300     256       0      
       adc.obj                    438     0         0      
       i2c.obj                    352     0         0      
       uart.obj                   284     0         0      
       cpu.obj                    20      0         0      
       utils.obj                  6       0         0      
    +--+--------------------------+-------+---------+---------+
       Total:                     5000    824       0      
                                                           
    C:/ti/CC3200SDK_1.3.0/cc3200-sdk/simplelink/ccs/NON_OS/simplelink.a
       driver.obj                 7230    184       375    
       cc_pal.obj                 1820    0         90     
       netapp.obj                 1248    8         0      
       socket.obj                 1194    28        0      
       device.obj                 1078    16        0      
       wlan.obj                   676     20        0      
       nonos.obj                  416     20        60     
       netcfg.obj                 368     8         0      
    +--+--------------------------+-------+---------+---------+
       Total:                     14030   284       525    
                                                           
    C:\ti\ccsv7\tools\compiler\ti-cgt-arm_16.9.4.LTS\lib\rtsv7M4_T_le_eabi.lib
       _printfi.obj               4386    0         0      
       memory.obj                 976     0         12     
       ull_div_t2.obj             500     0         0      
       fd_add_t2.obj              438     0         0      
       fd_div_t2.obj              310     0         0      
       fd_cmp_t2.obj              268     0         0      
       ctype.obj                  0       257       0      
       fd_mul_t2.obj              252     0         0      
       fs_add_t2.obj              250     0         0      
       s_scalbn.obj               208     0         0      
       memcpy_t2.obj              156     0         0      
       vsnprintf.obj              136     0         0      
       fs_mul_t2.obj              122     0         0      
       memset_t2.obj              122     0         0      
       autoinit.obj               112     0         0      
       fd_tos_t2.obj              110     0         0      
       copy_decompress_lzss.obj   104     0         0      
       exit.obj                   84      0         12     
       sprintf.obj                96      0         0      
       s_frexp.obj                92      0         0      
       ltoa.obj                   84      0         0      
       atoi.obj                   76      0         0      
       cpy_tbl.obj                76      0         0      
       fd_toi_t2.obj              72      0         0      
       boot.obj                   64      0         0      
       fs_tod_t2.obj              56      0         0      
       fs_toi_t2.obj              56      0         0      
       i_tofd_t2.obj              46      0         0      
       memmov.obj                 36      0         0      
       u_tofd_t2.obj              32      0         0      
       _lock.obj                  20      0         8      
       memccpy.obj                28      0         0      
       args_main.obj              24      0         0      
       strchr.obj                 22      0         0      
       strlen.obj                 20      0         0      
       copy_decompress_none.obj   14      0         0      
       copy_zero_init.obj         12      0         0      
       s_copysign.obj             8       0         0      
       errno.obj                  0       0         4      
       pre_init.obj               4       0         0      
       stkdepth_vars.obj          0       0         4      
       mpu_init.obj               2       0         0      
       startup.obj                2       0         0      
    +--+--------------------------+-------+---------+---------+
       Total:                     9476    257       40     
                                                           
       Heap:                      0       0         2048   
       Stack:                     0       0         2048   
       Linker Generated:          0       92        0      
    +--+--------------------------+-------+---------+---------+
       Grand Total:               36964   2669      5118   


LINKER GENERATED COPY TABLES

__TI_cinit_table @ 2000dae0 records: 2, size/record: 8, table size: 16
	.data: load addr=2000da90, load size=00000038 bytes, run addr=20017b70, run size=00000094 bytes, compression=lzss
	.bss: load addr=2000dad8, load size=00000008 bytes, run addr=20017800, run size=00000370 bytes, compression=zero_init


LINKER GENERATED HANDLER TABLE

__TI_handler_table @ 2000dac8 records: 3, size/record: 4, table size: 12
	index: 0, handler: __TI_decompress_lzss
	index: 1, handler: __TI_decompress_none
	index: 2, handler: __TI_zero_init


GLOBAL SYMBOLS: SORTED ALPHABETICALLY BY Name 

address   name                                  
-------   ----                                  
2000c8f1  ADCChannelEnable                      
2000d32f  ADCEnable                             
2000d011  ADCFIFOLvlGet                         
2000d18b  ADCFIFORead                           
2000bf4d  ADCIntClear                           
2000baa5  ADCIntEnable                          
2000c749  ADCIntRegister                        
2000ce15  ADCTimerConfig                        
2000d295  ADCTimerEnable                        
2000c151  C$$EXIT                               
2000d343  CPUcpsie                              
20007abd  ClearTerm                             
20017a58  D                                     
20017b00  DestIp                                
2000cd85  DmaSpiSwIntHandler                    
20007ac7  Error                                 
2000da3a  GYRO_DPLF_ADDR                        
2000da3b  GYRO_DPLF_CONF                        
20007aff  GetCmd                                
2000d3a9  I2CMasterControl                      
2000d401  I2CMasterDataGet                      
2000d2ab  I2CMasterDataPut                      
2000d2c1  I2CMasterEnable                       
2000cb37  I2CMasterErr                          
2000b39d  I2CMasterInitExpClk                   
2000d3bb  I2CMasterIntClearEx                   
2000cf5d  I2CMasterIntStatusEx                  
2000ce37  I2CMasterSlaveAddrSet                 
2000d3cd  I2CMasterTimeoutSet                   
20007a67  I2C_IF_Close                          
20007a1f  I2C_IF_Open                           
2000791d  I2C_IF_Read                           
200079d9  I2C_IF_ReadFrom                       
2000786d  I2C_IF_Write                          
2000da3c  INT_CONF_ADDR                         
2000da3d  INT_CONF_CONF                         
2000da3e  INT_STATUS_ADDR                       
20007a7d  InitTerm                              
2000a655  IntDisable                            
2000a6fd  IntEnable                             
2000d45d  IntMasterEnable                       
2000bfa5  IntPendClear                          
2000c055  IntPrioritySet                        
2000ce9d  IntRegister                           
2000cda9  IntUnregister                         
2000d359  IntVTableBaseSet                      
20017a60  Kd                                    
20017a68  Kp                                    
20007a9b  Message                               
20017b04  NODATA                                
2000d439  NwpMaskInterrupt                      
2000c929  NwpPowerOff                           
2000cb65  NwpPowerOn                            
2000cebd  NwpPrePowerOffTimout0                 
2000c787  NwpRegisterInterruptHandler           
2000d445  NwpUnMaskInterrupt                    
2000d878  OpcodeTranslateTable                  
20017a70  P                                     
20008b3d  PRCMCC3200MCUInit                     
2000d2d7  PRCMHIBRegRead                        
2000d2ed  PRCMHIBRegWrite                       
2000ccbd  PRCMPeripheralClkDisable              
2000c801  PRCMPeripheralClkEnable               
2000ac81  PRCMPeripheralClockGet                
2000bffd  PRCMPeripheralReset                   
2000ca41  PRCMPeripheralStatusGet               
2000cb91  PRCMSysResetCauseGet                  
2000b181  PinConfigSet                          
2000c689  PinModeSet                            
20009b79  PinMuxConfig                          
2000d36d  PinTypeADC                            
2000d02d  PinTypeI2C                            
2000d0d5  PinTypeTimer                          
2000d0ef  PinTypeUART                           
20007c3d  Report                                
2000d42b  ResetISR                              
20017b66  RxIrqCnt                              
UNDEFED   SHT$$INIT_ARRAY$$Base                 
UNDEFED   SHT$$INIT_ARRAY$$Limit                
2000da38  SMPLRT_DIV_addr                       
2000da39  SMPLRT_DIV_conf                       
2000d1a3  SPICSDisable                          
2000d1bb  SPICSEnable                           
2000a849  SPIConfigSetExpClk                    
2000d1d3  SPIDisable                            
2000d109  SPIDmaDisable                         
2000d123  SPIDmaEnable                          
2000d1eb  SPIEnable                             
2000d13d  SPIFIFODisable                        
2000d157  SPIFIFOEnable                         
2000ca75  SPIFIFOLevelSet                       
2000c45d  SPIIntClear                           
2000c249  SPIIntEnable                          
2000d171  SPIIntUnregister                      
2000ce59  SPIReset                              
2000ce7b  SPIWordCountSet                       
200045cd  SimpleLinkGeneralEventHandler         
200045c1  SimpleLinkHttpServerCallback          
20004493  SimpleLinkNetAppEventHandler          
2000463d  SimpleLinkPingReport                  
200045f5  SimpleLinkSockEventHandler            
20004401  SimpleLinkWlanEventHandler            
200052f5  TimA2AIntHandler                      
200055a1  TimA2BIntHandler                      
2000c579  TimerConfigure                        
2000caa9  TimerControlEvent                     
2000ca09  TimerControlStall                     
2000cf7b  TimerDisable                          
2000cf99  TimerEnable                           
2000cedd  TimerGetCurrentTimestamp              
2000d3df  TimerIntClear                         
2000d203  TimerIntDisable                       
2000d21b  TimerIntEnable                        
2000b87d  TimerIntRegister                      
2000cfb7  TimerIntStatus                        
2000bb0d  TimerIntUnregister                    
2000cc15  TimerLoadSet                          
2000cc3f  TimerMatchSet                         
2000cc69  TimerPrescaleMatchSet                 
2000cc93  TimerPrescaleSet                      
2000d049  TimerValueGet                         
2000895b  Timer_IF_DeInit                       
2000898d  Timer_IF_GetCount                     
20008895  Timer_IF_Init                         
200088c7  Timer_IF_IntSetup                     
20008913  Timer_IF_InterruptClear               
20008975  Timer_IF_ReLoad                       
2000892b  Timer_IF_Start                        
2000894b  Timer_IF_Stop                         
20007ba5  TrimSpace                             
2000d065  UARTCharGetNonBlocking                
2000cfd5  UARTCharPut                           
2000d233  UARTCharsAvail                        
2000b791  UARTConfigSetExpClk                   
2000cad9  UARTDisable                           
2000cdcd  UARTEnable                            
20004e17  UDPTRANSMIT                           
20004d4d  UDPTRANSMITSETUP                      
2000d46f  UtilsDelay                            
2000da37  WHO_AM_I                              
2000d8b4  _SlActionLookupTable                  
2000a7a5  _SlDriverHandleError                  
2000c4a5  _SlDrvBasicCmd                        
2000a4e5  _SlDrvCmdOp                           
2000b9cd  _SlDrvCmdSend                         
20008e25  _SlDrvDataWriteOp                     
2000a985  _SlDrvDeviceEventHandler              
2000d3f1  _SlDrvDispatchHttpServerEvents        
2000947d  _SlDrvDriverCBDeinit                  
200084c5  _SlDrvDriverCBInit                    
2000cce5  _SlDrvGlobalObjUnLock                 
2000afdd  _SlDrvIsTimeoutExpired                
2000d303  _SlDrvMemZero                         
20009e39  _SlDrvMsgReadSpawnCtx                 
200095ad  _SlDrvNetAppEventHandler              
2000cd5d  _SlDrvObjLockWaitForever              
2000cefd  _SlDrvObjUnLock                       
2000c2e1  _SlDrvProtectAsyncRespSetting         
2000cbe9  _SlDrvProtectionObjLockWaitForever    
2000cd0d  _SlDrvProtectionObjUnLock             
2000813d  _SlDrvReleasePoolObj                  
2000d40f  _SlDrvResetCmdExt                     
2000c0a9  _SlDrvRxIrqHandler                    
2000d081  _SlDrvStartMeasureTimeout             
2000cf1d  _SlDrvSyncObjSignal                   
2000cd35  _SlDrvSyncObjWaitForever              
2000c5bd  _SlDrvSyncObjWaitTimeout              
200089ad  _SlDrvWaitForPoolObj                  
2000da60  _SlNetAppSendTokenValueCmdCtrl        
2000b809  _SlNonOsMainLoopTask                  
2000a5a5  _SlNonOsSemGet                        
2000d24b  _SlNonOsSemSet                        
2000bbdd  _SlNonOsSpawn                         
20030000  __STACK_END                           
00000800  __STACK_SIZE                          
00000800  __SYSMEM_SIZE                         
2000dae0  __TI_CINIT_Base                       
2000daf0  __TI_CINIT_Limit                      
2000dac8  __TI_Handler_Table_Base               
2000dad4  __TI_Handler_Table_Limit              
2000b8ed  __TI_auto_init                        
20017bd0  __TI_cleanup_ptr                      
2000bb75  __TI_decompress_lzss                  
2000d41d  __TI_decompress_none                  
20017bd4  __TI_dtors_ptr                        
20017bd8  __TI_enable_exit_profile_output       
ffffffff  __TI_pprof_out_hndl                   
200065ad  __TI_printfi                          
ffffffff  __TI_prof_data_size                   
ffffffff  __TI_prof_data_start                  
2000da90  __TI_static_base__                    
2000d451  __TI_zero_init                        
2000b291  __aeabi_cdcmpeq                       
2000b291  __aeabi_cdcmple                       
2000b317  __aeabi_cdrcmple                      
2000b95d  __aeabi_d2f                           
2000c4ed  __aeabi_d2iz                          
20008317  __aeabi_dadd                          
20009345  __aeabi_ddiv                          
200096b1  __aeabi_dmul                          
2000830d  __aeabi_dsub                          
2000c961  __aeabi_f2d                           
2000c999  __aeabi_f2iz                          
200097b1  __aeabi_fadd                          
2000b625  __aeabi_fmul                          
200097ad  __aeabi_fsub                          
2000cb09  __aeabi_i2d                           
2000b69f  __aeabi_memclr                        
2000b69f  __aeabi_memclr4                       
2000b69f  __aeabi_memclr8                       
2000a8e9  __aeabi_memcpy                        
2000a8e9  __aeabi_memcpy4                       
2000a8e9  __aeabi_memcpy8                       
2000b6a1  __aeabi_memset                        
2000b6a1  __aeabi_memset4                       
2000b6a1  __aeabi_memset8                       
2000cf3d  __aeabi_ui2d                          
20007f49  __aeabi_uldivmod                      
ffffffff  __binit__                             
ffffffff  __c_args__                            
200084c3  __mpu_init                            
2002f800  __stack                               
2000d27d  _args_main                            
2000c709  _c_int00                              
2000d478  _ctypes_                              
20017bf4  _lock                                 
2000d38f  _nop                                  
2000d387  _register_lock                        
2000d381  _register_unlock                      
2000bc41  _sl_HandleAsync_Accept                
2000b4a5  _sl_HandleAsync_Connect               
2000ad15  _sl_HandleAsync_DnsGetHostByName      
2000a289  _sl_HandleAsync_DnsGetHostByService   
2000b069  _sl_HandleAsync_InitComplete          
2000ada5  _sl_HandleAsync_PingResponse          
2000c0fd  _sl_HandleAsync_Select                
2000c1f9  _sl_HandleAsync_Stop                  
2000ba39  _sl_NetAppSendTokenValue              
20017000  _sys_memory                           
2000947b  _system_post_cinit                    
2000d475  _system_pre_init                      
20017bf8  _unlock                               
2000c155  abort                                 
20017b67  above                                 
2000582d  adcSetup                              
200056b9  adint3                                
2000c379  atoi                                  
20017a78  beta1                                 
20017a80  beta2                                 
ffffffff  binit                                 
20017b08  c                                     
200051c9  calculatecoefficients                 
200077c9  calloc                                
20017b68  coeffrdy                              
200056ed  configTA2                             
20005785  configTA3                             
2000c3c5  copy_in                               
2000d467  copysign                              
2000d467  copysignl                             
20017b0c  dataavailable                         
20017b69  drdy                                  
20017bfc  errno                                 
2000c15d  exit                                  
20007513  free                                  
2000bef1  frexp                                 
2000bef1  frexpl                                
20017bc0  g_SlDeviceStatus                      
20017be8  g_SpiFd                               
20017b70  g__SlNonOsCB                          
20017b6a  g_bDeviceRestartIsRequired            
20017968  g_cBsdBuf                             
20017b6b  g_cDummy                              
20017bc4  g_pCB                                 
20017bec  g_pHostIntHdl                         
20004000  g_pfnVectors                          
20017bf0  g_ucDMAEnabled                        
200179e8  g_ucDinDout                           
20017b10  g_uiGatewayIP                         
20017bac  g_uiPortNum                           
20017b14  g_ulDestinationIp                     
20017b18  g_ulIpAddr                            
20017b1c  g_ulPingPacketsRecv                   
20017b20  g_ulStaIp                             
20017b24  g_ulStatus                            
2000da3f  gyro_x_h                              
20017a88  i                                     
20017a48  i2cbuf                                
20004eb1  i2csetupAndTest                       
20017b28  iAddrSize                             
20017b2c  iSockID                               
20017b30  iStatus                               
20017a90  indeg                                 
20017b6c  insideInt                             
20017b34  invalid_pulses                        
2000da36  itg3205addr                           
20017b38  k                                     
20017b3c  lLoopCount                            
20017bb8  lNonBlocking                          
20017bb4  lRetVal                               
20017a98  lamda1                                
20017aa0  lamda2                                
2000a1b9  ldexp                                 
2000a1b9  ldexpl                                
2000c1a5  ltoa                                  
20017b40  m                                     
200059ed  main                                  
20017c00  main_func_sp                          
200074a9  malloc                                
200076dd  memalign                              
2000d09d  memccpy                               
2000a8e9  memcpy                                
2000cdf1  memmove                               
2000b6a7  memset                                
20007429  minit                                 
20017b44  ms1                                   
20017b48  ms2                                   
20005891  myUartReport                          
20017b4c  outMatchDeg                           
20017bbc  outmatch                              
20017bc8  pPingCallBackFunc                     
20017b6d  rdy                                   
20004ff1  readI2Crates                          
200075d5  realloc                               
20017a38  sAddr                                 
20017b64  sTestBufLen                           
20017aa8  samplesA                              
20017ab0  samplesB                              
2000a1b9  scalbn                                
2000a1b9  scalbnl                               
20017b50  settingsbuf                           
2000c83d  simplelink_timerA2_start              
2000a355  sl_DevGet                             
2000c645  sl_Htonl                              
2000c879  sl_Htons                              
20009f21  sl_NetAppMDNSRegisterUnregisterService
2000bca5  sl_NetAppMDNSUnRegisterService        
2000a0e1  sl_NetCfgGet                          
2000aa21  sl_NetCfgSet                          
20009201  sl_SendTo                             
2000aab9  sl_SetSockOpt                         
2000b0f5  sl_Socket                             
20009c65  sl_Start                              
200098a9  sl_Stop                               
2000c9d1  sl_WlanDisconnect                     
2000ae35  sl_WlanPolicySet                      
2000be31  sl_WlanProfileDel                     
2000b421  sl_WlanRxFilterSet                    
2000ab51  sl_WlanSet                            
2000be91  sl_WlanSetMode                        
2000b719  spi_Close                             
20008f75  spi_Open                              
20009999  spi_Read                              
2000abe9  spi_Write                             
2000bdd1  sprintf                               
2000d319  strchr                                
2000d395  strlen                                
200058e9  tdif                                  
20017bb0  transmissionPeriodPrescale            
2000c411  uDMAChannelAssign                     
2000bd09  uDMAChannelAttributeDisable           
2000bd6d  uDMAChannelAttributeEnable            
2000c8b5  uDMAChannelControlSet                 
2000d0b9  uDMAChannelEnable                     
20009a89  uDMAChannelTransferSet                
20017b6e  ucDHCP                                
20017b54  udpSendCounter                        
20017b58  valAdc                                
20017b5c  valid_pulses                          
2000b209  vsnprintf                             
20017b60  waiting                               
20017b6f  withinLoop                            
20017ab8  xcumul                                
20017ac0  xerr                                  
20017ac8  xrate                                 
20017ad0  ycumul                                
20017ad8  yerr                                  
20017ae0  yrate                                 
20017ae8  zcumul                                
20017af0  zerr                                  
20017af8  zrate                                 


GLOBAL SYMBOLS: SORTED BY Symbol Address 

address   name                                  
-------   ----                                  
00000800  __STACK_SIZE                          
00000800  __SYSMEM_SIZE                         
20004000  g_pfnVectors                          
20004401  SimpleLinkWlanEventHandler            
20004493  SimpleLinkNetAppEventHandler          
200045c1  SimpleLinkHttpServerCallback          
200045cd  SimpleLinkGeneralEventHandler         
200045f5  SimpleLinkSockEventHandler            
2000463d  SimpleLinkPingReport                  
20004d4d  UDPTRANSMITSETUP                      
20004e17  UDPTRANSMIT                           
20004eb1  i2csetupAndTest                       
20004ff1  readI2Crates                          
200051c9  calculatecoefficients                 
200052f5  TimA2AIntHandler                      
200055a1  TimA2BIntHandler                      
200056b9  adint3                                
200056ed  configTA2                             
20005785  configTA3                             
2000582d  adcSetup                              
20005891  myUartReport                          
200058e9  tdif                                  
200059ed  main                                  
200065ad  __TI_printfi                          
20007429  minit                                 
200074a9  malloc                                
20007513  free                                  
200075d5  realloc                               
200076dd  memalign                              
200077c9  calloc                                
2000786d  I2C_IF_Write                          
2000791d  I2C_IF_Read                           
200079d9  I2C_IF_ReadFrom                       
20007a1f  I2C_IF_Open                           
20007a67  I2C_IF_Close                          
20007a7d  InitTerm                              
20007a9b  Message                               
20007abd  ClearTerm                             
20007ac7  Error                                 
20007aff  GetCmd                                
20007ba5  TrimSpace                             
20007c3d  Report                                
20007f49  __aeabi_uldivmod                      
2000813d  _SlDrvReleasePoolObj                  
2000830d  __aeabi_dsub                          
20008317  __aeabi_dadd                          
200084c3  __mpu_init                            
200084c5  _SlDrvDriverCBInit                    
20008895  Timer_IF_Init                         
200088c7  Timer_IF_IntSetup                     
20008913  Timer_IF_InterruptClear               
2000892b  Timer_IF_Start                        
2000894b  Timer_IF_Stop                         
2000895b  Timer_IF_DeInit                       
20008975  Timer_IF_ReLoad                       
2000898d  Timer_IF_GetCount                     
200089ad  _SlDrvWaitForPoolObj                  
20008b3d  PRCMCC3200MCUInit                     
20008e25  _SlDrvDataWriteOp                     
20008f75  spi_Open                              
20009201  sl_SendTo                             
20009345  __aeabi_ddiv                          
2000947b  _system_post_cinit                    
2000947d  _SlDrvDriverCBDeinit                  
200095ad  _SlDrvNetAppEventHandler              
200096b1  __aeabi_dmul                          
200097ad  __aeabi_fsub                          
200097b1  __aeabi_fadd                          
200098a9  sl_Stop                               
20009999  spi_Read                              
20009a89  uDMAChannelTransferSet                
20009b79  PinMuxConfig                          
20009c65  sl_Start                              
20009e39  _SlDrvMsgReadSpawnCtx                 
20009f21  sl_NetAppMDNSRegisterUnregisterService
2000a0e1  sl_NetCfgGet                          
2000a1b9  ldexp                                 
2000a1b9  ldexpl                                
2000a1b9  scalbn                                
2000a1b9  scalbnl                               
2000a289  _sl_HandleAsync_DnsGetHostByService   
2000a355  sl_DevGet                             
2000a4e5  _SlDrvCmdOp                           
2000a5a5  _SlNonOsSemGet                        
2000a655  IntDisable                            
2000a6fd  IntEnable                             
2000a7a5  _SlDriverHandleError                  
2000a849  SPIConfigSetExpClk                    
2000a8e9  __aeabi_memcpy                        
2000a8e9  __aeabi_memcpy4                       
2000a8e9  __aeabi_memcpy8                       
2000a8e9  memcpy                                
2000a985  _SlDrvDeviceEventHandler              
2000aa21  sl_NetCfgSet                          
2000aab9  sl_SetSockOpt                         
2000ab51  sl_WlanSet                            
2000abe9  spi_Write                             
2000ac81  PRCMPeripheralClockGet                
2000ad15  _sl_HandleAsync_DnsGetHostByName      
2000ada5  _sl_HandleAsync_PingResponse          
2000ae35  sl_WlanPolicySet                      
2000afdd  _SlDrvIsTimeoutExpired                
2000b069  _sl_HandleAsync_InitComplete          
2000b0f5  sl_Socket                             
2000b181  PinConfigSet                          
2000b209  vsnprintf                             
2000b291  __aeabi_cdcmpeq                       
2000b291  __aeabi_cdcmple                       
2000b317  __aeabi_cdrcmple                      
2000b39d  I2CMasterInitExpClk                   
2000b421  sl_WlanRxFilterSet                    
2000b4a5  _sl_HandleAsync_Connect               
2000b625  __aeabi_fmul                          
2000b69f  __aeabi_memclr                        
2000b69f  __aeabi_memclr4                       
2000b69f  __aeabi_memclr8                       
2000b6a1  __aeabi_memset                        
2000b6a1  __aeabi_memset4                       
2000b6a1  __aeabi_memset8                       
2000b6a7  memset                                
2000b719  spi_Close                             
2000b791  UARTConfigSetExpClk                   
2000b809  _SlNonOsMainLoopTask                  
2000b87d  TimerIntRegister                      
2000b8ed  __TI_auto_init                        
2000b95d  __aeabi_d2f                           
2000b9cd  _SlDrvCmdSend                         
2000ba39  _sl_NetAppSendTokenValue              
2000baa5  ADCIntEnable                          
2000bb0d  TimerIntUnregister                    
2000bb75  __TI_decompress_lzss                  
2000bbdd  _SlNonOsSpawn                         
2000bc41  _sl_HandleAsync_Accept                
2000bca5  sl_NetAppMDNSUnRegisterService        
2000bd09  uDMAChannelAttributeDisable           
2000bd6d  uDMAChannelAttributeEnable            
2000bdd1  sprintf                               
2000be31  sl_WlanProfileDel                     
2000be91  sl_WlanSetMode                        
2000bef1  frexp                                 
2000bef1  frexpl                                
2000bf4d  ADCIntClear                           
2000bfa5  IntPendClear                          
2000bffd  PRCMPeripheralReset                   
2000c055  IntPrioritySet                        
2000c0a9  _SlDrvRxIrqHandler                    
2000c0fd  _sl_HandleAsync_Select                
2000c151  C$$EXIT                               
2000c155  abort                                 
2000c15d  exit                                  
2000c1a5  ltoa                                  
2000c1f9  _sl_HandleAsync_Stop                  
2000c249  SPIIntEnable                          
2000c2e1  _SlDrvProtectAsyncRespSetting         
2000c379  atoi                                  
2000c3c5  copy_in                               
2000c411  uDMAChannelAssign                     
2000c45d  SPIIntClear                           
2000c4a5  _SlDrvBasicCmd                        
2000c4ed  __aeabi_d2iz                          
2000c579  TimerConfigure                        
2000c5bd  _SlDrvSyncObjWaitTimeout              
2000c645  sl_Htonl                              
2000c689  PinModeSet                            
2000c709  _c_int00                              
2000c749  ADCIntRegister                        
2000c787  NwpRegisterInterruptHandler           
2000c801  PRCMPeripheralClkEnable               
2000c83d  simplelink_timerA2_start              
2000c879  sl_Htons                              
2000c8b5  uDMAChannelControlSet                 
2000c8f1  ADCChannelEnable                      
2000c929  NwpPowerOff                           
2000c961  __aeabi_f2d                           
2000c999  __aeabi_f2iz                          
2000c9d1  sl_WlanDisconnect                     
2000ca09  TimerControlStall                     
2000ca41  PRCMPeripheralStatusGet               
2000ca75  SPIFIFOLevelSet                       
2000caa9  TimerControlEvent                     
2000cad9  UARTDisable                           
2000cb09  __aeabi_i2d                           
2000cb37  I2CMasterErr                          
2000cb65  NwpPowerOn                            
2000cb91  PRCMSysResetCauseGet                  
2000cbe9  _SlDrvProtectionObjLockWaitForever    
2000cc15  TimerLoadSet                          
2000cc3f  TimerMatchSet                         
2000cc69  TimerPrescaleMatchSet                 
2000cc93  TimerPrescaleSet                      
2000ccbd  PRCMPeripheralClkDisable              
2000cce5  _SlDrvGlobalObjUnLock                 
2000cd0d  _SlDrvProtectionObjUnLock             
2000cd35  _SlDrvSyncObjWaitForever              
2000cd5d  _SlDrvObjLockWaitForever              
2000cd85  DmaSpiSwIntHandler                    
2000cda9  IntUnregister                         
2000cdcd  UARTEnable                            
2000cdf1  memmove                               
2000ce15  ADCTimerConfig                        
2000ce37  I2CMasterSlaveAddrSet                 
2000ce59  SPIReset                              
2000ce7b  SPIWordCountSet                       
2000ce9d  IntRegister                           
2000cebd  NwpPrePowerOffTimout0                 
2000cedd  TimerGetCurrentTimestamp              
2000cefd  _SlDrvObjUnLock                       
2000cf1d  _SlDrvSyncObjSignal                   
2000cf3d  __aeabi_ui2d                          
2000cf5d  I2CMasterIntStatusEx                  
2000cf7b  TimerDisable                          
2000cf99  TimerEnable                           
2000cfb7  TimerIntStatus                        
2000cfd5  UARTCharPut                           
2000d011  ADCFIFOLvlGet                         
2000d02d  PinTypeI2C                            
2000d049  TimerValueGet                         
2000d065  UARTCharGetNonBlocking                
2000d081  _SlDrvStartMeasureTimeout             
2000d09d  memccpy                               
2000d0b9  uDMAChannelEnable                     
2000d0d5  PinTypeTimer                          
2000d0ef  PinTypeUART                           
2000d109  SPIDmaDisable                         
2000d123  SPIDmaEnable                          
2000d13d  SPIFIFODisable                        
2000d157  SPIFIFOEnable                         
2000d171  SPIIntUnregister                      
2000d18b  ADCFIFORead                           
2000d1a3  SPICSDisable                          
2000d1bb  SPICSEnable                           
2000d1d3  SPIDisable                            
2000d1eb  SPIEnable                             
2000d203  TimerIntDisable                       
2000d21b  TimerIntEnable                        
2000d233  UARTCharsAvail                        
2000d24b  _SlNonOsSemSet                        
2000d27d  _args_main                            
2000d295  ADCTimerEnable                        
2000d2ab  I2CMasterDataPut                      
2000d2c1  I2CMasterEnable                       
2000d2d7  PRCMHIBRegRead                        
2000d2ed  PRCMHIBRegWrite                       
2000d303  _SlDrvMemZero                         
2000d319  strchr                                
2000d32f  ADCEnable                             
2000d343  CPUcpsie                              
2000d359  IntVTableBaseSet                      
2000d36d  PinTypeADC                            
2000d381  _register_unlock                      
2000d387  _register_lock                        
2000d38f  _nop                                  
2000d395  strlen                                
2000d3a9  I2CMasterControl                      
2000d3bb  I2CMasterIntClearEx                   
2000d3cd  I2CMasterTimeoutSet                   
2000d3df  TimerIntClear                         
2000d3f1  _SlDrvDispatchHttpServerEvents        
2000d401  I2CMasterDataGet                      
2000d40f  _SlDrvResetCmdExt                     
2000d41d  __TI_decompress_none                  
2000d42b  ResetISR                              
2000d439  NwpMaskInterrupt                      
2000d445  NwpUnMaskInterrupt                    
2000d451  __TI_zero_init                        
2000d45d  IntMasterEnable                       
2000d467  copysign                              
2000d467  copysignl                             
2000d46f  UtilsDelay                            
2000d475  _system_pre_init                      
2000d478  _ctypes_                              
2000d878  OpcodeTranslateTable                  
2000d8b4  _SlActionLookupTable                  
2000da36  itg3205addr                           
2000da37  WHO_AM_I                              
2000da38  SMPLRT_DIV_addr                       
2000da39  SMPLRT_DIV_conf                       
2000da3a  GYRO_DPLF_ADDR                        
2000da3b  GYRO_DPLF_CONF                        
2000da3c  INT_CONF_ADDR                         
2000da3d  INT_CONF_CONF                         
2000da3e  INT_STATUS_ADDR                       
2000da3f  gyro_x_h                              
2000da60  _SlNetAppSendTokenValueCmdCtrl        
2000da90  __TI_static_base__                    
2000dac8  __TI_Handler_Table_Base               
2000dad4  __TI_Handler_Table_Limit              
2000dae0  __TI_CINIT_Base                       
2000daf0  __TI_CINIT_Limit                      
20017000  _sys_memory                           
20017968  g_cBsdBuf                             
200179e8  g_ucDinDout                           
20017a38  sAddr                                 
20017a48  i2cbuf                                
20017a58  D                                     
20017a60  Kd                                    
20017a68  Kp                                    
20017a70  P                                     
20017a78  beta1                                 
20017a80  beta2                                 
20017a88  i                                     
20017a90  indeg                                 
20017a98  lamda1                                
20017aa0  lamda2                                
20017aa8  samplesA                              
20017ab0  samplesB                              
20017ab8  xcumul                                
20017ac0  xerr                                  
20017ac8  xrate                                 
20017ad0  ycumul                                
20017ad8  yerr                                  
20017ae0  yrate                                 
20017ae8  zcumul                                
20017af0  zerr                                  
20017af8  zrate                                 
20017b00  DestIp                                
20017b04  NODATA                                
20017b08  c                                     
20017b0c  dataavailable                         
20017b10  g_uiGatewayIP                         
20017b14  g_ulDestinationIp                     
20017b18  g_ulIpAddr                            
20017b1c  g_ulPingPacketsRecv                   
20017b20  g_ulStaIp                             
20017b24  g_ulStatus                            
20017b28  iAddrSize                             
20017b2c  iSockID                               
20017b30  iStatus                               
20017b34  invalid_pulses                        
20017b38  k                                     
20017b3c  lLoopCount                            
20017b40  m                                     
20017b44  ms1                                   
20017b48  ms2                                   
20017b4c  outMatchDeg                           
20017b50  settingsbuf                           
20017b54  udpSendCounter                        
20017b58  valAdc                                
20017b5c  valid_pulses                          
20017b60  waiting                               
20017b64  sTestBufLen                           
20017b66  RxIrqCnt                              
20017b67  above                                 
20017b68  coeffrdy                              
20017b69  drdy                                  
20017b6a  g_bDeviceRestartIsRequired            
20017b6b  g_cDummy                              
20017b6c  insideInt                             
20017b6d  rdy                                   
20017b6e  ucDHCP                                
20017b6f  withinLoop                            
20017b70  g__SlNonOsCB                          
20017bac  g_uiPortNum                           
20017bb0  transmissionPeriodPrescale            
20017bb4  lRetVal                               
20017bb8  lNonBlocking                          
20017bbc  outmatch                              
20017bc0  g_SlDeviceStatus                      
20017bc4  g_pCB                                 
20017bc8  pPingCallBackFunc                     
20017bd0  __TI_cleanup_ptr                      
20017bd4  __TI_dtors_ptr                        
20017bd8  __TI_enable_exit_profile_output       
20017be8  g_SpiFd                               
20017bec  g_pHostIntHdl                         
20017bf0  g_ucDMAEnabled                        
20017bf4  _lock                                 
20017bf8  _unlock                               
20017bfc  errno                                 
20017c00  main_func_sp                          
2002f800  __stack                               
20030000  __STACK_END                           
ffffffff  __TI_pprof_out_hndl                   
ffffffff  __TI_prof_data_size                   
ffffffff  __TI_prof_data_start                  
ffffffff  __binit__                             
ffffffff  __c_args__                            
ffffffff  binit                                 
UNDEFED   SHT$$INIT_ARRAY$$Base                 
UNDEFED   SHT$$INIT_ARRAY$$Limit                

[380 symbols]
