******************************************************************************
                  TI ARM Linker PC v16.9.4                     
******************************************************************************
>> Linked Fri Sep 20 19:12:56 2019

OUTPUT FILE NAME:   <USR telemetry udp VOLTAGE v1.1.out>
ENTRY POINT SYMBOL: "_c_int00"  address: 2000ba2d


MEMORY CONFIGURATION

         name            origin    length      used     unused   attr    fill
----------------------  --------  ---------  --------  --------  ----  --------
  SRAM_CODE             20004000   00013000  00008c9c  0000a364  RW X
  SRAM_DATA             20017000   00019000  0000133d  00017cc3  RW X


SEGMENT ALLOCATION MAP

run origin  load origin   length   init length attrs members
----------  ----------- ---------- ----------- ----- -------
20004000    20004000    00008ca0   00008ca0    r-x
  20004000    20004000    00000400   00000400    r-- .intvecs
  20004400    20004400    00008234   00008234    r-x .text
  2000c634    2000c634    00000610   00000610    r-- .const
  2000cc48    2000cc48    00000058   00000058    r-- .cinit
20017000    20017000    00000b40   00000000    rw-
  20017000    20017000    00000800   00000000    rw- .sysmem
  20017800    20017800    00000299   00000000    rw- .bss
  20017a9c    20017a9c    000000a4   00000000    rw- .data
2002f800    2002f800    00000800   00000000    rw-
  2002f800    2002f800    00000800   00000000    rw- .stack


SECTION ALLOCATION MAP

 output                                  attributes/
section   page    origin      length       input sections
--------  ----  ----------  ----------   ----------------
.intvecs   0    20004000    00000400     
                  20004000    00000400     startup_ccs.obj (.intvecs)

.init_array 
*          0    20004000    00000000     UNINITIALIZED

.text      0    20004400    00008234     
                  20004400    0000114c     main.obj (.text)
                  2000554c    00001122     rtsv7M4_T_le_eabi.lib : _printfi.obj (.text)
                  2000666e    00000002     driverlib.a : interrupt.obj (.text:IntDefaultHandler)
                  20006670    00000590     simplelink.a : driver.obj (.text:_SlDrvMsgRead)
                  20006c00    000003d0     rtsv7M4_T_le_eabi.lib : memory.obj (.text)
                  20006fd0    00000284     i2c_if.obj (.text)
                  20007254    00000280     uart_if.obj (.text)
                  200074d4    0000024c     simplelink.a : driver.obj (.text:_SlDrvRxHdrRead)
                  20007720    000001f4     rtsv7M4_T_le_eabi.lib : ull_div_t2.obj (.text)
                  20007914    000001d0     simplelink.a : driver.obj (.text:_SlDrvReleasePoolObj)
                  20007ae4    000001b6     rtsv7M4_T_le_eabi.lib : fd_add_t2.obj (.text)
                  20007c9a    00000002                           : mpu_init.obj (.text)
                  20007c9c    000001b4     simplelink.a : driver.obj (.text:_SlDrvDriverCBInit)
                  20007e50    0000019c                  : driver.obj (.text:_SlDrvMsgWrite)
                  20007fec    00000190                  : driver.obj (.text:_SlDrvWaitForPoolObj)
                  2000817c    00000178     driverlib.a : prcm.obj (.text:PRCMCC3200MCUInit)
                  200082f4    00000170     simplelink.a : driver.obj (.text:_SlFindAndSetActiveObj)
                  20008464    00000150                  : driver.obj (.text:_SlDrvDataWriteOp)
                  200085b4    00000148                  : cc_pal.obj (.text:spi_Open)
                  200086fc    00000144                  : driver.obj (.text:_SlDrvMsgReadCmdCtx)
                  20008840    00000144                  : socket.obj (.text:sl_SendTo)
                  20008984    00000136     rtsv7M4_T_le_eabi.lib : fd_div_t2.obj (.text)
                  20008aba    00000002                           : startup.obj (.text)
                  20008abc    00000130     simplelink.a : driver.obj (.text:_SlDrvDriverCBDeinit)
                  20008bec    00000104                  : netapp.obj (.text:_SlDrvNetAppEventHandler)
                  20008cf0    000000fc     rtsv7M4_T_le_eabi.lib : fd_mul_t2.obj (.text)
                  20008dec    000000f0     simplelink.a : device.obj (.text:sl_Stop)
                  20008edc    000000f0                  : cc_pal.obj (.text:spi_Read)
                  20008fcc    000000f0     driverlib.a : udma.obj (.text:uDMAChannelTransferSet)
                  200090bc    000000ec     simplelink.a : device.obj (.text:sl_Start)
                  200091a8    000000e8                  : driver.obj (.text:_SlAsyncEventGenericHandler)
                  20009290    000000e8                  : driver.obj (.text:_SlDrvMsgReadSpawnCtx)
                  20009378    000000e4                  : netapp.obj (.text:sl_NetAppMDNSRegisterUnregisterService)
                  2000945c    000000dc                  : driver.obj (.text:_SlDrvClassifyRxMsg)
                  20009538    000000dc     pin_mux_config.obj (.text)
                  20009614    000000d8     simplelink.a : netcfg.obj (.text:sl_NetCfgGet)
                  200096ec    000000d0     rtsv7M4_T_le_eabi.lib : s_scalbn.obj (.text)
                  200097bc    000000cc     simplelink.a : netapp.obj (.text:_sl_HandleAsync_DnsGetHostByService)
                  20009888    000000cc                  : device.obj (.text:sl_DevGet)
                  20009954    000000c4                  : driver.obj (.text:_SlRemoveFromList)
                  20009a18    000000c0                  : driver.obj (.text:_SlDrvCmdOp)
                  20009ad8    000000b0                  : nonos.obj (.text:_SlNonOsSemGet)
                  20009b88    000000a8     driverlib.a : interrupt.obj (.text:IntDisable)
                  20009c30    000000a8                 : interrupt.obj (.text:IntEnable)
                  20009cd8    000000a4     simplelink.a : driver.obj (.text:_SlDriverHandleError)
                  20009d7c    000000a0     driverlib.a : spi.obj (.text:SPIConfigSetExpClk)
                  20009e1c    0000009c     rtsv7M4_T_le_eabi.lib : memcpy_t2.obj (.text)
                  20009eb8    0000009a     simplelink.a : device.obj (.text:_SlDrvDeviceEventHandler)
                  20009f52    00000002     --HOLE-- [fill = 0]
                  20009f54    00000098                  : netcfg.obj (.text:sl_NetCfgSet)
                  20009fec    00000098                  : socket.obj (.text:sl_SetSockOpt)
                  2000a084    00000098                  : wlan.obj (.text:sl_WlanSet)
                  2000a11c    00000098                  : cc_pal.obj (.text:spi_Write)
                  2000a1b4    00000094     driverlib.a : prcm.obj (.text:PRCMPeripheralClockGet)
                  2000a248    00000090     simplelink.a : netapp.obj (.text:_sl_HandleAsync_DnsGetHostByName)
                  2000a2d8    00000090                  : netapp.obj (.text:_sl_HandleAsync_PingResponse)
                  2000a368    00000090                  : wlan.obj (.text:sl_WlanPolicySet)
                  2000a3f8    0000008c                  : cc_pal.obj (.text:SetupDMAReceive)
                  2000a484    0000008c                  : cc_pal.obj (.text:SetupDMASend)
                  2000a510    0000008c                  : driver.obj (.text:_SlDrvIsTimeoutExpired)
                  2000a59c    0000008c                  : device.obj (.text:_sl_HandleAsync_InitComplete)
                  2000a628    0000008c                  : socket.obj (.text:sl_Socket)
                  2000a6b4    00000088     driverlib.a : pin.obj (.text:PinConfigSet)
                  2000a73c    00000088     rtsv7M4_T_le_eabi.lib : vsnprintf.obj (.text)
                  2000a7c4    00000086                           : fd_cmp_t2.obj (.text:__aeabi_cdcmple)
                  2000a84a    00000086                           : fd_cmp_t2.obj (.text:__aeabi_cdrcmple)
                  2000a8d0    00000084     driverlib.a : i2c.obj (.text:I2CMasterInitExpClk)
                  2000a954    00000084     simplelink.a : wlan.obj (.text:sl_WlanRxFilterSet)
                  2000a9d8    00000080                  : socket.obj (.text:_sl_HandleAsync_Connect)
                  2000aa58    00000080                  : cc_pal.obj (.text:spi_Read_CPU)
                  2000aad8    00000080                  : cc_pal.obj (.text:spi_Write_CPU)
                  2000ab58    0000007a     rtsv7M4_T_le_eabi.lib : memset_t2.obj (.text)
                  2000abd2    00000002     --HOLE-- [fill = 0]
                  2000abd4    00000078     simplelink.a : cc_pal.obj (.text:spi_Close)
                  2000ac4c    00000076     driverlib.a : uart.obj (.text:UARTConfigSetExpClk)
                  2000acc2    00000002     --HOLE-- [fill = 0]
                  2000acc4    00000074     simplelink.a : nonos.obj (.text:_SlNonOsMainLoopTask)
                  2000ad38    00000070     rtsv7M4_T_le_eabi.lib : autoinit.obj (.text)
                  2000ada8    0000006e                           : fd_tos_t2.obj (.text)
                  2000ae16    00000002     --HOLE-- [fill = 0]
                  2000ae18    0000006c     simplelink.a : driver.obj (.text:_SlDrvCmdSend)
                  2000ae84    0000006c                  : netapp.obj (.text:_sl_NetAppSendTokenValue)
                  2000aef0    00000068     rtsv7M4_T_le_eabi.lib : copy_decompress_lzss.obj (.text:decompress:lzss)
                  2000af58    00000064     simplelink.a : nonos.obj (.text:_SlNonOsSpawn)
                  2000afbc    00000064                  : socket.obj (.text:_sl_HandleAsync_Accept)
                  2000b020    00000064                  : netapp.obj (.text:sl_NetAppMDNSUnRegisterService)
                  2000b084    00000064     driverlib.a : udma.obj (.text:uDMAChannelAttributeDisable)
                  2000b0e8    00000064                 : udma.obj (.text:uDMAChannelAttributeEnable)
                  2000b14c    00000060     rtsv7M4_T_le_eabi.lib : sprintf.obj (.text)
                  2000b1ac    00000060     simplelink.a : wlan.obj (.text:sl_WlanProfileDel)
                  2000b20c    00000060                  : wlan.obj (.text:sl_WlanSetMode)
                  2000b26c    0000005c     rtsv7M4_T_le_eabi.lib : s_frexp.obj (.text)
                  2000b2c8    00000058     driverlib.a : interrupt.obj (.text:IntPendClear)
                  2000b320    00000058                 : prcm.obj (.text:PRCMPeripheralReset)
                  2000b378    00000054                 : interrupt.obj (.text:IntPrioritySet)
                  2000b3cc    00000054     simplelink.a : driver.obj (.text:_SlDrvRxIrqHandler)
                  2000b420    00000054                  : socket.obj (.text:_sl_HandleAsync_Select)
                  2000b474    00000054     rtsv7M4_T_le_eabi.lib : exit.obj (.text)
                  2000b4c8    00000054                           : ltoa.obj (.text)
                  2000b51c    00000050     simplelink.a : device.obj (.text:_sl_HandleAsync_Stop)
                  2000b56c    0000004c     driverlib.a : spi.obj (.text:SPIIntEnable)
                  2000b5b8    0000004c                 : spi.obj (.text:SPIIntNumberGet)
                  2000b604    0000004c     simplelink.a : driver.obj (.text:_SlDrvProtectAsyncRespSetting)
                  2000b650    0000004c                  : socket.obj (.text:_sl_BuildAddress)
                  2000b69c    0000004c     rtsv7M4_T_le_eabi.lib : atoi.obj (.text)
                  2000b6e8    0000004c                           : cpy_tbl.obj (.text)
                  2000b734    0000004c     driverlib.a : udma.obj (.text:uDMAChannelAssign)
                  2000b780    00000048                 : spi.obj (.text:SPIIntClear)
                  2000b7c8    00000048     simplelink.a : driver.obj (.text:_SlDrvBasicCmd)
                  2000b810    00000048     rtsv7M4_T_le_eabi.lib : fd_toi_t2.obj (.text)
                  2000b858    00000044     driverlib.a : spi.obj (.text:SPIDmaMaskGet)
                  2000b89c    00000044                 : timer.obj (.text:TimerConfigure)
                  2000b8e0    00000044     simplelink.a : driver.obj (.text:_SlDrvSyncObjWaitTimeout)
                  2000b924    00000044                  : cc_pal.obj (.text:cc_SetupTransfer)
                  2000b968    00000042                  : socket.obj (.text:sl_Htonl)
                  2000b9aa    00000002     --HOLE-- [fill = 0]
                  2000b9ac    00000040     driverlib.a : pin.obj (.text:PinModeSet)
                  2000b9ec    00000040     simplelink.a : socket.obj (.text:_sl_TruncatePayloadByProtocol)
                  2000ba2c    00000040     rtsv7M4_T_le_eabi.lib : boot.obj (.text)
                  2000ba6c    0000003e     simplelink.a : cc_pal.obj (.text:NwpRegisterInterruptHandler)
                  2000baaa    0000003c                  : netapp.obj (.text:CopyPingResultsToReport)
                  2000bae6    00000002     --HOLE-- [fill = 0]
                  2000bae8    0000003c     driverlib.a : prcm.obj (.text:PRCMPeripheralClkEnable)
                  2000bb24    0000003c     simplelink.a : cc_pal.obj (.text:simplelink_timerA2_start)
                  2000bb60    0000003c                  : socket.obj (.text:sl_Htons)
                  2000bb9c    0000003c     driverlib.a : udma.obj (.text:uDMAChannelControlSet)
                  2000bbd8    00000038                 : adc.obj (.text:ADCChannelDisable)
                  2000bc10    00000038                 : adc.obj (.text:ADCChannelEnable)
                  2000bc48    00000038     simplelink.a : cc_pal.obj (.text:NwpPowerOff)
                  2000bc80    00000038     rtsv7M4_T_le_eabi.lib : fs_tod_t2.obj (.text)
                  2000bcb8    00000038     simplelink.a : wlan.obj (.text:sl_WlanDisconnect)
                  2000bcf0    00000034     driverlib.a : prcm.obj (.text:PRCMPeripheralStatusGet)
                  2000bd24    00000034                 : spi.obj (.text:SPIFIFOLevelSet)
                  2000bd58    00000030                 : uart.obj (.text:UARTDisable)
                  2000bd88    0000002e     rtsv7M4_T_le_eabi.lib : i_tofd_t2.obj (.text)
                  2000bdb6    0000002c     driverlib.a : i2c.obj (.text:I2CMasterErr)
                  2000bde2    00000002     --HOLE-- [fill = 0]
                  2000bde4    0000002c     simplelink.a : cc_pal.obj (.text:NwpPowerOn)
                  2000be10    0000002c     driverlib.a : prcm.obj (.text:PRCMSysResetCauseGet)
                  2000be3c    0000002c     simplelink.a : driver.obj (.text:_SlDrvObjGlobalLockWaitForever)
                  2000be68    0000002c                  : driver.obj (.text:_SlDrvProtectionObjLockWaitForever)
                  2000be94    0000002a     driverlib.a : timer.obj (.text:TimerLoadSet)
                  2000bebe    0000002a                 : timer.obj (.text:TimerPrescaleSet)
                  2000bee8    00000028                 : prcm.obj (.text:PRCMPeripheralClkDisable)
                  2000bf10    00000028     simplelink.a : driver.obj (.text:_SlDrvGlobalObjUnLock)
                  2000bf38    00000028                  : driver.obj (.text:_SlDrvProtectionObjUnLock)
                  2000bf60    00000028                  : driver.obj (.text:_SlDrvSyncObjWaitForever)
                  2000bf88    00000026                  : driver.obj (.text:_SlDrvObjLockWaitForever)
                  2000bfae    00000002     --HOLE-- [fill = 0]
                  2000bfb0    00000024                  : cc_pal.obj (.text:DmaSpiSwIntHandler)
                  2000bfd4    00000024     driverlib.a : interrupt.obj (.text:IntUnregister)
                  2000bff8    00000024                 : uart.obj (.text:UARTEnable)
                  2000c01c    00000024     rtsv7M4_T_le_eabi.lib : memmov.obj (.text)
                  2000c040    00000022     driverlib.a : adc.obj (.text:ADCTimerConfig)
                  2000c062    00000022                 : i2c.obj (.text:I2CMasterSlaveAddrSet)
                  2000c084    00000022                 : spi.obj (.text:SPIReset)
                  2000c0a6    00000022                 : spi.obj (.text:SPIWordCountSet)
                  2000c0c8    00000020                 : interrupt.obj (.text:IntRegister)
                  2000c0e8    00000020     simplelink.a : cc_pal.obj (.text:NwpPrePowerOffTimout0)
                  2000c108    00000020                  : cc_pal.obj (.text:TimerGetCurrentTimestamp)
                  2000c128    00000020                  : driver.obj (.text:_SlDrvObjUnLock)
                  2000c148    00000020                  : driver.obj (.text:_SlDrvSyncObjSignal)
                  2000c168    00000020     rtsv7M4_T_le_eabi.lib : u_tofd_t2.obj (.text)
                  2000c188    0000001e     driverlib.a : i2c.obj (.text:I2CMasterIntStatusEx)
                  2000c1a6    0000001e                 : timer.obj (.text:TimerEnable)
                  2000c1c4    0000001e                 : uart.obj (.text:UARTCharPut)
                  2000c1e2    0000001e     simplelink.a : cc_pal.obj (.text:cc_UDMAChannelSelect)
                  2000c200    0000001c     driverlib.a : adc.obj (.text:ADCFIFOLvlGet)
                  2000c21c    0000001c                 : pin.obj (.text:PinTypeI2C)
                  2000c238    0000001c                 : timer.obj (.text:TimerValueGet)
                  2000c254    0000001c                 : uart.obj (.text:UARTCharGetNonBlocking)
                  2000c270    0000001c     simplelink.a : driver.obj (.text:_SlDrvStartMeasureTimeout)
                  2000c28c    0000001c     rtsv7M4_T_le_eabi.lib : memccpy.obj (.text)
                  2000c2a8    0000001c     driverlib.a : udma.obj (.text:uDMAChannelEnable)
                  2000c2c4    0000001a                 : pin.obj (.text:PinTypeUART)
                  2000c2de    0000001a                 : spi.obj (.text:SPIDmaDisable)
                  2000c2f8    0000001a                 : spi.obj (.text:SPIDmaEnable)
                  2000c312    0000001a                 : spi.obj (.text:SPIFIFODisable)
                  2000c32c    0000001a                 : spi.obj (.text:SPIFIFOEnable)
                  2000c346    0000001a                 : spi.obj (.text:SPIIntUnregister)
                  2000c360    00000018                 : adc.obj (.text:ADCFIFORead)
                  2000c378    00000018                 : spi.obj (.text:SPICSDisable)
                  2000c390    00000018                 : spi.obj (.text:SPICSEnable)
                  2000c3a8    00000018                 : spi.obj (.text:SPIDisable)
                  2000c3c0    00000018                 : spi.obj (.text:SPIEnable)
                  2000c3d8    00000018                 : uart.obj (.text:UARTCharsAvail)
                  2000c3f0    00000018     simplelink.a : nonos.obj (.text:_SlNonOsSemSet)
                  2000c408    00000018                  : device.obj (.text:_sl_GetStartResponseConvert)
                  2000c420    00000018     rtsv7M4_T_le_eabi.lib : args_main.obj (.text)
                  2000c438    00000016     driverlib.a : adc.obj (.text:ADCTimerDisable)
                  2000c44e    00000016                 : adc.obj (.text:ADCTimerEnable)
                  2000c464    00000016                 : i2c.obj (.text:I2CMasterDataPut)
                  2000c47a    00000016                 : i2c.obj (.text:I2CMasterEnable)
                  2000c490    00000016                 : prcm.obj (.text:PRCMHIBRegRead)
                  2000c4a6    00000016                 : prcm.obj (.text:PRCMHIBRegWrite)
                  2000c4bc    00000016     simplelink.a : driver.obj (.text:_SlDrvMemZero)
                  2000c4d2    00000016     rtsv7M4_T_le_eabi.lib : strchr.obj (.text)
                  2000c4e8    00000014     driverlib.a : adc.obj (.text:ADCDisable)
                  2000c4fc    00000014                 : adc.obj (.text:ADCEnable)
                  2000c510    00000014                 : cpu.obj (.text:CPUcpsie)
                  2000c524    00000014                 : interrupt.obj (.text:IntVTableBaseSet)
                  2000c538    00000014                 : pin.obj (.text:PinTypeADC)
                  2000c54c    00000014     rtsv7M4_T_le_eabi.lib : _lock.obj (.text)
                  2000c560    00000014                           : strlen.obj (.text)
                  2000c574    00000012     driverlib.a : i2c.obj (.text:I2CMasterControl)
                  2000c586    00000012                 : i2c.obj (.text:I2CMasterIntClearEx)
                  2000c598    00000012                 : i2c.obj (.text:I2CMasterTimeoutSet)
                  2000c5aa    00000010     simplelink.a : driver.obj (.text:_SlDrvDispatchHttpServerEvents)
                  2000c5ba    0000000e     driverlib.a : i2c.obj (.text:I2CMasterDataGet)
                  2000c5c8    0000000e     simplelink.a : driver.obj (.text:_SlDrvResetCmdExt)
                  2000c5d6    0000000e     rtsv7M4_T_le_eabi.lib : copy_decompress_none.obj (.text:decompress:none)
                  2000c5e4    0000000e     startup_ccs.obj (.text)
                  2000c5f2    00000002     --HOLE-- [fill = 0]
                  2000c5f4    0000000c     simplelink.a : cc_pal.obj (.text:NwpMaskInterrupt)
                  2000c600    0000000c                  : cc_pal.obj (.text:NwpUnMaskInterrupt)
                  2000c60c    0000000c     rtsv7M4_T_le_eabi.lib : copy_zero_init.obj (.text:decompress:ZI)
                  2000c618    0000000a     driverlib.a : interrupt.obj (.text:IntMasterEnable)
                  2000c622    00000008     rtsv7M4_T_le_eabi.lib : s_copysign.obj (.text)
                  2000c62a    00000006     driverlib.a : utils.obj (.text:UtilsDelay)
                  2000c630    00000004     rtsv7M4_T_le_eabi.lib : pre_init.obj (.text)

.const     0    2000c634    00000610     
                  2000c634    00000101     rtsv7M4_T_le_eabi.lib : ctype.obj (.const:.string:_ctypes_)
                  2000c735    00000003     --HOLE-- [fill = 0]
                  2000c738    00000100     driverlib.a : pin.obj (.const:g_ulPinToPadMap)
                  2000c838    000000d4                 : interrupt.obj (.const:g_pulRegs)
                  2000c90c    000000a8                 : prcm.obj (.const:PRCM_PeriphRegsList)
                  2000c9b4    00000080                 : interrupt.obj (.const)
                  2000ca34    0000003c     simplelink.a : driver.obj (.const:OpcodeTranslateTable)
                  2000ca70    00000038                  : driver.obj (.const:_SlActionLookupTable)
                  2000caa8    0000002c     main.obj (.const:$P$T1$2)
                  2000cad4    00000024     driverlib.a : spi.obj (.const:g_ppulSPIIntMap)
                  2000caf8    00000022     main.obj (.const:.string:$P$T0$1)
                  2000cb1a    00000021     main.obj (.const:.string:$P$T5$6)
                  2000cb3b    00000001     --HOLE-- [fill = 0]
                  2000cb3c    00000020     simplelink.a : driver.obj (.const:RxMsgClassLUT)
                  2000cb5c    00000018     driverlib.a : spi.obj (.const)
                  2000cb74    00000014     simplelink.a : driver.obj (.const:$P$T0$1)
                  2000cb88    00000014                  : nonos.obj (.const:$P$T0$1)
                  2000cb9c    00000014     main.obj (.const:$P$T2$3)
                  2000cbb0    00000010     main.obj (.const:$P$T6$7)
                  2000cbc0    00000010     simplelink.a : socket.obj (.const:.string:_SlPayloadByProtocolLUT)
                  2000cbd0    0000000e     main.obj (.const:.string:$P$T4$5)
                  2000cbde    0000000c     main.obj (.const:.string:$P$T3$4)
                  2000cbea    0000000a     main.obj (.const)
                  2000cbf4    00000008     simplelink.a : device.obj (.const:StartResponseLUT)
                  2000cbfc    00000008                  : driver.obj (.const:g_H2NCnysPattern)
                  2000cc04    00000008                  : driver.obj (.const:g_H2NSyncPattern)
                  2000cc0c    00000004                  : socket.obj (.const:$P$T1$2)
                  2000cc10    00000004                  : device.obj (.const:_SlDeviceGetCmdCtrl)
                  2000cc14    00000004                  : netapp.obj (.const:_SlNetAppSendTokenValueCmdCtrl)
                  2000cc18    00000004                  : netcfg.obj (.const:_SlNetCfgGetCmdCtrl)
                  2000cc1c    00000004                  : netcfg.obj (.const:_SlNetCfgSetCmdCtrl)
                  2000cc20    00000004                  : wlan.obj (.const:_SlPolicySetCmdCtrl)
                  2000cc24    00000004                  : wlan.obj (.const:_SlProfileDelCmdCtrl)
                  2000cc28    00000004                  : netapp.obj (.const:_SlRegisterServiceCtrl)
                  2000cc2c    00000004                  : wlan.obj (.const:_SlRxFilterSetCmdCtrl)
                  2000cc30    00000004                  : socket.obj (.const:_SlSetSockOptCmdCtrl)
                  2000cc34    00000004                  : socket.obj (.const:_SlSockSocketCmdCtrl)
                  2000cc38    00000004                  : device.obj (.const:_SlStopCmdCtrl)
                  2000cc3c    00000004                  : wlan.obj (.const:_SlWlanCfgSetCmdCtrl)
                  2000cc40    00000004                  : wlan.obj (.const:_SlWlanSetModeCmdCtrl)

.cinit     0    2000cc48    00000058     
                  2000cc48    0000002e     (.cinit..data.load) [load image, compression = lzss]
                  2000cc76    00000002     --HOLE-- [fill = 0]
                  2000cc78    0000000c     (__TI_handler_table)
                  2000cc84    00000004     --HOLE-- [fill = 0]
                  2000cc88    00000008     (.cinit..bss.load) [load image, compression = zero_init]
                  2000cc90    00000010     (__TI_cinit_table)

.sysmem    0    20017000    00000800     UNINITIALIZED
                  20017000    00000008     rtsv7M4_T_le_eabi.lib : memory.obj (.sysmem)
                  20017008    000007f8     --HOLE--

.bss       0    20017800    00000299     UNINITIALIZED
                  20017800    00000168     simplelink.a : driver.obj (.bss:g_StatMem)
                  20017968    00000080     (.common:g_cBsdBuf)
                  200179e8    00000050     (.common:g_ucDinDout)
                  20017a38    0000000c     (.common:i2cbuf)
                  20017a44    00000004     uart_if.obj (.bss)
                  20017a48    00000008     (.common:xcumul)
                  20017a50    00000008     (.common:xerr)
                  20017a58    00000008     (.common:ycumul)
                  20017a60    00000008     (.common:yerr)
                  20017a68    00000008     (.common:zcumul)
                  20017a70    00000008     (.common:zerr)
                  20017a78    00000004     (.common:NODATA)
                  20017a7c    00000004     (.common:dataavailable)
                  20017a80    00000004     (.common:k)
                  20017a84    00000004     (.common:settingsbuf)
                  20017a88    00000004     (.common:xrate)
                  20017a8c    00000004     (.common:yrate)
                  20017a90    00000004     (.common:zrate)
                  20017a94    00000001     (.common:RxIrqCnt)
                  20017a95    00000001     (.common:drdy)
                  20017a96    00000001     (.common:g_bDeviceRestartIsRequired)
                  20017a97    00000001     (.common:g_cDummy)
                  20017a98    00000001     (.common:ucDHCP)

.data      0    20017a9c    000000a4     UNINITIALIZED
                  20017a9c    0000003c     simplelink.a : nonos.obj (.data:g__SlNonOsCB)
                  20017ad8    00000024     main.obj (.data)
                  20017afc    0000000d     simplelink.a : driver.obj (.data)
                  20017b09    00000003     --HOLE--
                  20017b0c    0000000c     rtsv7M4_T_le_eabi.lib : exit.obj (.data:$O1$$)
                  20017b18    0000000c                           : memory.obj (.data:$O1$$)
                  20017b24    00000009     simplelink.a : cc_pal.obj (.data)
                  20017b2d    00000003     --HOLE--
                  20017b30    00000008     rtsv7M4_T_le_eabi.lib : _lock.obj (.data:$O1$$)
                  20017b38    00000004                           : errno.obj (.data)
                  20017b3c    00000004                           : stkdepth_vars.obj (.data)

.stack     0    2002f800    00000800     UNINITIALIZED
                  2002f800    00000800     --HOLE--

MODULE SUMMARY

       Module                     code    ro data   rw data
       ------                     ----    -------   -------
    .\
       main.obj                   4428    183       254    
       startup_ccs.obj            14      1024      0      
       i2c_if.obj                 644     0         0      
       uart_if.obj                640     0         4      
       pin_mux_config.obj         220     0         0      
    +--+--------------------------+-------+---------+---------+
       Total:                     5946    1207      258    
                                                           
    C:/ti/CC3200SDK_1.3.0/cc3200-sdk/driverlib/ccs/Release/driverlib.a
       prcm.obj                   852     168       0      
       interrupt.obj              608     340       0      
       spi.obj                    798     60        0      
       udma.obj                   604     0         0      
       pin.obj                    274     256       0      
       i2c.obj                    352     0         0      
       uart.obj                   284     0         0      
       adc.obj                    282     0         0      
       timer.obj                  210     0         0      
       cpu.obj                    20      0         0      
       utils.obj                  6       0         0      
    +--+--------------------------+-------+---------+---------+
       Total:                     4290    824       0      
                                                           
    C:/ti/CC3200SDK_1.3.0/cc3200-sdk/simplelink/ccs/NON_OS/simplelink.a
       driver.obj                 7230    184       375    
       cc_pal.obj                 1820    0         90     
       netapp.obj                 1248    8         0      
       socket.obj                 1194    28        0      
       device.obj                 1078    16        0      
       wlan.obj                   676     20        0      
       nonos.obj                  416     20        60     
       netcfg.obj                 368     8         0      
    +--+--------------------------+-------+---------+---------+
       Total:                     14030   284       525    
                                                           
    C:\ti\ccsv7\tools\compiler\ti-cgt-arm_16.9.4.LTS\lib\rtsv7M4_T_le_eabi.lib
       _printfi.obj               4386    0         0      
       memory.obj                 976     0         12     
       ull_div_t2.obj             500     0         0      
       fd_add_t2.obj              438     0         0      
       fd_div_t2.obj              310     0         0      
       fd_cmp_t2.obj              268     0         0      
       ctype.obj                  0       257       0      
       fd_mul_t2.obj              252     0         0      
       s_scalbn.obj               208     0         0      
       memcpy_t2.obj              156     0         0      
       vsnprintf.obj              136     0         0      
       memset_t2.obj              122     0         0      
       autoinit.obj               112     0         0      
       fd_tos_t2.obj              110     0         0      
       copy_decompress_lzss.obj   104     0         0      
       exit.obj                   84      0         12     
       sprintf.obj                96      0         0      
       s_frexp.obj                92      0         0      
       ltoa.obj                   84      0         0      
       atoi.obj                   76      0         0      
       cpy_tbl.obj                76      0         0      
       fd_toi_t2.obj              72      0         0      
       boot.obj                   64      0         0      
       fs_tod_t2.obj              56      0         0      
       i_tofd_t2.obj              46      0         0      
       memmov.obj                 36      0         0      
       u_tofd_t2.obj              32      0         0      
       _lock.obj                  20      0         8      
       memccpy.obj                28      0         0      
       args_main.obj              24      0         0      
       strchr.obj                 22      0         0      
       strlen.obj                 20      0         0      
       copy_decompress_none.obj   14      0         0      
       copy_zero_init.obj         12      0         0      
       s_copysign.obj             8       0         0      
       errno.obj                  0       0         4      
       pre_init.obj               4       0         0      
       stkdepth_vars.obj          0       0         4      
       mpu_init.obj               2       0         0      
       startup.obj                2       0         0      
    +--+--------------------------+-------+---------+---------+
       Total:                     9048    257       40     
                                                           
       Heap:                      0       0         2048   
       Stack:                     0       0         2048   
       Linker Generated:          0       82        0      
    +--+--------------------------+-------+---------+---------+
       Grand Total:               33314   2654      4919   


LINKER GENERATED COPY TABLES

__TI_cinit_table @ 2000cc90 records: 2, size/record: 8, table size: 16
	.data: load addr=2000cc48, load size=0000002e bytes, run addr=20017a9c, run size=000000a4 bytes, compression=lzss
	.bss: load addr=2000cc88, load size=00000008 bytes, run addr=20017800, run size=00000299 bytes, compression=zero_init


LINKER GENERATED HANDLER TABLE

__TI_handler_table @ 2000cc78 records: 3, size/record: 4, table size: 12
	index: 0, handler: __TI_decompress_lzss
	index: 1, handler: __TI_decompress_none
	index: 2, handler: __TI_zero_init


GLOBAL SYMBOLS: SORTED ALPHABETICALLY BY Name 

address   name                                  
-------   ----                                  
2000bbd9  ADCChannelDisable                     
2000bc11  ADCChannelEnable                      
2000c4e9  ADCDisable                            
2000c4fd  ADCEnable                             
2000c201  ADCFIFOLvlGet                         
2000c361  ADCFIFORead                           
2000c041  ADCTimerConfig                        
2000c439  ADCTimerDisable                       
2000c44f  ADCTimerEnable                        
2000b475  C$$EXIT                               
2000c511  CPUcpsie                              
20007295  ClearTerm                             
20017ae8  DestIp                                
2000bfb1  DmaSpiSwIntHandler                    
2000729f  Error                                 
2000cbee  GYRO_DPLF_ADDR                        
2000cbef  GYRO_DPLF_CONF                        
200072d7  GetCmd                                
2000c575  I2CMasterControl                      
2000c5bb  I2CMasterDataGet                      
2000c465  I2CMasterDataPut                      
2000c47b  I2CMasterEnable                       
2000bdb7  I2CMasterErr                          
2000a8d1  I2CMasterInitExpClk                   
2000c587  I2CMasterIntClearEx                   
2000c189  I2CMasterIntStatusEx                  
2000c063  I2CMasterSlaveAddrSet                 
2000c599  I2CMasterTimeoutSet                   
2000723f  I2C_IF_Close                          
200071f7  I2C_IF_Open                           
200070f5  I2C_IF_Read                           
200071b1  I2C_IF_ReadFrom                       
20007045  I2C_IF_Write                          
2000cbf0  INT_CONF_ADDR                         
2000cbf1  INT_CONF_CONF                         
2000cbf2  INT_STATUS_ADDR                       
20007255  InitTerm                              
20009b89  IntDisable                            
20009c31  IntEnable                             
2000c619  IntMasterEnable                       
2000b2c9  IntPendClear                          
2000b379  IntPrioritySet                        
2000c0c9  IntRegister                           
2000bfd5  IntUnregister                         
2000c525  IntVTableBaseSet                      
20007273  Message                               
20017a78  NODATA                                
2000c5f5  NwpMaskInterrupt                      
2000bc49  NwpPowerOff                           
2000bde5  NwpPowerOn                            
2000c0e9  NwpPrePowerOffTimout0                 
2000ba6d  NwpRegisterInterruptHandler           
2000c601  NwpUnMaskInterrupt                    
2000ca34  OpcodeTranslateTable                  
2000817d  PRCMCC3200MCUInit                     
2000c491  PRCMHIBRegRead                        
2000c4a7  PRCMHIBRegWrite                       
2000bee9  PRCMPeripheralClkDisable              
2000bae9  PRCMPeripheralClkEnable               
2000a1b5  PRCMPeripheralClockGet                
2000b321  PRCMPeripheralReset                   
2000bcf1  PRCMPeripheralStatusGet               
2000be11  PRCMSysResetCauseGet                  
2000a6b5  PinConfigSet                          
2000b9ad  PinModeSet                            
20009539  PinMuxConfig                          
2000c539  PinTypeADC                            
2000c21d  PinTypeI2C                            
2000c2c5  PinTypeUART                           
20007415  Report                                
2000c5e5  ResetISR                              
20017a94  RxIrqCnt                              
UNDEFED   SHT$$INIT_ARRAY$$Base                 
UNDEFED   SHT$$INIT_ARRAY$$Limit                
2000cbec  SMPLRT_DIV_addr                       
2000cbed  SMPLRT_DIV_conf                       
2000c379  SPICSDisable                          
2000c391  SPICSEnable                           
20009d7d  SPIConfigSetExpClk                    
2000c3a9  SPIDisable                            
2000c2df  SPIDmaDisable                         
2000c2f9  SPIDmaEnable                          
2000c3c1  SPIEnable                             
2000c313  SPIFIFODisable                        
2000c32d  SPIFIFOEnable                         
2000bd25  SPIFIFOLevelSet                       
2000b781  SPIIntClear                           
2000b56d  SPIIntEnable                          
2000c347  SPIIntUnregister                      
2000c085  SPIReset                              
2000c0a7  SPIWordCountSet                       
2000464d  SimpleLinkGeneralEventHandler         
20004641  SimpleLinkHttpServerCallback          
20004511  SimpleLinkNetAppEventHandler          
200046bd  SimpleLinkPingReport                  
20004675  SimpleLinkSockEventHandler            
20004475  SimpleLinkWlanEventHandler            
2000b89d  TimerConfigure                        
2000c1a7  TimerEnable                           
2000c109  TimerGetCurrentTimestamp              
2000be95  TimerLoadSet                          
2000bebf  TimerPrescaleSet                      
2000c239  TimerValueGet                         
2000737d  TrimSpace                             
2000c255  UARTCharGetNonBlocking                
2000c1c5  UARTCharPut                           
2000c3d9  UARTCharsAvail                        
2000ac4d  UARTConfigSetExpClk                   
2000bd59  UARTDisable                           
2000bff9  UARTEnable                            
20004d19  UDPTRANSMIT                           
2000c62b  UtilsDelay                            
2000cbeb  WHO_AM_I                              
2000ca70  _SlActionLookupTable                  
20009cd9  _SlDriverHandleError                  
2000b7c9  _SlDrvBasicCmd                        
20009a19  _SlDrvCmdOp                           
2000ae19  _SlDrvCmdSend                         
20008465  _SlDrvDataWriteOp                     
20009eb9  _SlDrvDeviceEventHandler              
2000c5ab  _SlDrvDispatchHttpServerEvents        
20008abd  _SlDrvDriverCBDeinit                  
20007c9d  _SlDrvDriverCBInit                    
2000bf11  _SlDrvGlobalObjUnLock                 
2000a511  _SlDrvIsTimeoutExpired                
2000c4bd  _SlDrvMemZero                         
20009291  _SlDrvMsgReadSpawnCtx                 
20008bed  _SlDrvNetAppEventHandler              
2000bf89  _SlDrvObjLockWaitForever              
2000c129  _SlDrvObjUnLock                       
2000b605  _SlDrvProtectAsyncRespSetting         
2000be69  _SlDrvProtectionObjLockWaitForever    
2000bf39  _SlDrvProtectionObjUnLock             
20007915  _SlDrvReleasePoolObj                  
2000c5c9  _SlDrvResetCmdExt                     
2000b3cd  _SlDrvRxIrqHandler                    
2000c271  _SlDrvStartMeasureTimeout             
2000c149  _SlDrvSyncObjSignal                   
2000bf61  _SlDrvSyncObjWaitForever              
2000b8e1  _SlDrvSyncObjWaitTimeout              
20007fed  _SlDrvWaitForPoolObj                  
2000cc14  _SlNetAppSendTokenValueCmdCtrl        
2000acc5  _SlNonOsMainLoopTask                  
20009ad9  _SlNonOsSemGet                        
2000c3f1  _SlNonOsSemSet                        
2000af59  _SlNonOsSpawn                         
20030000  __STACK_END                           
00000800  __STACK_SIZE                          
00000800  __SYSMEM_SIZE                         
2000cc90  __TI_CINIT_Base                       
2000cca0  __TI_CINIT_Limit                      
2000cc78  __TI_Handler_Table_Base               
2000cc84  __TI_Handler_Table_Limit              
2000ad39  __TI_auto_init                        
20017b0c  __TI_cleanup_ptr                      
2000aef1  __TI_decompress_lzss                  
2000c5d7  __TI_decompress_none                  
20017b10  __TI_dtors_ptr                        
20017b14  __TI_enable_exit_profile_output       
ffffffff  __TI_pprof_out_hndl                   
20005d85  __TI_printfi                          
ffffffff  __TI_prof_data_size                   
ffffffff  __TI_prof_data_start                  
2000cc48  __TI_static_base__                    
2000c60d  __TI_zero_init                        
2000a7c5  __aeabi_cdcmpeq                       
2000a7c5  __aeabi_cdcmple                       
2000a84b  __aeabi_cdrcmple                      
2000ada9  __aeabi_d2f                           
2000b811  __aeabi_d2iz                          
20007aef  __aeabi_dadd                          
20008985  __aeabi_ddiv                          
20008cf1  __aeabi_dmul                          
20007ae5  __aeabi_dsub                          
2000bc81  __aeabi_f2d                           
2000bd89  __aeabi_i2d                           
2000ab59  __aeabi_memclr                        
2000ab59  __aeabi_memclr4                       
2000ab59  __aeabi_memclr8                       
20009e1d  __aeabi_memcpy                        
20009e1d  __aeabi_memcpy4                       
20009e1d  __aeabi_memcpy8                       
2000ab5b  __aeabi_memset                        
2000ab5b  __aeabi_memset4                       
2000ab5b  __aeabi_memset8                       
2000c169  __aeabi_ui2d                          
20007721  __aeabi_uldivmod                      
ffffffff  __binit__                             
ffffffff  __c_args__                            
20007c9b  __mpu_init                            
2002f800  __stack                               
2000c421  _args_main                            
2000ba2d  _c_int00                              
2000c634  _ctypes_                              
20017b30  _lock                                 
2000c55b  _nop                                  
2000c553  _register_lock                        
2000c54d  _register_unlock                      
2000afbd  _sl_HandleAsync_Accept                
2000a9d9  _sl_HandleAsync_Connect               
2000a249  _sl_HandleAsync_DnsGetHostByName      
200097bd  _sl_HandleAsync_DnsGetHostByService   
2000a59d  _sl_HandleAsync_InitComplete          
2000a2d9  _sl_HandleAsync_PingResponse          
2000b421  _sl_HandleAsync_Select                
2000b51d  _sl_HandleAsync_Stop                  
2000ae85  _sl_NetAppSendTokenValue              
20017000  _sys_memory                           
20008abb  _system_post_cinit                    
2000c631  _system_pre_init                      
20017b34  _unlock                               
2000b479  abort                                 
2000b69d  atoi                                  
ffffffff  binit                                 
20006fa1  calloc                                
2000b6e9  copy_in                               
2000c623  copysign                              
2000c623  copysignl                             
20017a7c  dataavailable                         
20017a95  drdy                                  
20017b38  errno                                 
2000b481  exit                                  
20006ceb  free                                  
2000b26d  frexp                                 
2000b26d  frexpl                                
20017afc  g_SlDeviceStatus                      
20017b24  g_SpiFd                               
20017a9c  g__SlNonOsCB                          
20017a96  g_bDeviceRestartIsRequired            
20017968  g_cBsdBuf                             
20017a97  g_cDummy                              
20017b00  g_pCB                                 
20017b28  g_pHostIntHdl                         
20004000  g_pfnVectors                          
20017b2c  g_ucDMAEnabled                        
200179e8  g_ucDinDout                           
20017ae4  g_uiGatewayIP                         
20017af0  g_uiPortNum                           
20017aec  g_ulDestinationIp                     
20017af4  g_ulIpAddr                            
20017ae0  g_ulPingPacketsRecv                   
20017adc  g_ulStaIp                             
20017ad8  g_ulStatus                            
2000cbf3  gyro_x_h                              
20017a38  i2cbuf                                
2000cbea  itg3205addr                           
20017a80  k                                     
20017af8  lRetVal                               
200096ed  ldexp                                 
200096ed  ldexpl                                
2000b4c9  ltoa                                  
20005089  main                                  
20017b3c  main_func_sp                          
20006c81  malloc                                
20006eb5  memalign                              
2000c28d  memccpy                               
20009e1d  memcpy                                
2000c01d  memmove                               
2000ab61  memset                                
20006c01  minit                                 
20017b04  pPingCallBackFunc                     
20004401  readADC                               
20006dad  realloc                               
200096ed  scalbn                                
200096ed  scalbnl                               
20017a84  settingsbuf                           
2000bb25  simplelink_timerA2_start              
20009889  sl_DevGet                             
2000b969  sl_Htonl                              
2000bb61  sl_Htons                              
20009379  sl_NetAppMDNSRegisterUnregisterService
2000b021  sl_NetAppMDNSUnRegisterService        
20009615  sl_NetCfgGet                          
20009f55  sl_NetCfgSet                          
20008841  sl_SendTo                             
20009fed  sl_SetSockOpt                         
2000a629  sl_Socket                             
200090bd  sl_Start                              
20008ded  sl_Stop                               
2000bcb9  sl_WlanDisconnect                     
2000a369  sl_WlanPolicySet                      
2000b1ad  sl_WlanProfileDel                     
2000a955  sl_WlanRxFilterSet                    
2000a085  sl_WlanSet                            
2000b20d  sl_WlanSetMode                        
2000abd5  spi_Close                             
200085b5  spi_Open                              
20008edd  spi_Read                              
2000a11d  spi_Write                             
2000b14d  sprintf                               
2000c4d3  strchr                                
2000c561  strlen                                
20004e79  tdif                                  
2000b735  uDMAChannelAssign                     
2000b085  uDMAChannelAttributeDisable           
2000b0e9  uDMAChannelAttributeEnable            
2000bb9d  uDMAChannelControlSet                 
2000c2a9  uDMAChannelEnable                     
20008fcd  uDMAChannelTransferSet                
20017a98  ucDHCP                                
2000a73d  vsnprintf                             
20017a48  xcumul                                
20017a50  xerr                                  
20017a88  xrate                                 
20017a58  ycumul                                
20017a60  yerr                                  
20017a8c  yrate                                 
20017a68  zcumul                                
20017a70  zerr                                  
20017a90  zrate                                 


GLOBAL SYMBOLS: SORTED BY Symbol Address 

address   name                                  
-------   ----                                  
00000800  __STACK_SIZE                          
00000800  __SYSMEM_SIZE                         
20004000  g_pfnVectors                          
20004401  readADC                               
20004475  SimpleLinkWlanEventHandler            
20004511  SimpleLinkNetAppEventHandler          
20004641  SimpleLinkHttpServerCallback          
2000464d  SimpleLinkGeneralEventHandler         
20004675  SimpleLinkSockEventHandler            
200046bd  SimpleLinkPingReport                  
20004d19  UDPTRANSMIT                           
20004e79  tdif                                  
20005089  main                                  
20005d85  __TI_printfi                          
20006c01  minit                                 
20006c81  malloc                                
20006ceb  free                                  
20006dad  realloc                               
20006eb5  memalign                              
20006fa1  calloc                                
20007045  I2C_IF_Write                          
200070f5  I2C_IF_Read                           
200071b1  I2C_IF_ReadFrom                       
200071f7  I2C_IF_Open                           
2000723f  I2C_IF_Close                          
20007255  InitTerm                              
20007273  Message                               
20007295  ClearTerm                             
2000729f  Error                                 
200072d7  GetCmd                                
2000737d  TrimSpace                             
20007415  Report                                
20007721  __aeabi_uldivmod                      
20007915  _SlDrvReleasePoolObj                  
20007ae5  __aeabi_dsub                          
20007aef  __aeabi_dadd                          
20007c9b  __mpu_init                            
20007c9d  _SlDrvDriverCBInit                    
20007fed  _SlDrvWaitForPoolObj                  
2000817d  PRCMCC3200MCUInit                     
20008465  _SlDrvDataWriteOp                     
200085b5  spi_Open                              
20008841  sl_SendTo                             
20008985  __aeabi_ddiv                          
20008abb  _system_post_cinit                    
20008abd  _SlDrvDriverCBDeinit                  
20008bed  _SlDrvNetAppEventHandler              
20008cf1  __aeabi_dmul                          
20008ded  sl_Stop                               
20008edd  spi_Read                              
20008fcd  uDMAChannelTransferSet                
200090bd  sl_Start                              
20009291  _SlDrvMsgReadSpawnCtx                 
20009379  sl_NetAppMDNSRegisterUnregisterService
20009539  PinMuxConfig                          
20009615  sl_NetCfgGet                          
200096ed  ldexp                                 
200096ed  ldexpl                                
200096ed  scalbn                                
200096ed  scalbnl                               
200097bd  _sl_HandleAsync_DnsGetHostByService   
20009889  sl_DevGet                             
20009a19  _SlDrvCmdOp                           
20009ad9  _SlNonOsSemGet                        
20009b89  IntDisable                            
20009c31  IntEnable                             
20009cd9  _SlDriverHandleError                  
20009d7d  SPIConfigSetExpClk                    
20009e1d  __aeabi_memcpy                        
20009e1d  __aeabi_memcpy4                       
20009e1d  __aeabi_memcpy8                       
20009e1d  memcpy                                
20009eb9  _SlDrvDeviceEventHandler              
20009f55  sl_NetCfgSet                          
20009fed  sl_SetSockOpt                         
2000a085  sl_WlanSet                            
2000a11d  spi_Write                             
2000a1b5  PRCMPeripheralClockGet                
2000a249  _sl_HandleAsync_DnsGetHostByName      
2000a2d9  _sl_HandleAsync_PingResponse          
2000a369  sl_WlanPolicySet                      
2000a511  _SlDrvIsTimeoutExpired                
2000a59d  _sl_HandleAsync_InitComplete          
2000a629  sl_Socket                             
2000a6b5  PinConfigSet                          
2000a73d  vsnprintf                             
2000a7c5  __aeabi_cdcmpeq                       
2000a7c5  __aeabi_cdcmple                       
2000a84b  __aeabi_cdrcmple                      
2000a8d1  I2CMasterInitExpClk                   
2000a955  sl_WlanRxFilterSet                    
2000a9d9  _sl_HandleAsync_Connect               
2000ab59  __aeabi_memclr                        
2000ab59  __aeabi_memclr4                       
2000ab59  __aeabi_memclr8                       
2000ab5b  __aeabi_memset                        
2000ab5b  __aeabi_memset4                       
2000ab5b  __aeabi_memset8                       
2000ab61  memset                                
2000abd5  spi_Close                             
2000ac4d  UARTConfigSetExpClk                   
2000acc5  _SlNonOsMainLoopTask                  
2000ad39  __TI_auto_init                        
2000ada9  __aeabi_d2f                           
2000ae19  _SlDrvCmdSend                         
2000ae85  _sl_NetAppSendTokenValue              
2000aef1  __TI_decompress_lzss                  
2000af59  _SlNonOsSpawn                         
2000afbd  _sl_HandleAsync_Accept                
2000b021  sl_NetAppMDNSUnRegisterService        
2000b085  uDMAChannelAttributeDisable           
2000b0e9  uDMAChannelAttributeEnable            
2000b14d  sprintf                               
2000b1ad  sl_WlanProfileDel                     
2000b20d  sl_WlanSetMode                        
2000b26d  frexp                                 
2000b26d  frexpl                                
2000b2c9  IntPendClear                          
2000b321  PRCMPeripheralReset                   
2000b379  IntPrioritySet                        
2000b3cd  _SlDrvRxIrqHandler                    
2000b421  _sl_HandleAsync_Select                
2000b475  C$$EXIT                               
2000b479  abort                                 
2000b481  exit                                  
2000b4c9  ltoa                                  
2000b51d  _sl_HandleAsync_Stop                  
2000b56d  SPIIntEnable                          
2000b605  _SlDrvProtectAsyncRespSetting         
2000b69d  atoi                                  
2000b6e9  copy_in                               
2000b735  uDMAChannelAssign                     
2000b781  SPIIntClear                           
2000b7c9  _SlDrvBasicCmd                        
2000b811  __aeabi_d2iz                          
2000b89d  TimerConfigure                        
2000b8e1  _SlDrvSyncObjWaitTimeout              
2000b969  sl_Htonl                              
2000b9ad  PinModeSet                            
2000ba2d  _c_int00                              
2000ba6d  NwpRegisterInterruptHandler           
2000bae9  PRCMPeripheralClkEnable               
2000bb25  simplelink_timerA2_start              
2000bb61  sl_Htons                              
2000bb9d  uDMAChannelControlSet                 
2000bbd9  ADCChannelDisable                     
2000bc11  ADCChannelEnable                      
2000bc49  NwpPowerOff                           
2000bc81  __aeabi_f2d                           
2000bcb9  sl_WlanDisconnect                     
2000bcf1  PRCMPeripheralStatusGet               
2000bd25  SPIFIFOLevelSet                       
2000bd59  UARTDisable                           
2000bd89  __aeabi_i2d                           
2000bdb7  I2CMasterErr                          
2000bde5  NwpPowerOn                            
2000be11  PRCMSysResetCauseGet                  
2000be69  _SlDrvProtectionObjLockWaitForever    
2000be95  TimerLoadSet                          
2000bebf  TimerPrescaleSet                      
2000bee9  PRCMPeripheralClkDisable              
2000bf11  _SlDrvGlobalObjUnLock                 
2000bf39  _SlDrvProtectionObjUnLock             
2000bf61  _SlDrvSyncObjWaitForever              
2000bf89  _SlDrvObjLockWaitForever              
2000bfb1  DmaSpiSwIntHandler                    
2000bfd5  IntUnregister                         
2000bff9  UARTEnable                            
2000c01d  memmove                               
2000c041  ADCTimerConfig                        
2000c063  I2CMasterSlaveAddrSet                 
2000c085  SPIReset                              
2000c0a7  SPIWordCountSet                       
2000c0c9  IntRegister                           
2000c0e9  NwpPrePowerOffTimout0                 
2000c109  TimerGetCurrentTimestamp              
2000c129  _SlDrvObjUnLock                       
2000c149  _SlDrvSyncObjSignal                   
2000c169  __aeabi_ui2d                          
2000c189  I2CMasterIntStatusEx                  
2000c1a7  TimerEnable                           
2000c1c5  UARTCharPut                           
2000c201  ADCFIFOLvlGet                         
2000c21d  PinTypeI2C                            
2000c239  TimerValueGet                         
2000c255  UARTCharGetNonBlocking                
2000c271  _SlDrvStartMeasureTimeout             
2000c28d  memccpy                               
2000c2a9  uDMAChannelEnable                     
2000c2c5  PinTypeUART                           
2000c2df  SPIDmaDisable                         
2000c2f9  SPIDmaEnable                          
2000c313  SPIFIFODisable                        
2000c32d  SPIFIFOEnable                         
2000c347  SPIIntUnregister                      
2000c361  ADCFIFORead                           
2000c379  SPICSDisable                          
2000c391  SPICSEnable                           
2000c3a9  SPIDisable                            
2000c3c1  SPIEnable                             
2000c3d9  UARTCharsAvail                        
2000c3f1  _SlNonOsSemSet                        
2000c421  _args_main                            
2000c439  ADCTimerDisable                       
2000c44f  ADCTimerEnable                        
2000c465  I2CMasterDataPut                      
2000c47b  I2CMasterEnable                       
2000c491  PRCMHIBRegRead                        
2000c4a7  PRCMHIBRegWrite                       
2000c4bd  _SlDrvMemZero                         
2000c4d3  strchr                                
2000c4e9  ADCDisable                            
2000c4fd  ADCEnable                             
2000c511  CPUcpsie                              
2000c525  IntVTableBaseSet                      
2000c539  PinTypeADC                            
2000c54d  _register_unlock                      
2000c553  _register_lock                        
2000c55b  _nop                                  
2000c561  strlen                                
2000c575  I2CMasterControl                      
2000c587  I2CMasterIntClearEx                   
2000c599  I2CMasterTimeoutSet                   
2000c5ab  _SlDrvDispatchHttpServerEvents        
2000c5bb  I2CMasterDataGet                      
2000c5c9  _SlDrvResetCmdExt                     
2000c5d7  __TI_decompress_none                  
2000c5e5  ResetISR                              
2000c5f5  NwpMaskInterrupt                      
2000c601  NwpUnMaskInterrupt                    
2000c60d  __TI_zero_init                        
2000c619  IntMasterEnable                       
2000c623  copysign                              
2000c623  copysignl                             
2000c62b  UtilsDelay                            
2000c631  _system_pre_init                      
2000c634  _ctypes_                              
2000ca34  OpcodeTranslateTable                  
2000ca70  _SlActionLookupTable                  
2000cbea  itg3205addr                           
2000cbeb  WHO_AM_I                              
2000cbec  SMPLRT_DIV_addr                       
2000cbed  SMPLRT_DIV_conf                       
2000cbee  GYRO_DPLF_ADDR                        
2000cbef  GYRO_DPLF_CONF                        
2000cbf0  INT_CONF_ADDR                         
2000cbf1  INT_CONF_CONF                         
2000cbf2  INT_STATUS_ADDR                       
2000cbf3  gyro_x_h                              
2000cc14  _SlNetAppSendTokenValueCmdCtrl        
2000cc48  __TI_static_base__                    
2000cc78  __TI_Handler_Table_Base               
2000cc84  __TI_Handler_Table_Limit              
2000cc90  __TI_CINIT_Base                       
2000cca0  __TI_CINIT_Limit                      
20017000  _sys_memory                           
20017968  g_cBsdBuf                             
200179e8  g_ucDinDout                           
20017a38  i2cbuf                                
20017a48  xcumul                                
20017a50  xerr                                  
20017a58  ycumul                                
20017a60  yerr                                  
20017a68  zcumul                                
20017a70  zerr                                  
20017a78  NODATA                                
20017a7c  dataavailable                         
20017a80  k                                     
20017a84  settingsbuf                           
20017a88  xrate                                 
20017a8c  yrate                                 
20017a90  zrate                                 
20017a94  RxIrqCnt                              
20017a95  drdy                                  
20017a96  g_bDeviceRestartIsRequired            
20017a97  g_cDummy                              
20017a98  ucDHCP                                
20017a9c  g__SlNonOsCB                          
20017ad8  g_ulStatus                            
20017adc  g_ulStaIp                             
20017ae0  g_ulPingPacketsRecv                   
20017ae4  g_uiGatewayIP                         
20017ae8  DestIp                                
20017aec  g_ulDestinationIp                     
20017af0  g_uiPortNum                           
20017af4  g_ulIpAddr                            
20017af8  lRetVal                               
20017afc  g_SlDeviceStatus                      
20017b00  g_pCB                                 
20017b04  pPingCallBackFunc                     
20017b0c  __TI_cleanup_ptr                      
20017b10  __TI_dtors_ptr                        
20017b14  __TI_enable_exit_profile_output       
20017b24  g_SpiFd                               
20017b28  g_pHostIntHdl                         
20017b2c  g_ucDMAEnabled                        
20017b30  _lock                                 
20017b34  _unlock                               
20017b38  errno                                 
20017b3c  main_func_sp                          
2002f800  __stack                               
20030000  __STACK_END                           
ffffffff  __TI_pprof_out_hndl                   
ffffffff  __TI_prof_data_size                   
ffffffff  __TI_prof_data_start                  
ffffffff  __binit__                             
ffffffff  __c_args__                            
ffffffff  binit                                 
UNDEFED   SHT$$INIT_ARRAY$$Base                 
UNDEFED   SHT$$INIT_ARRAY$$Limit                

[310 symbols]
